This is XeTeX, Version 3.141592653-2.6-0.999993 (TeX Live 2022/dev/Debian) (preloaded format=xelatex 2025.12.10)  18 DEC 2025 06:08
entering extended mode
 \write18 enabled.
 file:line:error style messages enabled.
 %&-line parsing enabled.
**map_descriptive_analysis.tex
(./map_descriptive_analysis.tex
LaTeX2e <2021-11-15> patch level 1
L3 programming layer <2022-01-21> (/usr/share/texlive/texmf-dist/tex/latex/base
/article.cls
Document Class: article 2021/10/04 v1.4n Standard LaTeX document class
(/usr/share/texlive/texmf-dist/tex/latex/base/size10.clo
File: size10.clo 2021/10/04 v1.4n Standard LaTeX file (size option)
)
\c@part=\count181
\c@section=\count182
\c@subsection=\count183
\c@subsubsection=\count184
\c@paragraph=\count185
\c@subparagraph=\count186
\c@figure=\count187
\c@table=\count188
\abovecaptionskip=\skip47
\belowcaptionskip=\skip48
\bibindent=\dimen138
) (/usr/share/texlive/texmf-dist/tex/latex/hyperref/hyperref.sty
Package: hyperref 2021-06-07 v7.00m Hypertext links for LaTeX
(/usr/share/texlive/texmf-dist/tex/generic/ltxcmds/ltxcmds.sty
Package: ltxcmds 2020-05-10 v1.25 LaTeX kernel commands for general use (HO)
) (/usr/share/texlive/texmf-dist/tex/generic/iftex/iftex.sty
Package: iftex 2020/03/06 v1.0d TeX engine tests
) (/usr/share/texlive/texmf-dist/tex/generic/pdftexcmds/pdftexcmds.sty
Package: pdftexcmds 2020-06-27 v0.33 Utility functions of pdfTeX for LuaTeX (HO
)
(/usr/share/texlive/texmf-dist/tex/generic/infwarerr/infwarerr.sty
Package: infwarerr 2019/12/03 v1.5 Providing info/warning/error messages (HO)
)
Package pdftexcmds Info: \pdf@primitive is available.
Package pdftexcmds Info: \pdf@ifprimitive is available.
Package pdftexcmds Info: \pdfdraftmode not found.
) (/usr/share/texlive/texmf-dist/tex/latex/graphics/keyval.sty
Package: keyval 2014/10/28 v1.15 key=value parser (DPC)
\KV@toks@=\toks16
) (/usr/share/texlive/texmf-dist/tex/generic/kvsetkeys/kvsetkeys.sty
Package: kvsetkeys 2019/12/15 v1.18 Key value parser (HO)
) (/usr/share/texlive/texmf-dist/tex/generic/kvdefinekeys/kvdefinekeys.sty
Package: kvdefinekeys 2019-12-19 v1.6 Define keys (HO)
) (/usr/share/texlive/texmf-dist/tex/generic/pdfescape/pdfescape.sty
Package: pdfescape 2019/12/09 v1.15 Implements pdfTeX's escape features (HO)
) (/usr/share/texlive/texmf-dist/tex/latex/hycolor/hycolor.sty
Package: hycolor 2020-01-27 v1.10 Color options for hyperref/bookmark (HO)
) (/usr/share/texlive/texmf-dist/tex/latex/letltxmacro/letltxmacro.sty
Package: letltxmacro 2019/12/03 v1.6 Let assignment for LaTeX macros (HO)
) (/usr/share/texlive/texmf-dist/tex/latex/auxhook/auxhook.sty
Package: auxhook 2019-12-17 v1.6 Hooks for auxiliary files (HO)
) (/usr/share/texlive/texmf-dist/tex/latex/kvoptions/kvoptions.sty
Package: kvoptions 2020-10-07 v3.14 Key value format for package options (HO)
)
\@linkdim=\dimen139
\Hy@linkcounter=\count189
\Hy@pagecounter=\count190
(/usr/share/texlive/texmf-dist/tex/latex/hyperref/pd1enc.def
File: pd1enc.def 2021-06-07 v7.00m Hyperref: PDFDocEncoding definition (HO)
) (/usr/share/texlive/texmf-dist/tex/latex/hyperref/hyperref-langpatches.def
File: hyperref-langpatches.def 2021-06-07 v7.00m Hyperref: patches for babel la
nguages
) (/usr/share/texlive/texmf-dist/tex/generic/intcalc/intcalc.sty
Package: intcalc 2019/12/15 v1.3 Expandable calculations with integers (HO)
) (/usr/share/texlive/texmf-dist/tex/generic/etexcmds/etexcmds.sty
Package: etexcmds 2019/12/15 v1.7 Avoid name clashes with e-TeX commands (HO)
)
\Hy@SavedSpaceFactor=\count191
(/usr/share/texlive/texmf-dist/tex/latex/hyperref/puenc.def
File: puenc.def 2021-06-07 v7.00m Hyperref: PDF Unicode definition (HO)
)
Package hyperref Info: Hyper figures OFF on input line 4192.
Package hyperref Info: Link nesting OFF on input line 4197.
Package hyperref Info: Hyper index ON on input line 4200.
Package hyperref Info: Plain pages OFF on input line 4207.
Package hyperref Info: Backreferencing OFF on input line 4212.
Package hyperref Info: Implicit mode ON; LaTeX internals redefined.
Package hyperref Info: Bookmarks ON on input line 4445.
\c@Hy@tempcnt=\count192
(/usr/share/texlive/texmf-dist/tex/latex/url/url.sty
\Urlmuskip=\muskip16
Package: url 2013/09/16  ver 3.4  Verb mode for urls, etc.
)
LaTeX Info: Redefining \url on input line 4804.
\XeTeXLinkMargin=\dimen140
(/usr/share/texlive/texmf-dist/tex/generic/bitset/bitset.sty
Package: bitset 2019/12/09 v1.3 Handle bit-vector datatype (HO)
(/usr/share/texlive/texmf-dist/tex/generic/bigintcalc/bigintcalc.sty
Package: bigintcalc 2019/12/15 v1.5 Expandable calculations on big integers (HO
)
))
\Fld@menulength=\count193
\Field@Width=\dimen141
\Fld@charsize=\dimen142
Package hyperref Info: Hyper figures OFF on input line 6076.
Package hyperref Info: Link nesting OFF on input line 6081.
Package hyperref Info: Hyper index ON on input line 6084.
Package hyperref Info: backreferencing OFF on input line 6091.
Package hyperref Info: Link coloring OFF on input line 6096.
Package hyperref Info: Link coloring with OCG OFF on input line 6101.
Package hyperref Info: PDF/A mode OFF on input line 6106.
LaTeX Info: Redefining \ref on input line 6146.
LaTeX Info: Redefining \pageref on input line 6150.
(/usr/share/texlive/texmf-dist/tex/latex/base/atbegshi-ltx.sty
Package: atbegshi-ltx 2021/01/10 v1.0c Emulation of the original atbegshi
package with kernel methods
)
\Hy@abspage=\count194
\c@Item=\count195
\c@Hfootnote=\count196
)
Package hyperref Info: Driver (autodetected): hxetex.
(/usr/share/texlive/texmf-dist/tex/latex/hyperref/hxetex.def
File: hxetex.def 2021-06-07 v7.00m Hyperref driver for XeTeX
(/usr/share/texlive/texmf-dist/tex/generic/stringenc/stringenc.sty
Package: stringenc 2019/11/29 v1.12 Convert strings between diff. encodings (HO
)
)
\pdfm@box=\box50
\c@Hy@AnnotLevel=\count197
\HyField@AnnotCount=\count198
\Fld@listcount=\count199
\c@bookmark@seq@number=\count266
(/usr/share/texlive/texmf-dist/tex/latex/rerunfilecheck/rerunfilecheck.sty
Package: rerunfilecheck 2019/12/05 v1.9 Rerun checks for auxiliary files (HO)
(/usr/share/texlive/texmf-dist/tex/latex/base/atveryend-ltx.sty
Package: atveryend-ltx 2020/08/19 v1.0a Emulation of the original atveryend pac
kage
with kernel methods
) (/usr/share/texlive/texmf-dist/tex/generic/uniquecounter/uniquecounter.sty
Package: uniquecounter 2019/12/15 v1.4 Provide unlimited unique counter (HO)
)
Package uniquecounter Info: New unique counter `rerunfilecheck' on input line 2
86.
)
\Hy@SectionHShift=\skip49
) (/usr/share/texlive/texmf-dist/tex/latex/datetime/datetime.sty
Package: datetime 2015/03/20 v2.60 Date Time Package
(/usr/share/texlive/texmf-dist/tex/latex/etoolbox/etoolbox.sty
Package: etoolbox 2020/10/05 v2.5k e-TeX tools for LaTeX (JAW)
\etb@tempcnta=\count267
) (/usr/share/texlive/texmf-dist/tex/latex/fmtcount/fmtcount.sty
Invalid UTF-8 byte or sequence at line 10 replaced by U+FFFD.
Invalid UTF-8 byte or sequence at line 22 replaced by U+FFFD.
Package: fmtcount 2020/01/30 v3.07
(/usr/share/texlive/texmf-dist/tex/latex/base/ifthen.sty
Package: ifthen 2020/11/24 v1.1c Standard LaTeX ifthen package (DPC)
) (/usr/share/texlive/texmf-dist/tex/latex/xkeyval/xkeyval.sty
Package: xkeyval 2020/11/20 v2.8 package option processing (HA)
(/usr/share/texlive/texmf-dist/tex/generic/xkeyval/xkeyval.tex (/usr/share/texl
ive/texmf-dist/tex/generic/xkeyval/xkvutils.tex
\XKV@toks=\toks17
\XKV@tempa@toks=\toks18
)
\XKV@depth=\count268
File: xkeyval.tex 2014/12/03 v2.7a key=value parser (HA)
)) (/usr/share/texlive/texmf-dist/tex/latex/fmtcount/fcprefix.sty
Invalid UTF-8 byte or sequence at line 10 replaced by U+FFFD.
Invalid UTF-8 byte or sequence at line 22 replaced by U+FFFD.
Package: fcprefix 2012/09/28
(/usr/share/texlive/texmf-dist/tex/latex/fmtcount/fcnumparser.sty
Invalid UTF-8 byte or sequence at line 10 replaced by U+FFFD.
Invalid UTF-8 byte or sequence at line 22 replaced by U+FFFD.
Package: fcnumparser 2017/06/15
\fc@digit@counter=\count269
)) (/usr/share/texlive/texmf-dist/tex/latex/amsmath/amsgen.sty
File: amsgen.sty 1999/11/30 v2.0 generic functions
\@emptytoks=\toks19
\ex@=\dimen143
)
\c@padzeroesN=\count270
\fc@tmpcatcode=\count271
\@DT@modctr=\count272
\@ordinalctr=\count273
\@orgargctr=\count274
\@strctr=\count275
\@tmpstrctr=\count276
\@DT@loopN=\count277
\@DT@X=\count278
) (/usr/share/texlive/texmf-dist/tex/latex/datetime/datetime-defaults.sty
Package: datetime-defaults 2013/09/10
)
\@day=\count279
\@month=\count280
\@year=\count281
\c@HOUR=\count282
\c@HOURXII=\count283
\c@MINUTE=\count284
\c@TOHOUR=\count285
\c@TOMINUTE=\count286
\c@SECOND=\count287
\currenthour=\count288
\currentminute=\count289
\currentsecond=\count290
Package datetime Info: No datetime.cfg file found, using default settings on in
put line 308.
\@dtctr=\count291
\dayofyear=\count292
\dayofweek=\count293
LaTeX Info: Redefining \today on input line 736.
\dt@a=\toks20
\dt@b=\toks21
) (/usr/share/texlive/texmf-dist/tex/latex/graphics/graphicx.sty
Package: graphicx 2021/09/16 v1.2d Enhanced LaTeX Graphics (DPC,SPQR)
(/usr/share/texlive/texmf-dist/tex/latex/graphics/graphics.sty
Package: graphics 2021/03/04 v1.4d Standard LaTeX Graphics (DPC,SPQR)
(/usr/share/texlive/texmf-dist/tex/latex/graphics/trig.sty
Package: trig 2021/08/11 v1.11 sin cos tan (DPC)
) (/usr/share/texlive/texmf-dist/tex/latex/graphics-cfg/graphics.cfg
File: graphics.cfg 2016/06/04 v1.11 sample graphics configuration
)
Package graphics Info: Driver file: xetex.def on input line 107.
(/usr/share/texlive/texmf-dist/tex/latex/graphics-def/xetex.def
File: xetex.def 2021/03/18 v5.0k Graphics/color driver for xetex
))
\Gin@req@height=\dimen144
\Gin@req@width=\dimen145
) (/usr/share/texlive/texmf-dist/tex/latex/natbib/natbib.sty
Package: natbib 2010/09/13 8.31b (PWD, AO)
\bibhang=\skip50
\bibsep=\skip51
LaTeX Info: Redefining \cite on input line 694.
\c@NAT@ctr=\count294
) (/usr/share/texlive/texmf-dist/tex/latex/booktabs/booktabs.sty
Package: booktabs 2020/01/12 v1.61803398 Publication quality tables
\heavyrulewidth=\dimen146
\lightrulewidth=\dimen147
\cmidrulewidth=\dimen148
\belowrulesep=\dimen149
\belowbottomsep=\dimen150
\aboverulesep=\dimen151
\abovetopsep=\dimen152
\cmidrulesep=\dimen153
\cmidrulekern=\dimen154
\defaultaddspace=\dimen155
\@cmidla=\count295
\@cmidlb=\count296
\@aboverulesep=\dimen156
\@belowrulesep=\dimen157
\@thisruleclass=\count297
\@lastruleclass=\count298
\@thisrulewidth=\dimen158
)
Package hyperref Info: Option `colorlinks' set `true' on input line 16.
(/usr/share/texlive/texmf-dist/tex/latex/l3backend/l3backend-xetex.def
File: l3backend-xetex.def 2022-01-12 L3 backend support: XeTeX
(|extractbb --version)
\c__kernel_sys_dvipdfmx_version_int=\count299
\l__color_backend_stack_int=\count300
\g__color_backend_stack_int=\count301
\g__graphics_track_int=\count302
\l__pdf_internal_box=\box51
\g__pdf_backend_object_int=\count303
\g__pdf_backend_annotation_int=\count304
\g__pdf_backend_link_int=\count305
) (./map_descriptive_analysis.aux)
\openout1 = `map_descriptive_analysis.aux'.

LaTeX Font Info:    Checking defaults for OML/cmm/m/it on input line 29.
LaTeX Font Info:    ... okay on input line 29.
LaTeX Font Info:    Checking defaults for OMS/cmsy/m/n on input line 29.
LaTeX Font Info:    ... okay on input line 29.
LaTeX Font Info:    Checking defaults for OT1/cmr/m/n on input line 29.
LaTeX Font Info:    ... okay on input line 29.
LaTeX Font Info:    Checking defaults for T1/cmr/m/n on input line 29.
LaTeX Font Info:    ... okay on input line 29.
LaTeX Font Info:    Checking defaults for TS1/cmr/m/n on input line 29.
LaTeX Font Info:    Trying to load font information for TS1+cmr on input line 2
9.
(/usr/share/texlive/texmf-dist/tex/latex/base/ts1cmr.fd
File: ts1cmr.fd 2019/12/16 v2.5j Standard LaTeX font definitions
)
LaTeX Font Info:    ... okay on input line 29.
LaTeX Font Info:    Checking defaults for TU/lmr/m/n on input line 29.
LaTeX Font Info:    ... okay on input line 29.
LaTeX Font Info:    Checking defaults for OMX/cmex/m/n on input line 29.
LaTeX Font Info:    ... okay on input line 29.
LaTeX Font Info:    Checking defaults for U/cmr/m/n on input line 29.
LaTeX Font Info:    ... okay on input line 29.
LaTeX Font Info:    Checking defaults for PD1/pdf/m/n on input line 29.
LaTeX Font Info:    ... okay on input line 29.
LaTeX Font Info:    Checking defaults for PU/pdf/m/n on input line 29.
LaTeX Font Info:    ... okay on input line 29.
(/usr/share/texlive/texmf-dist/tex/latex/graphics/color.sty
Package: color 2021/12/07 v1.3c Standard LaTeX Color (DPC)
(/usr/share/texlive/texmf-dist/tex/latex/graphics-cfg/color.cfg
File: color.cfg 2016/01/02 v1.6 sample color configuration
)
Package color Info: Driver file: xetex.def on input line 149.
)
Package hyperref Info: Link coloring ON on input line 29.
(/usr/share/texlive/texmf-dist/tex/latex/hyperref/nameref.sty
Package: nameref 2021-04-02 v2.47 Cross-referencing by name of section
(/usr/share/texlive/texmf-dist/tex/latex/refcount/refcount.sty
Package: refcount 2019/12/15 v3.6 Data extraction from label references (HO)
) (/usr/share/texlive/texmf-dist/tex/generic/gettitlestring/gettitlestring.sty
Package: gettitlestring 2019/12/15 v1.6 Cleanup title references (HO)
)
\c@section@level=\count306
)
LaTeX Info: Redefining \ref on input line 29.
LaTeX Info: Redefining \pageref on input line 29.
LaTeX Info: Redefining \nameref on input line 29.
(./map_descriptive_analysis.out) (./map_descriptive_analysis.out)
\@outlinefile=\write3
\openout3 = `map_descriptive_analysis.out'.

(/usr/share/texlive/texmf-dist/tex/latex/fmtcount/fc-english.def
Invalid UTF-8 byte or sequence at line 10 replaced by U+FFFD.
Invalid UTF-8 byte or sequence at line 22 replaced by U+FFFD.
File: fc-english.def 2016/01/12
)
LaTeX Font Info:    External font `cmex10' loaded for size
(Font)              <12> on input line 31.
LaTeX Font Info:    External font `cmex10' loaded for size
(Font)              <8> on input line 31.
LaTeX Font Info:    External font `cmex10' loaded for size
(Font)              <6> on input line 31.
File: curvenote.png Graphic file (type bmp)
<curvenote.png>

Overfull \hbox (6.75pt too wide) in paragraph at lines 56--56
[]\TU/lmtt/m/n/10 shp_path = "../data/calenviroscreen40_shp/CES4 Final Shapefil
e.shp"[] 
 []

LaTeX Font Info:    External font `cmex10' loaded for size
(Font)              <7> on input line 68.
LaTeX Font Info:    External font `cmex10' loaded for size
(Font)              <5> on input line 68.

Overfull \hbox (35.85564pt too wide) in paragraph at lines 70--70
[]\TU/lmr/m/n/10 CIscoreP| 
 []


Overfull \hbox (30.50563pt too wide) in paragraph at lines 70--70
[]\TU/lmr/m/n/10 OzoneP| 
 []


Overfull \hbox (44.26564pt too wide) in paragraph at lines 70--70
[]\TU/lmr/m/n/10 PM2_5_P| 
 []


Overfull \hbox (52.78563pt too wide) in paragraph at lines 70--70
[]\TU/lmr/m/n/10 DieselPM_P| 
 []


Overfull \hbox (42.08563pt too wide) in paragraph at lines 70--70
[]\TU/lmr/m/n/10 PesticideP| 
 []


Overfull \hbox (49.25563pt too wide) in paragraph at lines 70--70
[]\TU/lmr/m/n/10 Tox_Rel_P| 
 []


Overfull \hbox (31.36563pt too wide) in paragraph at lines 70--70
[]\TU/lmr/m/n/10 TrafficP| 
 []


Overfull \hbox (45.97563pt too wide) in paragraph at lines 70--70
[]\TU/lmr/m/n/10 DrinkWatP| 
 []


Overfull \hbox (32.03563pt too wide) in paragraph at lines 70--70
[]\TU/lmr/m/n/10 Lead_P| 
 []


Overfull \hbox (39.12564pt too wide) in paragraph at lines 70--70
[]\TU/lmr/m/n/10 CleanupP| 
 []


Overfull \hbox (4.81563pt too wide) in paragraph at lines 70--70
[]\TU/lmr/m/n/10 ...| 
 []


Overfull \hbox (37.45563pt too wide) in paragraph at lines 70--70
[]\TU/lmr/m/n/10 UnemplP| 
 []


Overfull \hbox (47.40564pt too wide) in paragraph at lines 70--70
[]\TU/lmr/m/n/10 HousBurdP| 
 []


Overfull \hbox (42.07564pt too wide) in paragraph at lines 70--70
[]\TU/lmr/m/n/10 PopCharP| 
 []


Overfull \hbox (34.03563pt too wide) in paragraph at lines 70--70
[]\TU/lmr/m/n/10 Hispanic| 
 []


Overfull \hbox (23.42563pt too wide) in paragraph at lines 70--70
[]\TU/lmr/m/n/10 White| 
 []


Overfull \hbox (44.56563pt too wide) in paragraph at lines 70--70
[]\TU/lmr/m/n/10 AfricanAm| 
 []


Overfull \hbox (40.91563pt too wide) in paragraph at lines 70--70
[]\TU/lmr/m/n/10 NativeAm| 
 []


Overfull \hbox (43.46564pt too wide) in paragraph at lines 70--70
[]\TU/lmr/m/n/10 OtherMult| 
 []


Overfull \hbox (21.89563pt too wide) in paragraph at lines 70--70
[]\TU/lmr/m/n/10 AAPI| 
 []


Overfull \hbox (36.77563pt too wide) in paragraph at lines 70--71
[]\TU/lmr/m/n/10 geometry| 
 []


Overfull \hbox (1.47563pt too wide) in paragraph at lines 72--72
[]\TU/lmr/m/n/10 0| 
 []


Overfull \hbox (39.25563pt too wide) in paragraph at lines 72--72
[]\TU/lmr/m/n/10 69.162885| 
 []


Overfull \hbox (39.25563pt too wide) in paragraph at lines 72--72
[]\TU/lmr/m/n/10 10.566273| 
 []


Overfull \hbox (39.25563pt too wide) in paragraph at lines 72--72
[]\TU/lmr/m/n/10 10.031114| 
 []


Overfull \hbox (39.25563pt too wide) in paragraph at lines 72--72
[]\TU/lmr/m/n/10 52.408214| 
 []


Overfull \hbox (39.25563pt too wide) in paragraph at lines 72--72
[]\TU/lmr/m/n/10 92.034483| 
 []


Overfull \hbox (34.25563pt too wide) in paragraph at lines 72--72
[]\TU/lmr/m/n/10 9.914979| 
 []


Overfull \hbox (29.25563pt too wide) in paragraph at lines 72--72
[]\TU/lmr/m/n/10 63.4000| 
 []


Overfull \hbox (39.25563pt too wide) in paragraph at lines 72--72
[]\TU/lmr/m/n/10 11.165230| 
 []


Overfull \hbox (39.25563pt too wide) in paragraph at lines 72--72
[]\TU/lmr/m/n/10 36.118463| 
 []


Overfull \hbox (39.25563pt too wide) in paragraph at lines 72--72
[]\TU/lmr/m/n/10 17.077268| 
 []


Overfull \hbox (4.81563pt too wide) in paragraph at lines 72--72
[]\TU/lmr/m/n/10 ...| 
 []


Overfull \hbox (39.25563pt too wide) in paragraph at lines 72--72
[]\TU/lmr/m/n/10 18.310776| 
 []


Overfull \hbox (39.25563pt too wide) in paragraph at lines 72--72
[]\TU/lmr/m/n/10 69.150824| 
 []


Overfull \hbox (39.25563pt too wide) in paragraph at lines 72--72
[]\TU/lmr/m/n/10 79.828543| 
 []


Overfull \hbox (29.25563pt too wide) in paragraph at lines 72--72
[]\TU/lmr/m/n/10 68.9210| 
 []


Overfull \hbox (29.25563pt too wide) in paragraph at lines 72--72
[]\TU/lmr/m/n/10 20.8899| 
 []


Overfull \hbox (24.25563pt too wide) in paragraph at lines 72--72
[]\TU/lmr/m/n/10 0.4004| 
 []


Overfull \hbox (24.25563pt too wide) in paragraph at lines 72--72
[]\TU/lmr/m/n/10 0.2670| 
 []


Overfull \hbox (24.25563pt too wide) in paragraph at lines 72--72
[]\TU/lmr/m/n/10 1.3126| 
 []


Overfull \hbox (24.25563pt too wide) in paragraph at lines 72--72
[]\TU/lmr/m/n/10 8.2091| 
 []


Overfull \hbox (47.11563pt too wide) in paragraph at lines 72--73
[]\TU/lmr/m/n/10 POLYGON
 []


Overfull \hbox (7.58563pt too wide) in paragraph at lines 72--73
\TU/lmr/m/n/10 ((-
 []


Overfull \hbox (54.25563pt too wide) in paragraph at lines 72--73
\TU/lmr/m/n/10 13406867.885
 []


Overfull \hbox (52.03563pt too wide) in paragraph at lines 72--73
\TU/lmr/m/n/10 4155533.339,
 []


Underfull \hbox (badness 10000) in paragraph at lines 72--73
\TU/lmr/m/n/10 -
 []


Overfull \hbox (44.81563pt too wide) in paragraph at lines 72--73
\TU/lmr/m/n/10 13404832...| 
 []


Overfull \hbox (1.47563pt too wide) in paragraph at lines 74--74
[]\TU/lmr/m/n/10 1| 
 []


Overfull \hbox (39.25563pt too wide) in paragraph at lines 74--74
[]\TU/lmr/m/n/10 70.637922| 
 []


Overfull \hbox (39.25563pt too wide) in paragraph at lines 74--74
[]\TU/lmr/m/n/10 11.561917| 
 []


Overfull \hbox (39.25563pt too wide) in paragraph at lines 74--74
[]\TU/lmr/m/n/10 10.454263| 
 []


Overfull \hbox (39.25563pt too wide) in paragraph at lines 74--74
[]\TU/lmr/m/n/10 39.365277| 
 []


Overfull \hbox (39.25563pt too wide) in paragraph at lines 74--74
[]\TU/lmr/m/n/10 99.586207| 
 []


Overfull \hbox (39.25563pt too wide) in paragraph at lines 74--74
[]\TU/lmr/m/n/10 10.265066| 
 []


Overfull \hbox (29.25563pt too wide) in paragraph at lines 74--74
[]\TU/lmr/m/n/10 19.9000| 
 []


Overfull \hbox (39.25563pt too wide) in paragraph at lines 74--74
[]\TU/lmr/m/n/10 52.828775| 
 []


Overfull \hbox (39.25563pt too wide) in paragraph at lines 74--74
[]\TU/lmr/m/n/10 43.805923| 
 []


Overfull \hbox (39.25563pt too wide) in paragraph at lines 74--74
[]\TU/lmr/m/n/10 72.396417| 
 []


Overfull \hbox (4.81563pt too wide) in paragraph at lines 74--74
[]\TU/lmr/m/n/10 ...| 
 []


Overfull \hbox (39.25563pt too wide) in paragraph at lines 74--74
[]\TU/lmr/m/n/10 69.130661| 
 []


Overfull \hbox (39.25563pt too wide) in paragraph at lines 74--74
[]\TU/lmr/m/n/10 60.101394| 
 []


Overfull \hbox (39.25563pt too wide) in paragraph at lines 74--74
[]\TU/lmr/m/n/10 56.555724| 
 []


Overfull \hbox (29.25563pt too wide) in paragraph at lines 74--74
[]\TU/lmr/m/n/10 78.6229| 
 []


Overfull \hbox (29.25563pt too wide) in paragraph at lines 74--74
[]\TU/lmr/m/n/10 13.2240| 
 []


Overfull \hbox (24.25563pt too wide) in paragraph at lines 74--74
[]\TU/lmr/m/n/10 2.5051| 
 []


Overfull \hbox (24.25563pt too wide) in paragraph at lines 74--74
[]\TU/lmr/m/n/10 0.0000| 
 []


Overfull \hbox (24.25563pt too wide) in paragraph at lines 74--74
[]\TU/lmr/m/n/10 0.9489| 
 []


Overfull \hbox (24.25563pt too wide) in paragraph at lines 74--74
[]\TU/lmr/m/n/10 4.6990| 
 []


Overfull \hbox (47.11563pt too wide) in paragraph at lines 74--75
[]\TU/lmr/m/n/10 POLYGON
 []


Overfull \hbox (7.58563pt too wide) in paragraph at lines 74--75
\TU/lmr/m/n/10 ((-
 []


Overfull \hbox (54.25563pt too wide) in paragraph at lines 74--75
\TU/lmr/m/n/10 13406867.885
 []


Overfull \hbox (52.03563pt too wide) in paragraph at lines 74--75
\TU/lmr/m/n/10 4155533.339,
 []


Underfull \hbox (badness 10000) in paragraph at lines 74--75
\TU/lmr/m/n/10 -
 []


Overfull \hbox (44.81563pt too wide) in paragraph at lines 74--75
\TU/lmr/m/n/10 13406867...| 
 []


Overfull \hbox (1.47563pt too wide) in paragraph at lines 76--76
[]\TU/lmr/m/n/10 2| 
 []


Overfull \hbox (39.25563pt too wide) in paragraph at lines 76--76
[]\TU/lmr/m/n/10 61.069087| 
 []


Overfull \hbox (39.25563pt too wide) in paragraph at lines 76--76
[]\TU/lmr/m/n/10 10.566273| 
 []


Overfull \hbox (34.25563pt too wide) in paragraph at lines 76--76
[]\TU/lmr/m/n/10 9.931549| 
 []


Overfull \hbox (39.25563pt too wide) in paragraph at lines 76--76
[]\TU/lmr/m/n/10 60.311139| 
 []


Overfull \hbox (39.25563pt too wide) in paragraph at lines 76--76
[]\TU/lmr/m/n/10 93.827586| 
 []


Overfull \hbox (39.25563pt too wide) in paragraph at lines 76--76
[]\TU/lmr/m/n/10 10.515129| 
 []


Overfull \hbox (29.25563pt too wide) in paragraph at lines 76--76
[]\TU/lmr/m/n/10 42.7500| 
 []


Overfull \hbox (39.25563pt too wide) in paragraph at lines 76--76
[]\TU/lmr/m/n/10 11.165230| 
 []


Overfull \hbox (39.25563pt too wide) in paragraph at lines 76--76
[]\TU/lmr/m/n/10 75.072464| 
 []


Overfull \hbox (34.25563pt too wide) in paragraph at lines 76--76
[]\TU/lmr/m/n/10 2.071669| 
 []


Overfull \hbox (4.81563pt too wide) in paragraph at lines 76--76
[]\TU/lmr/m/n/10 ...| 
 []


Overfull \hbox (39.25563pt too wide) in paragraph at lines 76--76
[]\TU/lmr/m/n/10 35.020822| 
 []


Overfull \hbox (39.25563pt too wide) in paragraph at lines 76--76
[]\TU/lmr/m/n/10 53.624842| 
 []


Overfull \hbox (39.25563pt too wide) in paragraph at lines 76--76
[]\TU/lmr/m/n/10 67.183560| 
 []


Overfull \hbox (29.25563pt too wide) in paragraph at lines 76--76
[]\TU/lmr/m/n/10 65.7214| 
 []


Overfull \hbox (29.25563pt too wide) in paragraph at lines 76--76
[]\TU/lmr/m/n/10 30.6088| 
 []


Overfull \hbox (24.25563pt too wide) in paragraph at lines 76--76
[]\TU/lmr/m/n/10 0.9591| 
 []


Overfull \hbox (24.25563pt too wide) in paragraph at lines 76--76
[]\TU/lmr/m/n/10 0.0000| 
 []


Overfull \hbox (24.25563pt too wide) in paragraph at lines 76--76
[]\TU/lmr/m/n/10 2.1685| 
 []


Overfull \hbox (24.25563pt too wide) in paragraph at lines 76--76
[]\TU/lmr/m/n/10 0.5421| 
 []


Overfull \hbox (47.11563pt too wide) in paragraph at lines 76--77
[]\TU/lmr/m/n/10 POLYGON
 []


Overfull \hbox (7.58563pt too wide) in paragraph at lines 76--77
\TU/lmr/m/n/10 ((-
 []


Overfull \hbox (54.25563pt too wide) in paragraph at lines 76--77
\TU/lmr/m/n/10 13404824.281
 []


Overfull \hbox (52.03563pt too wide) in paragraph at lines 76--77
\TU/lmr/m/n/10 4156507.571,
 []


Underfull \hbox (badness 10000) in paragraph at lines 76--77
\TU/lmr/m/n/10 -
 []


Overfull \hbox (44.81563pt too wide) in paragraph at lines 76--77
\TU/lmr/m/n/10 13404832...| 
 []


Overfull \hbox (1.47563pt too wide) in paragraph at lines 78--78
[]\TU/lmr/m/n/10 3| 
 []


Overfull \hbox (34.25563pt too wide) in paragraph at lines 78--78
[]\TU/lmr/m/n/10 5.988401| 
 []


Overfull \hbox (39.25563pt too wide) in paragraph at lines 78--78
[]\TU/lmr/m/n/10 13.615432| 
 []


Overfull \hbox (39.25563pt too wide) in paragraph at lines 78--78
[]\TU/lmr/m/n/10 10.653391| 
 []


Overfull \hbox (39.25563pt too wide) in paragraph at lines 78--78
[]\TU/lmr/m/n/10 34.275047| 
 []


Overfull \hbox (39.25563pt too wide) in paragraph at lines 78--78
[]\TU/lmr/m/n/10 95.413793| 
 []


Overfull \hbox (34.25563pt too wide) in paragraph at lines 78--78
[]\TU/lmr/m/n/10 7.864466| 
 []


Overfull \hbox (29.25563pt too wide) in paragraph at lines 78--78
[]\TU/lmr/m/n/10 39.9250| 
 []


Overfull \hbox (39.25563pt too wide) in paragraph at lines 78--78
[]\TU/lmr/m/n/10 32.559011| 
 []


Overfull \hbox (39.25563pt too wide) in paragraph at lines 78--78
[]\TU/lmr/m/n/10 11.077505| 
 []


Overfull \hbox (34.25563pt too wide) in paragraph at lines 78--78
[]\TU/lmr/m/n/10 0.000000| 
 []


Overfull \hbox (4.81563pt too wide) in paragraph at lines 78--78
[]\TU/lmr/m/n/10 ...| 
 []


Overfull \hbox (39.25563pt too wide) in paragraph at lines 78--78
[]\TU/lmr/m/n/10 58.355023| 
 []


Overfull \hbox (39.25563pt too wide) in paragraph at lines 78--78
[]\TU/lmr/m/n/10 16.311787| 
 []


Overfull \hbox (39.25563pt too wide) in paragraph at lines 78--78
[]\TU/lmr/m/n/10 10.741301| 
 []


Overfull \hbox (29.25563pt too wide) in paragraph at lines 78--78
[]\TU/lmr/m/n/10 22.9537| 
 []


Overfull \hbox (29.25563pt too wide) in paragraph at lines 78--78
[]\TU/lmr/m/n/10 69.1948| 
 []


Overfull \hbox (24.25563pt too wide) in paragraph at lines 78--78
[]\TU/lmr/m/n/10 0.9342| 
 []


Overfull \hbox (24.25563pt too wide) in paragraph at lines 78--78
[]\TU/lmr/m/n/10 0.7117| 
 []


Overfull \hbox (24.25563pt too wide) in paragraph at lines 78--78
[]\TU/lmr/m/n/10 2.5356| 
 []


Overfull \hbox (24.25563pt too wide) in paragraph at lines 78--78
[]\TU/lmr/m/n/10 3.6699| 
 []


Overfull \hbox (47.11563pt too wide) in paragraph at lines 78--79
[]\TU/lmr/m/n/10 POLYGON
 []


Overfull \hbox (7.58563pt too wide) in paragraph at lines 78--79
\TU/lmr/m/n/10 ((-
 []


Overfull \hbox (54.25563pt too wide) in paragraph at lines 78--79
\TU/lmr/m/n/10 13403841.327
 []


Overfull \hbox (52.03563pt too wide) in paragraph at lines 78--79
\TU/lmr/m/n/10 4147463.306,
 []


Underfull \hbox (badness 10000) in paragraph at lines 78--79
\TU/lmr/m/n/10 -
 []


Overfull \hbox (44.81563pt too wide) in paragraph at lines 78--79
\TU/lmr/m/n/10 13403732...| 
 []


Overfull \hbox (1.47563pt too wide) in paragraph at lines 80--80
[]\TU/lmr/m/n/10 4| 
 []


Overfull \hbox (39.25563pt too wide) in paragraph at lines 80--80
[]\TU/lmr/m/n/10 23.121533| 
 []


Overfull \hbox (39.25563pt too wide) in paragraph at lines 80--80
[]\TU/lmr/m/n/10 13.615432| 
 []


Overfull \hbox (39.25563pt too wide) in paragraph at lines 80--80
[]\TU/lmr/m/n/10 10.690728| 
 []


Overfull \hbox (39.25563pt too wide) in paragraph at lines 80--80
[]\TU/lmr/m/n/10 18.481643| 
 []


Overfull \hbox (39.25563pt too wide) in paragraph at lines 80--80
[]\TU/lmr/m/n/10 63.241379| 
 []


Overfull \hbox (34.25563pt too wide) in paragraph at lines 80--80
[]\TU/lmr/m/n/10 7.714429| 
 []


Overfull \hbox (29.25563pt too wide) in paragraph at lines 80--80
[]\TU/lmr/m/n/10 24.3625| 
 []


Overfull \hbox (39.25563pt too wide) in paragraph at lines 80--80
[]\TU/lmr/m/n/10 32.559011| 
 []


Overfull \hbox (39.25563pt too wide) in paragraph at lines 80--80
[]\TU/lmr/m/n/10 49.514808| 
 []


Overfull \hbox (34.25563pt too wide) in paragraph at lines 80--80
[]\TU/lmr/m/n/10 2.071669| 
 []


Overfull \hbox (4.81563pt too wide) in paragraph at lines 80--80
[]\TU/lmr/m/n/10 ...| 
 []


Overfull \hbox (39.25563pt too wide) in paragraph at lines 80--80
[]\TU/lmr/m/n/10 92.399792| 
 []


Overfull \hbox (39.25563pt too wide) in paragraph at lines 80--80
[]\TU/lmr/m/n/10 12.002535| 
 []


Overfull \hbox (39.25563pt too wide) in paragraph at lines 80--80
[]\TU/lmr/m/n/10 46.280888| 
 []


Overfull \hbox (29.25563pt too wide) in paragraph at lines 80--80
[]\TU/lmr/m/n/10 33.4082| 
 []


Overfull \hbox (29.25563pt too wide) in paragraph at lines 80--80
[]\TU/lmr/m/n/10 59.7804| 
 []


Overfull \hbox (24.25563pt too wide) in paragraph at lines 80--80
[]\TU/lmr/m/n/10 0.6986| 
 []


Overfull \hbox (24.25563pt too wide) in paragraph at lines 80--80
[]\TU/lmr/m/n/10 1.4721| 
 []


Overfull \hbox (24.25563pt too wide) in paragraph at lines 80--80
[]\TU/lmr/m/n/10 1.3723| 
 []


Overfull \hbox (24.25563pt too wide) in paragraph at lines 80--80
[]\TU/lmr/m/n/10 3.2685| 
 []


Overfull \hbox (47.11563pt too wide) in paragraph at lines 80--81
[]\TU/lmr/m/n/10 POLYGON
 []


Overfull \hbox (7.58563pt too wide) in paragraph at lines 80--81
\TU/lmr/m/n/10 ((-
 []


Overfull \hbox (54.25563pt too wide) in paragraph at lines 80--81
\TU/lmr/m/n/10 13406428.948
 []


Overfull \hbox (52.03563pt too wide) in paragraph at lines 80--81
\TU/lmr/m/n/10 4147489.901,
 []


Underfull \hbox (badness 10000) in paragraph at lines 80--81
\TU/lmr/m/n/10 -
 []


Overfull \hbox (44.81563pt too wide) in paragraph at lines 80--81
\TU/lmr/m/n/10 13404941...| 
 []

[1

]
Overfull \hbox (127.5pt too wide) in paragraph at lines 96--96
[]\TU/lmtt/m/n/10 exposure_vars = ["OzoneP", "PM2_5_P", "DieselPM_P", "TrafficP
", "Tox_Rel_P", "PesticideP"][] 
 []


Overfull \hbox (17.25pt too wide) in paragraph at lines 96--96
[]\TU/lmtt/m/n/10 shape["ExposureIdx"] = shape[exposure_vars].mean(axis=1, skip
na=True)[] 
 []


Overfull \hbox (43.5pt too wide) in paragraph at lines 182--182
[]\TU/lmtt/m/n/10 race_cols = ['Hispanic','White','AfricanAm','NativeAm','Other
Mult','AAPI'][] 
 []

[2]
Overfull \hbox (54.0pt too wide) in paragraph at lines 182--182
[]        \TU/lmtt/m/n/10 save=f"../visualizations/descriptive_maps/race_{race}
_fixedbins.png"[] 
 []


Overfull \hbox (38.25pt too wide) in paragraph at lines 182--182
[]    \TU/lmtt/m/n/10 # 2) Bivariate map: race share (x) vs burden (y), 3 \time
s3 quantiles[] 
 []


Overfull \hbox (43.5pt too wide) in paragraph at lines 182--182
[]    \TU/lmtt/m/n/10 df["race_bin"] = pd.qcut(df[race], 3, labels=False, dupli
cates="drop")[] 
 []


Overfull \hbox (64.5pt too wide) in paragraph at lines 182--182
[]    \TU/lmtt/m/n/10 df["burden_bin"] = pd.qcut(df[burden], 3, labels=False, d
uplicates="drop")[] 
 []


Overfull \hbox (54.0pt too wide) in paragraph at lines 182--182
[]    \TU/lmtt/m/n/10 df["bi"] = df["race_bin"].astype(int) + 3 * df["burden_bi
n"].astype(int)[] 
 []


Overfull \hbox (48.75pt too wide) in paragraph at lines 182--182
[]    \TU/lmtt/m/n/10 shape.plot(ax=ax, color="lightgrey", edgecolor="white", l
inewidth=0.05)[] 
 []


Overfull \hbox (33.0pt too wide) in paragraph at lines 182--182
[]    \TU/lmtt/m/n/10 df.plot(ax=ax, color=df["color"], edgecolor="white", line
width=0.05)[] 
 []


Overfull \hbox (111.75pt too wide) in paragraph at lines 182--182
[]        \TU/lmtt/m/n/10 f"Bivariate: {race} share ( \rightarrow) vs {burden} 
(↑), 3 \times3 quantiles",[] 
 []


Overfull \hbox (1.5pt too wide) in paragraph at lines 182--182
[]    \TU/lmtt/m/n/10 leg.set_xticks([]); leg.set_yticks([]); leg.set_frame_on(
True)[] 
 []


Overfull \hbox (85.5pt too wide) in paragraph at lines 182--182
[]                \TU/lmtt/m/n/10 plt.Rectangle((i, j), 1, 1, facecolor=colors[
k], edgecolor="none")[] 
 []

[3]
Overfull \hbox (54.0pt too wide) in paragraph at lines 182--182
[]        \TU/lmtt/m/n/10 f"../visualizations/descriptive_maps/bivariate_{race}
_{burden}.png",[] 
 []


Overfull \hbox (17.25pt too wide) in paragraph at lines 182--182
[]    \TU/lmtt/m/n/10 overlap = (shape[burden] >= burden_hot) & (shape[race] >=
 cut_hi)[] 
 []


Overfull \hbox (48.75pt too wide) in paragraph at lines 182--182
[]    \TU/lmtt/m/n/10 shape.plot(ax=ax, color="lightgrey", edgecolor="white", l
inewidth=0.05)[] 
 []


Overfull \hbox (106.5pt too wide) in paragraph at lines 182--182
[]    \TU/lmtt/m/n/10 shape.loc[overlap].plot(ax=ax, color="crimson", edgecolor
="white", linewidth=0.05)[] 
 []


Overfull \hbox (143.25pt too wide) in paragraph at lines 182--182
[]    \TU/lmtt/m/n/10 ax.set_title(f"Overlap hotspots: top 10% {burden} AND top
 20% {race} share", fontsize=14)[] 
 []


Overfull \hbox (90.75pt too wide) in paragraph at lines 182--182
[]        \TU/lmtt/m/n/10 f"../visualizations/descriptive_maps/overlap_hotspots
_{race}_{burden}.png",[] 
 []

File: files/834bcacb264a8121e85becda1d57d517.png Graphic file (type bmp)
<files/834bcacb264a8121e85becda1d57d517.png>
[4]
File: files/e3893b484cf8319cc1514f68fdb50c45.png Graphic file (type bmp)
<files/e3893b484cf8319cc1514f68fdb50c45.png>
[5]
File: files/4282a6c5973a8023cffb09624d218ad4.png Graphic file (type bmp)
<files/4282a6c5973a8023cffb09624d218ad4.png>
[6]
File: files/bbe7ecb48912b2a0eeadde1b0192be15.png Graphic file (type bmp)
<files/bbe7ecb48912b2a0eeadde1b0192be15.png>
[7]
File: files/b462b2f86511a8a2daec0b49d39a4e19.png Graphic file (type bmp)
<files/b462b2f86511a8a2daec0b49d39a4e19.png>
[8]
File: files/9b37ebb424f57dd23bdbb0d4377a8c70.png Graphic file (type bmp)
<files/9b37ebb424f57dd23bdbb0d4377a8c70.png>
[9]
File: files/d368f763a6fa8fa192ea51b9f2c67a91.png Graphic file (type bmp)
<files/d368f763a6fa8fa192ea51b9f2c67a91.png>
[10]
File: files/e40e5a08997f0954feaed37f6f1ec810.png Graphic file (type bmp)
<files/e40e5a08997f0954feaed37f6f1ec810.png>
[11]
File: files/f8256e7d831e041f4eb4c62da94af75e.png Graphic file (type bmp)
<files/f8256e7d831e041f4eb4c62da94af75e.png>
[12]
File: files/cf47f64b8315b32f39c0a0836e609c90.png Graphic file (type bmp)
<files/cf47f64b8315b32f39c0a0836e609c90.png>
[13]
File: files/6785d8f65566feddf34e122956db1ea4.png Graphic file (type bmp)
<files/6785d8f65566feddf34e122956db1ea4.png>
[14]
File: files/3e988d80fa3ab738a53c82f5c2d6ef1a.png Graphic file (type bmp)
<files/3e988d80fa3ab738a53c82f5c2d6ef1a.png>
[15]
File: files/2ed911e02666131413f79d5e7a026249.png Graphic file (type bmp)
<files/2ed911e02666131413f79d5e7a026249.png>
[16]
File: files/9b7102d403057d47c42e5f60ccfb9887.png Graphic file (type bmp)
<files/9b7102d403057d47c42e5f60ccfb9887.png>
[17]
File: files/fc7ba5247ec180d7bc01e4baa0ad611e.png Graphic file (type bmp)
<files/fc7ba5247ec180d7bc01e4baa0ad611e.png>
[18]
File: files/e6aab51b6528376ea00df55957d38b36.png Graphic file (type bmp)
<files/e6aab51b6528376ea00df55957d38b36.png>
[19]
File: files/ffc211b13fa9ef3bb12479ca6a0d5b9e.png Graphic file (type bmp)
<files/ffc211b13fa9ef3bb12479ca6a0d5b9e.png>
[20]
File: files/c6150cc02512e873f7a4c2713f8357e9.png Graphic file (type bmp)
<files/c6150cc02512e873f7a4c2713f8357e9.png>
[21] [22] (./map_descriptive_analysis.aux)
Package rerunfilecheck Info: File `map_descriptive_analysis.out' has not change
d.
(rerunfilecheck)             Checksum: D41D8CD98F00B204E9800998ECF8427E;0.
 ) 
Here is how much of TeX's memory you used:
 9905 strings out of 478151
 161820 string characters out of 5852999
 479842 words of memory out of 5000000
 30373 multiletter control sequences out of 15000+600000
 472395 words of font info for 43 fonts, out of 8000000 for 9000
 14 hyphenation exceptions out of 8191
 70i,8n,76p,1027b,464s stack positions out of 5000i,500n,10000p,200000b,80000s

Output written on map_descriptive_analysis.xdv (22 pages, 60828 bytes).
