This is XeTeX, Version 3.141592653-2.6-0.999993 (TeX Live 2022/dev/Debian) (preloaded format=xelatex 2025.12.10)  18 DEC 2025 06:08
entering extended mode
 \write18 enabled.
 file:line:error style messages enabled.
 %&-line parsing enabled.
**kmeans_analysis.tex
(./kmeans_analysis.tex
LaTeX2e <2021-11-15> patch level 1
L3 programming layer <2022-01-21> (/usr/share/texlive/texmf-dist/tex/latex/base
/article.cls
Document Class: article 2021/10/04 v1.4n Standard LaTeX document class
(/usr/share/texlive/texmf-dist/tex/latex/base/size10.clo
File: size10.clo 2021/10/04 v1.4n Standard LaTeX file (size option)
)
\c@part=\count181
\c@section=\count182
\c@subsection=\count183
\c@subsubsection=\count184
\c@paragraph=\count185
\c@subparagraph=\count186
\c@figure=\count187
\c@table=\count188
\abovecaptionskip=\skip47
\belowcaptionskip=\skip48
\bibindent=\dimen138
) (/usr/share/texlive/texmf-dist/tex/latex/hyperref/hyperref.sty
Package: hyperref 2021-06-07 v7.00m Hypertext links for LaTeX
(/usr/share/texlive/texmf-dist/tex/generic/ltxcmds/ltxcmds.sty
Package: ltxcmds 2020-05-10 v1.25 LaTeX kernel commands for general use (HO)
) (/usr/share/texlive/texmf-dist/tex/generic/iftex/iftex.sty
Package: iftex 2020/03/06 v1.0d TeX engine tests
) (/usr/share/texlive/texmf-dist/tex/generic/pdftexcmds/pdftexcmds.sty
Package: pdftexcmds 2020-06-27 v0.33 Utility functions of pdfTeX for LuaTeX (HO
)
(/usr/share/texlive/texmf-dist/tex/generic/infwarerr/infwarerr.sty
Package: infwarerr 2019/12/03 v1.5 Providing info/warning/error messages (HO)
)
Package pdftexcmds Info: \pdf@primitive is available.
Package pdftexcmds Info: \pdf@ifprimitive is available.
Package pdftexcmds Info: \pdfdraftmode not found.
) (/usr/share/texlive/texmf-dist/tex/latex/graphics/keyval.sty
Package: keyval 2014/10/28 v1.15 key=value parser (DPC)
\KV@toks@=\toks16
) (/usr/share/texlive/texmf-dist/tex/generic/kvsetkeys/kvsetkeys.sty
Package: kvsetkeys 2019/12/15 v1.18 Key value parser (HO)
) (/usr/share/texlive/texmf-dist/tex/generic/kvdefinekeys/kvdefinekeys.sty
Package: kvdefinekeys 2019-12-19 v1.6 Define keys (HO)
) (/usr/share/texlive/texmf-dist/tex/generic/pdfescape/pdfescape.sty
Package: pdfescape 2019/12/09 v1.15 Implements pdfTeX's escape features (HO)
) (/usr/share/texlive/texmf-dist/tex/latex/hycolor/hycolor.sty
Package: hycolor 2020-01-27 v1.10 Color options for hyperref/bookmark (HO)
) (/usr/share/texlive/texmf-dist/tex/latex/letltxmacro/letltxmacro.sty
Package: letltxmacro 2019/12/03 v1.6 Let assignment for LaTeX macros (HO)
) (/usr/share/texlive/texmf-dist/tex/latex/auxhook/auxhook.sty
Package: auxhook 2019-12-17 v1.6 Hooks for auxiliary files (HO)
) (/usr/share/texlive/texmf-dist/tex/latex/kvoptions/kvoptions.sty
Package: kvoptions 2020-10-07 v3.14 Key value format for package options (HO)
)
\@linkdim=\dimen139
\Hy@linkcounter=\count189
\Hy@pagecounter=\count190
(/usr/share/texlive/texmf-dist/tex/latex/hyperref/pd1enc.def
File: pd1enc.def 2021-06-07 v7.00m Hyperref: PDFDocEncoding definition (HO)
) (/usr/share/texlive/texmf-dist/tex/latex/hyperref/hyperref-langpatches.def
File: hyperref-langpatches.def 2021-06-07 v7.00m Hyperref: patches for babel la
nguages
) (/usr/share/texlive/texmf-dist/tex/generic/intcalc/intcalc.sty
Package: intcalc 2019/12/15 v1.3 Expandable calculations with integers (HO)
) (/usr/share/texlive/texmf-dist/tex/generic/etexcmds/etexcmds.sty
Package: etexcmds 2019/12/15 v1.7 Avoid name clashes with e-TeX commands (HO)
)
\Hy@SavedSpaceFactor=\count191
(/usr/share/texlive/texmf-dist/tex/latex/hyperref/puenc.def
File: puenc.def 2021-06-07 v7.00m Hyperref: PDF Unicode definition (HO)
)
Package hyperref Info: Hyper figures OFF on input line 4192.
Package hyperref Info: Link nesting OFF on input line 4197.
Package hyperref Info: Hyper index ON on input line 4200.
Package hyperref Info: Plain pages OFF on input line 4207.
Package hyperref Info: Backreferencing OFF on input line 4212.
Package hyperref Info: Implicit mode ON; LaTeX internals redefined.
Package hyperref Info: Bookmarks ON on input line 4445.
\c@Hy@tempcnt=\count192
(/usr/share/texlive/texmf-dist/tex/latex/url/url.sty
\Urlmuskip=\muskip16
Package: url 2013/09/16  ver 3.4  Verb mode for urls, etc.
)
LaTeX Info: Redefining \url on input line 4804.
\XeTeXLinkMargin=\dimen140
(/usr/share/texlive/texmf-dist/tex/generic/bitset/bitset.sty
Package: bitset 2019/12/09 v1.3 Handle bit-vector datatype (HO)
(/usr/share/texlive/texmf-dist/tex/generic/bigintcalc/bigintcalc.sty
Package: bigintcalc 2019/12/15 v1.5 Expandable calculations on big integers (HO
)
))
\Fld@menulength=\count193
\Field@Width=\dimen141
\Fld@charsize=\dimen142
Package hyperref Info: Hyper figures OFF on input line 6076.
Package hyperref Info: Link nesting OFF on input line 6081.
Package hyperref Info: Hyper index ON on input line 6084.
Package hyperref Info: backreferencing OFF on input line 6091.
Package hyperref Info: Link coloring OFF on input line 6096.
Package hyperref Info: Link coloring with OCG OFF on input line 6101.
Package hyperref Info: PDF/A mode OFF on input line 6106.
LaTeX Info: Redefining \ref on input line 6146.
LaTeX Info: Redefining \pageref on input line 6150.
(/usr/share/texlive/texmf-dist/tex/latex/base/atbegshi-ltx.sty
Package: atbegshi-ltx 2021/01/10 v1.0c Emulation of the original atbegshi
package with kernel methods
)
\Hy@abspage=\count194
\c@Item=\count195
\c@Hfootnote=\count196
)
Package hyperref Info: Driver (autodetected): hxetex.
(/usr/share/texlive/texmf-dist/tex/latex/hyperref/hxetex.def
File: hxetex.def 2021-06-07 v7.00m Hyperref driver for XeTeX
(/usr/share/texlive/texmf-dist/tex/generic/stringenc/stringenc.sty
Package: stringenc 2019/11/29 v1.12 Convert strings between diff. encodings (HO
)
)
\pdfm@box=\box50
\c@Hy@AnnotLevel=\count197
\HyField@AnnotCount=\count198
\Fld@listcount=\count199
\c@bookmark@seq@number=\count266
(/usr/share/texlive/texmf-dist/tex/latex/rerunfilecheck/rerunfilecheck.sty
Package: rerunfilecheck 2019/12/05 v1.9 Rerun checks for auxiliary files (HO)
(/usr/share/texlive/texmf-dist/tex/latex/base/atveryend-ltx.sty
Package: atveryend-ltx 2020/08/19 v1.0a Emulation of the original atveryend pac
kage
with kernel methods
) (/usr/share/texlive/texmf-dist/tex/generic/uniquecounter/uniquecounter.sty
Package: uniquecounter 2019/12/15 v1.4 Provide unlimited unique counter (HO)
)
Package uniquecounter Info: New unique counter `rerunfilecheck' on input line 2
86.
)
\Hy@SectionHShift=\skip49
) (/usr/share/texlive/texmf-dist/tex/latex/datetime/datetime.sty
Package: datetime 2015/03/20 v2.60 Date Time Package
(/usr/share/texlive/texmf-dist/tex/latex/etoolbox/etoolbox.sty
Package: etoolbox 2020/10/05 v2.5k e-TeX tools for LaTeX (JAW)
\etb@tempcnta=\count267
) (/usr/share/texlive/texmf-dist/tex/latex/fmtcount/fmtcount.sty
Invalid UTF-8 byte or sequence at line 10 replaced by U+FFFD.
Invalid UTF-8 byte or sequence at line 22 replaced by U+FFFD.
Package: fmtcount 2020/01/30 v3.07
(/usr/share/texlive/texmf-dist/tex/latex/base/ifthen.sty
Package: ifthen 2020/11/24 v1.1c Standard LaTeX ifthen package (DPC)
) (/usr/share/texlive/texmf-dist/tex/latex/xkeyval/xkeyval.sty
Package: xkeyval 2020/11/20 v2.8 package option processing (HA)
(/usr/share/texlive/texmf-dist/tex/generic/xkeyval/xkeyval.tex (/usr/share/texl
ive/texmf-dist/tex/generic/xkeyval/xkvutils.tex
\XKV@toks=\toks17
\XKV@tempa@toks=\toks18
)
\XKV@depth=\count268
File: xkeyval.tex 2014/12/03 v2.7a key=value parser (HA)
)) (/usr/share/texlive/texmf-dist/tex/latex/fmtcount/fcprefix.sty
Invalid UTF-8 byte or sequence at line 10 replaced by U+FFFD.
Invalid UTF-8 byte or sequence at line 22 replaced by U+FFFD.
Package: fcprefix 2012/09/28
(/usr/share/texlive/texmf-dist/tex/latex/fmtcount/fcnumparser.sty
Invalid UTF-8 byte or sequence at line 10 replaced by U+FFFD.
Invalid UTF-8 byte or sequence at line 22 replaced by U+FFFD.
Package: fcnumparser 2017/06/15
\fc@digit@counter=\count269
)) (/usr/share/texlive/texmf-dist/tex/latex/amsmath/amsgen.sty
File: amsgen.sty 1999/11/30 v2.0 generic functions
\@emptytoks=\toks19
\ex@=\dimen143
)
\c@padzeroesN=\count270
\fc@tmpcatcode=\count271
\@DT@modctr=\count272
\@ordinalctr=\count273
\@orgargctr=\count274
\@strctr=\count275
\@tmpstrctr=\count276
\@DT@loopN=\count277
\@DT@X=\count278
) (/usr/share/texlive/texmf-dist/tex/latex/datetime/datetime-defaults.sty
Package: datetime-defaults 2013/09/10
)
\@day=\count279
\@month=\count280
\@year=\count281
\c@HOUR=\count282
\c@HOURXII=\count283
\c@MINUTE=\count284
\c@TOHOUR=\count285
\c@TOMINUTE=\count286
\c@SECOND=\count287
\currenthour=\count288
\currentminute=\count289
\currentsecond=\count290
Package datetime Info: No datetime.cfg file found, using default settings on in
put line 308.
\@dtctr=\count291
\dayofyear=\count292
\dayofweek=\count293
LaTeX Info: Redefining \today on input line 736.
\dt@a=\toks20
\dt@b=\toks21
) (/usr/share/texlive/texmf-dist/tex/latex/graphics/graphicx.sty
Package: graphicx 2021/09/16 v1.2d Enhanced LaTeX Graphics (DPC,SPQR)
(/usr/share/texlive/texmf-dist/tex/latex/graphics/graphics.sty
Package: graphics 2021/03/04 v1.4d Standard LaTeX Graphics (DPC,SPQR)
(/usr/share/texlive/texmf-dist/tex/latex/graphics/trig.sty
Package: trig 2021/08/11 v1.11 sin cos tan (DPC)
) (/usr/share/texlive/texmf-dist/tex/latex/graphics-cfg/graphics.cfg
File: graphics.cfg 2016/06/04 v1.11 sample graphics configuration
)
Package graphics Info: Driver file: xetex.def on input line 107.
(/usr/share/texlive/texmf-dist/tex/latex/graphics-def/xetex.def
File: xetex.def 2021/03/18 v5.0k Graphics/color driver for xetex
))
\Gin@req@height=\dimen144
\Gin@req@width=\dimen145
) (/usr/share/texlive/texmf-dist/tex/latex/natbib/natbib.sty
Package: natbib 2010/09/13 8.31b (PWD, AO)
\bibhang=\skip50
\bibsep=\skip51
LaTeX Info: Redefining \cite on input line 694.
\c@NAT@ctr=\count294
) (/usr/share/texlive/texmf-dist/tex/latex/booktabs/booktabs.sty
Package: booktabs 2020/01/12 v1.61803398 Publication quality tables
\heavyrulewidth=\dimen146
\lightrulewidth=\dimen147
\cmidrulewidth=\dimen148
\belowrulesep=\dimen149
\belowbottomsep=\dimen150
\aboverulesep=\dimen151
\abovetopsep=\dimen152
\cmidrulesep=\dimen153
\cmidrulekern=\dimen154
\defaultaddspace=\dimen155
\@cmidla=\count295
\@cmidlb=\count296
\@aboverulesep=\dimen156
\@belowrulesep=\dimen157
\@thisruleclass=\count297
\@lastruleclass=\count298
\@thisrulewidth=\dimen158
)
Package hyperref Info: Option `colorlinks' set `true' on input line 16.
(/usr/share/texlive/texmf-dist/tex/latex/l3backend/l3backend-xetex.def
File: l3backend-xetex.def 2022-01-12 L3 backend support: XeTeX
(|extractbb --version)
\c__kernel_sys_dvipdfmx_version_int=\count299
\l__color_backend_stack_int=\count300
\g__color_backend_stack_int=\count301
\g__graphics_track_int=\count302
\l__pdf_internal_box=\box51
\g__pdf_backend_object_int=\count303
\g__pdf_backend_annotation_int=\count304
\g__pdf_backend_link_int=\count305
) (./kmeans_analysis.aux)
\openout1 = `kmeans_analysis.aux'.

LaTeX Font Info:    Checking defaults for OML/cmm/m/it on input line 29.
LaTeX Font Info:    ... okay on input line 29.
LaTeX Font Info:    Checking defaults for OMS/cmsy/m/n on input line 29.
LaTeX Font Info:    ... okay on input line 29.
LaTeX Font Info:    Checking defaults for OT1/cmr/m/n on input line 29.
LaTeX Font Info:    ... okay on input line 29.
LaTeX Font Info:    Checking defaults for T1/cmr/m/n on input line 29.
LaTeX Font Info:    ... okay on input line 29.
LaTeX Font Info:    Checking defaults for TS1/cmr/m/n on input line 29.
LaTeX Font Info:    Trying to load font information for TS1+cmr on input line 2
9.
(/usr/share/texlive/texmf-dist/tex/latex/base/ts1cmr.fd
File: ts1cmr.fd 2019/12/16 v2.5j Standard LaTeX font definitions
)
LaTeX Font Info:    ... okay on input line 29.
LaTeX Font Info:    Checking defaults for TU/lmr/m/n on input line 29.
LaTeX Font Info:    ... okay on input line 29.
LaTeX Font Info:    Checking defaults for OMX/cmex/m/n on input line 29.
LaTeX Font Info:    ... okay on input line 29.
LaTeX Font Info:    Checking defaults for U/cmr/m/n on input line 29.
LaTeX Font Info:    ... okay on input line 29.
LaTeX Font Info:    Checking defaults for PD1/pdf/m/n on input line 29.
LaTeX Font Info:    ... okay on input line 29.
LaTeX Font Info:    Checking defaults for PU/pdf/m/n on input line 29.
LaTeX Font Info:    ... okay on input line 29.
(/usr/share/texlive/texmf-dist/tex/latex/graphics/color.sty
Package: color 2021/12/07 v1.3c Standard LaTeX Color (DPC)
(/usr/share/texlive/texmf-dist/tex/latex/graphics-cfg/color.cfg
File: color.cfg 2016/01/02 v1.6 sample color configuration
)
Package color Info: Driver file: xetex.def on input line 149.
)
Package hyperref Info: Link coloring ON on input line 29.
(/usr/share/texlive/texmf-dist/tex/latex/hyperref/nameref.sty
Package: nameref 2021-04-02 v2.47 Cross-referencing by name of section
(/usr/share/texlive/texmf-dist/tex/latex/refcount/refcount.sty
Package: refcount 2019/12/15 v3.6 Data extraction from label references (HO)
) (/usr/share/texlive/texmf-dist/tex/generic/gettitlestring/gettitlestring.sty
Package: gettitlestring 2019/12/15 v1.6 Cleanup title references (HO)
)
\c@section@level=\count306
)
LaTeX Info: Redefining \ref on input line 29.
LaTeX Info: Redefining \pageref on input line 29.
LaTeX Info: Redefining \nameref on input line 29.
(./kmeans_analysis.out) (./kmeans_analysis.out)
\@outlinefile=\write3
\openout3 = `kmeans_analysis.out'.

(/usr/share/texlive/texmf-dist/tex/latex/fmtcount/fc-english.def
Invalid UTF-8 byte or sequence at line 10 replaced by U+FFFD.
Invalid UTF-8 byte or sequence at line 22 replaced by U+FFFD.
File: fc-english.def 2016/01/12
)
LaTeX Font Info:    External font `cmex10' loaded for size
(Font)              <12> on input line 31.
LaTeX Font Info:    External font `cmex10' loaded for size
(Font)              <8> on input line 31.
LaTeX Font Info:    External font `cmex10' loaded for size
(Font)              <6> on input line 31.
File: curvenote.png Graphic file (type bmp)
<curvenote.png>
[1

]
LaTeX Font Info:    External font `cmex10' loaded for size
(Font)              <7> on input line 83.
LaTeX Font Info:    External font `cmex10' loaded for size
(Font)              <5> on input line 83.

Overfull \hbox (35.85564pt too wide) in paragraph at lines 85--85
[]\TU/lmr/m/n/10 CIscoreP| 
 []


Overfull \hbox (30.50563pt too wide) in paragraph at lines 85--85
[]\TU/lmr/m/n/10 OzoneP| 
 []


Overfull \hbox (44.26564pt too wide) in paragraph at lines 85--85
[]\TU/lmr/m/n/10 PM2_5_P| 
 []


Overfull \hbox (52.78563pt too wide) in paragraph at lines 85--85
[]\TU/lmr/m/n/10 DieselPM_P| 
 []


Overfull \hbox (42.08563pt too wide) in paragraph at lines 85--85
[]\TU/lmr/m/n/10 PesticideP| 
 []


Overfull \hbox (49.25563pt too wide) in paragraph at lines 85--85
[]\TU/lmr/m/n/10 Tox_Rel_P| 
 []


Overfull \hbox (31.36563pt too wide) in paragraph at lines 85--85
[]\TU/lmr/m/n/10 TrafficP| 
 []


Overfull \hbox (45.97563pt too wide) in paragraph at lines 85--85
[]\TU/lmr/m/n/10 DrinkWatP| 
 []


Overfull \hbox (32.03563pt too wide) in paragraph at lines 85--85
[]\TU/lmr/m/n/10 Lead_P| 
 []


Overfull \hbox (39.12564pt too wide) in paragraph at lines 85--85
[]\TU/lmr/m/n/10 CleanupP| 
 []


Overfull \hbox (4.81563pt too wide) in paragraph at lines 85--85
[]\TU/lmr/m/n/10 ...| 
 []


Overfull \hbox (36.78563pt too wide) in paragraph at lines 85--85
[]\TU/lmr/m/n/10 PovertyP| 
 []


Overfull \hbox (37.45563pt too wide) in paragraph at lines 85--85
[]\TU/lmr/m/n/10 UnemplP| 
 []


Overfull \hbox (47.40564pt too wide) in paragraph at lines 85--85
[]\TU/lmr/m/n/10 HousBurdP| 
 []


Overfull \hbox (42.07564pt too wide) in paragraph at lines 85--85
[]\TU/lmr/m/n/10 PopCharP| 
 []


Overfull \hbox (34.03563pt too wide) in paragraph at lines 85--85
[]\TU/lmr/m/n/10 Hispanic| 
 []


Overfull \hbox (23.42563pt too wide) in paragraph at lines 85--85
[]\TU/lmr/m/n/10 White| 
 []


Overfull \hbox (44.56563pt too wide) in paragraph at lines 85--85
[]\TU/lmr/m/n/10 AfricanAm| 
 []


Overfull \hbox (40.91563pt too wide) in paragraph at lines 85--85
[]\TU/lmr/m/n/10 NativeAm| 
 []


Overfull \hbox (43.46564pt too wide) in paragraph at lines 85--85
[]\TU/lmr/m/n/10 OtherMult| 
 []


Overfull \hbox (21.89563pt too wide) in paragraph at lines 85--86
[]\TU/lmr/m/n/10 AAPI| 
 []


Overfull \hbox (1.47563pt too wide) in paragraph at lines 87--87
[]\TU/lmr/m/n/10 0| 
 []


Overfull \hbox (39.25563pt too wide) in paragraph at lines 87--87
[]\TU/lmr/m/n/10 69.162885| 
 []


Overfull \hbox (39.25563pt too wide) in paragraph at lines 87--87
[]\TU/lmr/m/n/10 10.566273| 
 []


Overfull \hbox (39.25563pt too wide) in paragraph at lines 87--87
[]\TU/lmr/m/n/10 10.031114| 
 []


Overfull \hbox (39.25563pt too wide) in paragraph at lines 87--87
[]\TU/lmr/m/n/10 52.408214| 
 []


Overfull \hbox (39.25563pt too wide) in paragraph at lines 87--87
[]\TU/lmr/m/n/10 92.034483| 
 []


Overfull \hbox (34.25563pt too wide) in paragraph at lines 87--87
[]\TU/lmr/m/n/10 9.914979| 
 []


Overfull \hbox (29.25563pt too wide) in paragraph at lines 87--87
[]\TU/lmr/m/n/10 63.4000| 
 []


Overfull \hbox (39.25563pt too wide) in paragraph at lines 87--87
[]\TU/lmr/m/n/10 11.165230| 
 []


Overfull \hbox (39.25563pt too wide) in paragraph at lines 87--87
[]\TU/lmr/m/n/10 36.118463| 
 []


Overfull \hbox (39.25563pt too wide) in paragraph at lines 87--87
[]\TU/lmr/m/n/10 17.077268| 
 []


Overfull \hbox (4.81563pt too wide) in paragraph at lines 87--87
[]\TU/lmr/m/n/10 ...| 
 []


Overfull \hbox (39.25563pt too wide) in paragraph at lines 87--87
[]\TU/lmr/m/n/10 89.660804| 
 []


Overfull \hbox (39.25563pt too wide) in paragraph at lines 87--87
[]\TU/lmr/m/n/10 18.310776| 
 []


Overfull \hbox (39.25563pt too wide) in paragraph at lines 87--87
[]\TU/lmr/m/n/10 69.150824| 
 []


Overfull \hbox (39.25563pt too wide) in paragraph at lines 87--87
[]\TU/lmr/m/n/10 79.828543| 
 []


Overfull \hbox (29.25563pt too wide) in paragraph at lines 87--87
[]\TU/lmr/m/n/10 68.9210| 
 []


Overfull \hbox (29.25563pt too wide) in paragraph at lines 87--87
[]\TU/lmr/m/n/10 20.8899| 
 []


Overfull \hbox (24.25563pt too wide) in paragraph at lines 87--87
[]\TU/lmr/m/n/10 0.4004| 
 []


Overfull \hbox (24.25563pt too wide) in paragraph at lines 87--87
[]\TU/lmr/m/n/10 0.2670| 
 []


Overfull \hbox (24.25563pt too wide) in paragraph at lines 87--87
[]\TU/lmr/m/n/10 1.3126| 
 []


Overfull \hbox (24.25563pt too wide) in paragraph at lines 87--88
[]\TU/lmr/m/n/10 8.2091| 
 []


Overfull \hbox (1.47563pt too wide) in paragraph at lines 89--89
[]\TU/lmr/m/n/10 1| 
 []


Overfull \hbox (39.25563pt too wide) in paragraph at lines 89--89
[]\TU/lmr/m/n/10 70.637922| 
 []


Overfull \hbox (39.25563pt too wide) in paragraph at lines 89--89
[]\TU/lmr/m/n/10 11.561917| 
 []


Overfull \hbox (39.25563pt too wide) in paragraph at lines 89--89
[]\TU/lmr/m/n/10 10.454263| 
 []


Overfull \hbox (39.25563pt too wide) in paragraph at lines 89--89
[]\TU/lmr/m/n/10 39.365277| 
 []


Overfull \hbox (39.25563pt too wide) in paragraph at lines 89--89
[]\TU/lmr/m/n/10 99.586207| 
 []


Overfull \hbox (39.25563pt too wide) in paragraph at lines 89--89
[]\TU/lmr/m/n/10 10.265066| 
 []


Overfull \hbox (29.25563pt too wide) in paragraph at lines 89--89
[]\TU/lmr/m/n/10 19.9000| 
 []


Overfull \hbox (39.25563pt too wide) in paragraph at lines 89--89
[]\TU/lmr/m/n/10 52.828775| 
 []


Overfull \hbox (39.25563pt too wide) in paragraph at lines 89--89
[]\TU/lmr/m/n/10 43.805923| 
 []


Overfull \hbox (39.25563pt too wide) in paragraph at lines 89--89
[]\TU/lmr/m/n/10 72.396417| 
 []


Overfull \hbox (4.81563pt too wide) in paragraph at lines 89--89
[]\TU/lmr/m/n/10 ...| 
 []


Overfull \hbox (39.25563pt too wide) in paragraph at lines 89--89
[]\TU/lmr/m/n/10 83.040201| 
 []


Overfull \hbox (39.25563pt too wide) in paragraph at lines 89--89
[]\TU/lmr/m/n/10 69.130661| 
 []


Overfull \hbox (39.25563pt too wide) in paragraph at lines 89--89
[]\TU/lmr/m/n/10 60.101394| 
 []


Overfull \hbox (39.25563pt too wide) in paragraph at lines 89--89
[]\TU/lmr/m/n/10 56.555724| 
 []


Overfull \hbox (29.25563pt too wide) in paragraph at lines 89--89
[]\TU/lmr/m/n/10 78.6229| 
 []


Overfull \hbox (29.25563pt too wide) in paragraph at lines 89--89
[]\TU/lmr/m/n/10 13.2240| 
 []


Overfull \hbox (24.25563pt too wide) in paragraph at lines 89--89
[]\TU/lmr/m/n/10 2.5051| 
 []


Overfull \hbox (24.25563pt too wide) in paragraph at lines 89--89
[]\TU/lmr/m/n/10 0.0000| 
 []


Overfull \hbox (24.25563pt too wide) in paragraph at lines 89--89
[]\TU/lmr/m/n/10 0.9489| 
 []


Overfull \hbox (24.25563pt too wide) in paragraph at lines 89--90
[]\TU/lmr/m/n/10 4.6990| 
 []


Overfull \hbox (1.47563pt too wide) in paragraph at lines 91--91
[]\TU/lmr/m/n/10 2| 
 []


Overfull \hbox (39.25563pt too wide) in paragraph at lines 91--91
[]\TU/lmr/m/n/10 61.069087| 
 []


Overfull \hbox (39.25563pt too wide) in paragraph at lines 91--91
[]\TU/lmr/m/n/10 10.566273| 
 []


Overfull \hbox (34.25563pt too wide) in paragraph at lines 91--91
[]\TU/lmr/m/n/10 9.931549| 
 []


Overfull \hbox (39.25563pt too wide) in paragraph at lines 91--91
[]\TU/lmr/m/n/10 60.311139| 
 []


Overfull \hbox (39.25563pt too wide) in paragraph at lines 91--91
[]\TU/lmr/m/n/10 93.827586| 
 []


Overfull \hbox (39.25563pt too wide) in paragraph at lines 91--91
[]\TU/lmr/m/n/10 10.515129| 
 []


Overfull \hbox (29.25563pt too wide) in paragraph at lines 91--91
[]\TU/lmr/m/n/10 42.7500| 
 []


Overfull \hbox (39.25563pt too wide) in paragraph at lines 91--91
[]\TU/lmr/m/n/10 11.165230| 
 []


Overfull \hbox (39.25563pt too wide) in paragraph at lines 91--91
[]\TU/lmr/m/n/10 75.072464| 
 []


Overfull \hbox (34.25563pt too wide) in paragraph at lines 91--91
[]\TU/lmr/m/n/10 2.071669| 
 []


Overfull \hbox (4.81563pt too wide) in paragraph at lines 91--91
[]\TU/lmr/m/n/10 ...| 
 []


Overfull \hbox (39.25563pt too wide) in paragraph at lines 91--91
[]\TU/lmr/m/n/10 52.876884| 
 []


Overfull \hbox (39.25563pt too wide) in paragraph at lines 91--91
[]\TU/lmr/m/n/10 35.020822| 
 []


Overfull \hbox (39.25563pt too wide) in paragraph at lines 91--91
[]\TU/lmr/m/n/10 53.624842| 
 []


Overfull \hbox (39.25563pt too wide) in paragraph at lines 91--91
[]\TU/lmr/m/n/10 67.183560| 
 []


Overfull \hbox (29.25563pt too wide) in paragraph at lines 91--91
[]\TU/lmr/m/n/10 65.7214| 
 []


Overfull \hbox (29.25563pt too wide) in paragraph at lines 91--91
[]\TU/lmr/m/n/10 30.6088| 
 []


Overfull \hbox (24.25563pt too wide) in paragraph at lines 91--91
[]\TU/lmr/m/n/10 0.9591| 
 []


Overfull \hbox (24.25563pt too wide) in paragraph at lines 91--91
[]\TU/lmr/m/n/10 0.0000| 
 []


Overfull \hbox (24.25563pt too wide) in paragraph at lines 91--91
[]\TU/lmr/m/n/10 2.1685| 
 []


Overfull \hbox (24.25563pt too wide) in paragraph at lines 91--92
[]\TU/lmr/m/n/10 0.5421| 
 []


Overfull \hbox (1.47563pt too wide) in paragraph at lines 93--93
[]\TU/lmr/m/n/10 3| 
 []


Overfull \hbox (34.25563pt too wide) in paragraph at lines 93--93
[]\TU/lmr/m/n/10 5.988401| 
 []


Overfull \hbox (39.25563pt too wide) in paragraph at lines 93--93
[]\TU/lmr/m/n/10 13.615432| 
 []


Overfull \hbox (39.25563pt too wide) in paragraph at lines 93--93
[]\TU/lmr/m/n/10 10.653391| 
 []


Overfull \hbox (39.25563pt too wide) in paragraph at lines 93--93
[]\TU/lmr/m/n/10 34.275047| 
 []


Overfull \hbox (39.25563pt too wide) in paragraph at lines 93--93
[]\TU/lmr/m/n/10 95.413793| 
 []


Overfull \hbox (34.25563pt too wide) in paragraph at lines 93--93
[]\TU/lmr/m/n/10 7.864466| 
 []


Overfull \hbox (29.25563pt too wide) in paragraph at lines 93--93
[]\TU/lmr/m/n/10 39.9250| 
 []


Overfull \hbox (39.25563pt too wide) in paragraph at lines 93--93
[]\TU/lmr/m/n/10 32.559011| 
 []


Overfull \hbox (39.25563pt too wide) in paragraph at lines 93--93
[]\TU/lmr/m/n/10 11.077505| 
 []


Overfull \hbox (34.25563pt too wide) in paragraph at lines 93--93
[]\TU/lmr/m/n/10 0.000000| 
 []


Overfull \hbox (4.81563pt too wide) in paragraph at lines 93--93
[]\TU/lmr/m/n/10 ...| 
 []


Overfull \hbox (34.25563pt too wide) in paragraph at lines 93--93
[]\TU/lmr/m/n/10 7.550251| 
 []


Overfull \hbox (39.25563pt too wide) in paragraph at lines 93--93
[]\TU/lmr/m/n/10 58.355023| 
 []


Overfull \hbox (39.25563pt too wide) in paragraph at lines 93--93
[]\TU/lmr/m/n/10 16.311787| 
 []


Overfull \hbox (39.25563pt too wide) in paragraph at lines 93--93
[]\TU/lmr/m/n/10 10.741301| 
 []


Overfull \hbox (29.25563pt too wide) in paragraph at lines 93--93
[]\TU/lmr/m/n/10 22.9537| 
 []


Overfull \hbox (29.25563pt too wide) in paragraph at lines 93--93
[]\TU/lmr/m/n/10 69.1948| 
 []


Overfull \hbox (24.25563pt too wide) in paragraph at lines 93--93
[]\TU/lmr/m/n/10 0.9342| 
 []


Overfull \hbox (24.25563pt too wide) in paragraph at lines 93--93
[]\TU/lmr/m/n/10 0.7117| 
 []


Overfull \hbox (24.25563pt too wide) in paragraph at lines 93--93
[]\TU/lmr/m/n/10 2.5356| 
 []


Overfull \hbox (24.25563pt too wide) in paragraph at lines 93--94
[]\TU/lmr/m/n/10 3.6699| 
 []


Overfull \hbox (1.47563pt too wide) in paragraph at lines 95--95
[]\TU/lmr/m/n/10 4| 
 []


Overfull \hbox (39.25563pt too wide) in paragraph at lines 95--95
[]\TU/lmr/m/n/10 23.121533| 
 []


Overfull \hbox (39.25563pt too wide) in paragraph at lines 95--95
[]\TU/lmr/m/n/10 13.615432| 
 []


Overfull \hbox (39.25563pt too wide) in paragraph at lines 95--95
[]\TU/lmr/m/n/10 10.690728| 
 []


Overfull \hbox (39.25563pt too wide) in paragraph at lines 95--95
[]\TU/lmr/m/n/10 18.481643| 
 []


Overfull \hbox (39.25563pt too wide) in paragraph at lines 95--95
[]\TU/lmr/m/n/10 63.241379| 
 []


Overfull \hbox (34.25563pt too wide) in paragraph at lines 95--95
[]\TU/lmr/m/n/10 7.714429| 
 []


Overfull \hbox (29.25563pt too wide) in paragraph at lines 95--95
[]\TU/lmr/m/n/10 24.3625| 
 []


Overfull \hbox (39.25563pt too wide) in paragraph at lines 95--95
[]\TU/lmr/m/n/10 32.559011| 
 []


Overfull \hbox (39.25563pt too wide) in paragraph at lines 95--95
[]\TU/lmr/m/n/10 49.514808| 
 []


Overfull \hbox (34.25563pt too wide) in paragraph at lines 95--95
[]\TU/lmr/m/n/10 2.071669| 
 []


Overfull \hbox (4.81563pt too wide) in paragraph at lines 95--95
[]\TU/lmr/m/n/10 ...| 
 []


Overfull \hbox (39.25563pt too wide) in paragraph at lines 95--95
[]\TU/lmr/m/n/10 35.150754| 
 []


Overfull \hbox (39.25563pt too wide) in paragraph at lines 95--95
[]\TU/lmr/m/n/10 92.399792| 
 []


Overfull \hbox (39.25563pt too wide) in paragraph at lines 95--95
[]\TU/lmr/m/n/10 12.002535| 
 []


Overfull \hbox (39.25563pt too wide) in paragraph at lines 95--95
[]\TU/lmr/m/n/10 46.280888| 
 []


Overfull \hbox (29.25563pt too wide) in paragraph at lines 95--95
[]\TU/lmr/m/n/10 33.4082| 
 []


Overfull \hbox (29.25563pt too wide) in paragraph at lines 95--95
[]\TU/lmr/m/n/10 59.7804| 
 []


Overfull \hbox (24.25563pt too wide) in paragraph at lines 95--95
[]\TU/lmr/m/n/10 0.6986| 
 []


Overfull \hbox (24.25563pt too wide) in paragraph at lines 95--95
[]\TU/lmr/m/n/10 1.4721| 
 []


Overfull \hbox (24.25563pt too wide) in paragraph at lines 95--95
[]\TU/lmr/m/n/10 1.3723| 
 []


Overfull \hbox (24.25563pt too wide) in paragraph at lines 95--96
[]\TU/lmr/m/n/10 3.2685| 
 []


Overfull \hbox (4.81563pt too wide) in paragraph at lines 97--97
[]\TU/lmr/m/n/10 ...| 
 []


Overfull \hbox (4.81563pt too wide) in paragraph at lines 97--97
[]\TU/lmr/m/n/10 ...| 
 []


Overfull \hbox (4.81563pt too wide) in paragraph at lines 97--97
[]\TU/lmr/m/n/10 ...| 
 []


Overfull \hbox (4.81563pt too wide) in paragraph at lines 97--97
[]\TU/lmr/m/n/10 ...| 
 []


Overfull \hbox (4.81563pt too wide) in paragraph at lines 97--97
[]\TU/lmr/m/n/10 ...| 
 []


Overfull \hbox (4.81563pt too wide) in paragraph at lines 97--97
[]\TU/lmr/m/n/10 ...| 
 []


Overfull \hbox (4.81563pt too wide) in paragraph at lines 97--97
[]\TU/lmr/m/n/10 ...| 
 []


Overfull \hbox (4.81563pt too wide) in paragraph at lines 97--97
[]\TU/lmr/m/n/10 ...| 
 []


Overfull \hbox (4.81563pt too wide) in paragraph at lines 97--97
[]\TU/lmr/m/n/10 ...| 
 []


Overfull \hbox (4.81563pt too wide) in paragraph at lines 97--97
[]\TU/lmr/m/n/10 ...| 
 []


Overfull \hbox (4.81563pt too wide) in paragraph at lines 97--97
[]\TU/lmr/m/n/10 ...| 
 []


Overfull \hbox (4.81563pt too wide) in paragraph at lines 97--97
[]\TU/lmr/m/n/10 ...| 
 []


Overfull \hbox (4.81563pt too wide) in paragraph at lines 97--97
[]\TU/lmr/m/n/10 ...| 
 []


Overfull \hbox (4.81563pt too wide) in paragraph at lines 97--97
[]\TU/lmr/m/n/10 ...| 
 []


Overfull \hbox (4.81563pt too wide) in paragraph at lines 97--97
[]\TU/lmr/m/n/10 ...| 
 []


Overfull \hbox (4.81563pt too wide) in paragraph at lines 97--97
[]\TU/lmr/m/n/10 ...| 
 []


Overfull \hbox (4.81563pt too wide) in paragraph at lines 97--97
[]\TU/lmr/m/n/10 ...| 
 []


Overfull \hbox (4.81563pt too wide) in paragraph at lines 97--97
[]\TU/lmr/m/n/10 ...| 
 []


Overfull \hbox (4.81563pt too wide) in paragraph at lines 97--97
[]\TU/lmr/m/n/10 ...| 
 []


Overfull \hbox (4.81563pt too wide) in paragraph at lines 97--97
[]\TU/lmr/m/n/10 ...| 
 []


Overfull \hbox (4.81563pt too wide) in paragraph at lines 97--97
[]\TU/lmr/m/n/10 ...| 
 []


Overfull \hbox (4.81563pt too wide) in paragraph at lines 97--98
[]\TU/lmr/m/n/10 ...| 
 []


Overfull \hbox (16.47563pt too wide) in paragraph at lines 99--99
[]\TU/lmr/m/n/10 8030| 
 []


Overfull \hbox (39.25563pt too wide) in paragraph at lines 99--99
[]\TU/lmr/m/n/10 30.610187| 
 []


Overfull \hbox (39.25563pt too wide) in paragraph at lines 99--99
[]\TU/lmr/m/n/10 88.699440| 
 []


Overfull \hbox (39.25563pt too wide) in paragraph at lines 99--99
[]\TU/lmr/m/n/10 72.109521| 
 []


Overfull \hbox (39.25563pt too wide) in paragraph at lines 99--99
[]\TU/lmr/m/n/10 12.433105| 
 []


Overfull \hbox (34.25563pt too wide) in paragraph at lines 99--99
[]\TU/lmr/m/n/10 0.000000| 
 []


Overfull \hbox (39.25563pt too wide) in paragraph at lines 99--99
[]\TU/lmr/m/n/10 69.217304| 
 []


Overfull \hbox (29.25563pt too wide) in paragraph at lines 99--99
[]\TU/lmr/m/n/10 18.7625| 
 []


Overfull \hbox (39.25563pt too wide) in paragraph at lines 99--99
[]\TU/lmr/m/n/10 66.866492| 
 []


Overfull \hbox (39.25563pt too wide) in paragraph at lines 99--99
[]\TU/lmr/m/n/10 80.340265| 
 []


Overfull \hbox (39.25563pt too wide) in paragraph at lines 99--99
[]\TU/lmr/m/n/10 19.914147| 
 []


Overfull \hbox (4.81563pt too wide) in paragraph at lines 99--99
[]\TU/lmr/m/n/10 ...| 
 []


Overfull \hbox (39.25563pt too wide) in paragraph at lines 99--99
[]\TU/lmr/m/n/10 31.733668| 
 []


Overfull \hbox (34.25563pt too wide) in paragraph at lines 99--99
[]\TU/lmr/m/n/10 1.900052| 
 []


Overfull \hbox (39.25563pt too wide) in paragraph at lines 99--99
[]\TU/lmr/m/n/10 40.899873| 
 []


Overfull \hbox (39.25563pt too wide) in paragraph at lines 99--99
[]\TU/lmr/m/n/10 22.339889| 
 []


Overfull \hbox (29.25563pt too wide) in paragraph at lines 99--99
[]\TU/lmr/m/n/10 28.7132| 
 []


Overfull \hbox (29.25563pt too wide) in paragraph at lines 99--99
[]\TU/lmr/m/n/10 53.3995| 
 []


Overfull \hbox (24.25563pt too wide) in paragraph at lines 99--99
[]\TU/lmr/m/n/10 1.5733| 
 []


Overfull \hbox (24.25563pt too wide) in paragraph at lines 99--99
[]\TU/lmr/m/n/10 0.0000| 
 []


Overfull \hbox (24.25563pt too wide) in paragraph at lines 99--99
[]\TU/lmr/m/n/10 7.1549| 
 []


Overfull \hbox (24.25563pt too wide) in paragraph at lines 99--100
[]\TU/lmr/m/n/10 9.1590| 
 []


Overfull \hbox (16.47563pt too wide) in paragraph at lines 101--101
[]\TU/lmr/m/n/10 8031| 
 []


Overfull \hbox (39.25563pt too wide) in paragraph at lines 101--101
[]\TU/lmr/m/n/10 22.566818| 
 []


Overfull \hbox (39.25563pt too wide) in paragraph at lines 101--101
[]\TU/lmr/m/n/10 79.987554| 
 []


Overfull \hbox (39.25563pt too wide) in paragraph at lines 101--101
[]\TU/lmr/m/n/10 70.242688| 
 []


Overfull \hbox (39.25563pt too wide) in paragraph at lines 101--101
[]\TU/lmr/m/n/10 21.306783| 
 []


Overfull \hbox (34.25563pt too wide) in paragraph at lines 101--101
[]\TU/lmr/m/n/10 0.000000| 
 []


Overfull \hbox (39.25563pt too wide) in paragraph at lines 101--101
[]\TU/lmr/m/n/10 70.430108| 
 []


Overfull \hbox (29.25563pt too wide) in paragraph at lines 101--101
[]\TU/lmr/m/n/10 57.9875| 
 []


Overfull \hbox (39.25563pt too wide) in paragraph at lines 101--101
[]\TU/lmr/m/n/10 73.148495| 
 []


Overfull \hbox (39.25563pt too wide) in paragraph at lines 101--101
[]\TU/lmr/m/n/10 52.715816| 
 []


Overfull \hbox (34.25563pt too wide) in paragraph at lines 101--101
[]\TU/lmr/m/n/10 5.636432| 
 []


Overfull \hbox (4.81563pt too wide) in paragraph at lines 101--101
[]\TU/lmr/m/n/10 ...| 
 []


Overfull \hbox (39.25563pt too wide) in paragraph at lines 101--101
[]\TU/lmr/m/n/10 41.030151| 
 []


Overfull \hbox (39.25563pt too wide) in paragraph at lines 101--101
[]\TU/lmr/m/n/10 30.882353| 
 []


Overfull \hbox (39.25563pt too wide) in paragraph at lines 101--101
[]\TU/lmr/m/n/10 52.610900| 
 []


Overfull \hbox (39.25563pt too wide) in paragraph at lines 101--101
[]\TU/lmr/m/n/10 16.502774| 
 []


Overfull \hbox (29.25563pt too wide) in paragraph at lines 101--101
[]\TU/lmr/m/n/10 10.9507| 
 []


Overfull \hbox (29.25563pt too wide) in paragraph at lines 101--101
[]\TU/lmr/m/n/10 26.3918| 
 []


Overfull \hbox (24.25563pt too wide) in paragraph at lines 101--101
[]\TU/lmr/m/n/10 3.3677| 
 []


Overfull \hbox (24.25563pt too wide) in paragraph at lines 101--101
[]\TU/lmr/m/n/10 0.0000| 
 []


Overfull \hbox (24.25563pt too wide) in paragraph at lines 101--101
[]\TU/lmr/m/n/10 3.3677| 
 []


Overfull \hbox (29.25563pt too wide) in paragraph at lines 101--102
[]\TU/lmr/m/n/10 55.9221| 
 []


Overfull \hbox (16.47563pt too wide) in paragraph at lines 103--103
[]\TU/lmr/m/n/10 8032| 
 []


Overfull \hbox (39.25563pt too wide) in paragraph at lines 103--103
[]\TU/lmr/m/n/10 74.508321| 
 []


Overfull \hbox (39.25563pt too wide) in paragraph at lines 103--103
[]\TU/lmr/m/n/10 84.579963| 
 []


Overfull \hbox (39.25563pt too wide) in paragraph at lines 103--103
[]\TU/lmr/m/n/10 72.906036| 
 []


Overfull \hbox (39.25563pt too wide) in paragraph at lines 103--103
[]\TU/lmr/m/n/10 90.914748| 
 []


Overfull \hbox (34.25563pt too wide) in paragraph at lines 103--103
[]\TU/lmr/m/n/10 0.000000| 
 []


Overfull \hbox (39.25563pt too wide) in paragraph at lines 103--103
[]\TU/lmr/m/n/10 74.356089| 
 []


Overfull \hbox (29.25563pt too wide) in paragraph at lines 103--103
[]\TU/lmr/m/n/10 79.2625| 
 []


Overfull \hbox (39.25563pt too wide) in paragraph at lines 103--103
[]\TU/lmr/m/n/10 60.334707| 
 []


Overfull \hbox (39.25563pt too wide) in paragraph at lines 103--103
[]\TU/lmr/m/n/10 57.996219| 
 []


Overfull \hbox (39.25563pt too wide) in paragraph at lines 103--103
[]\TU/lmr/m/n/10 94.438223| 
 []


Overfull \hbox (4.81563pt too wide) in paragraph at lines 103--103
[]\TU/lmr/m/n/10 ...| 
 []


Overfull \hbox (39.25563pt too wide) in paragraph at lines 103--103
[]\TU/lmr/m/n/10 57.298995| 
 []


Overfull \hbox (39.25563pt too wide) in paragraph at lines 103--103
[]\TU/lmr/m/n/10 59.383134| 
 []


Overfull \hbox (39.25563pt too wide) in paragraph at lines 103--103
[]\TU/lmr/m/n/10 29.721166| 
 []


Overfull \hbox (39.25563pt too wide) in paragraph at lines 103--103
[]\TU/lmr/m/n/10 43.582955| 
 []


Overfull \hbox (29.25563pt too wide) in paragraph at lines 103--103
[]\TU/lmr/m/n/10 58.2273| 
 []


Overfull \hbox (29.25563pt too wide) in paragraph at lines 103--103
[]\TU/lmr/m/n/10 16.1438| 
 []


Overfull \hbox (24.25563pt too wide) in paragraph at lines 103--103
[]\TU/lmr/m/n/10 8.9967| 
 []


Overfull \hbox (24.25563pt too wide) in paragraph at lines 103--103
[]\TU/lmr/m/n/10 0.0000| 
 []


Overfull \hbox (24.25563pt too wide) in paragraph at lines 103--103
[]\TU/lmr/m/n/10 1.1098| 
 []


Overfull \hbox (29.25563pt too wide) in paragraph at lines 103--104
[]\TU/lmr/m/n/10 15.5223| 
 []


Overfull \hbox (16.47563pt too wide) in paragraph at lines 105--105
[]\TU/lmr/m/n/10 8033| 
 []


Overfull \hbox (39.25563pt too wide) in paragraph at lines 105--105
[]\TU/lmr/m/n/10 97.049924| 
 []


Overfull \hbox (39.25563pt too wide) in paragraph at lines 105--105
[]\TU/lmr/m/n/10 46.994400| 
 []


Overfull \hbox (39.25563pt too wide) in paragraph at lines 105--105
[]\TU/lmr/m/n/10 79.452396| 
 []


Overfull \hbox (39.25563pt too wide) in paragraph at lines 105--105
[]\TU/lmr/m/n/10 42.265090| 
 []


Overfull \hbox (34.25563pt too wide) in paragraph at lines 105--105
[]\TU/lmr/m/n/10 0.000000| 
 []


Overfull \hbox (39.25563pt too wide) in paragraph at lines 105--105
[]\TU/lmr/m/n/10 91.047762| 
 []


Overfull \hbox (29.25563pt too wide) in paragraph at lines 105--105
[]\TU/lmr/m/n/10 62.4000| 
 []


Overfull \hbox (39.25563pt too wide) in paragraph at lines 105--105
[]\TU/lmr/m/n/10 71.362558| 
 []


Overfull \hbox (39.25563pt too wide) in paragraph at lines 105--105
[]\TU/lmr/m/n/10 94.820416| 
 []


Overfull \hbox (39.25563pt too wide) in paragraph at lines 105--105
[]\TU/lmr/m/n/10 74.300112| 
 []


Overfull \hbox (4.81563pt too wide) in paragraph at lines 105--105
[]\TU/lmr/m/n/10 ...| 
 []


Overfull \hbox (39.25563pt too wide) in paragraph at lines 105--105
[]\TU/lmr/m/n/10 91.557789| 
 []


Overfull \hbox (39.25563pt too wide) in paragraph at lines 105--105
[]\TU/lmr/m/n/10 82.326913| 
 []


Overfull \hbox (39.25563pt too wide) in paragraph at lines 105--105
[]\TU/lmr/m/n/10 64.461343| 
 []


Overfull \hbox (39.25563pt too wide) in paragraph at lines 105--105
[]\TU/lmr/m/n/10 92.939990| 
 []


Overfull \hbox (29.25563pt too wide) in paragraph at lines 105--105
[]\TU/lmr/m/n/10 91.4114| 
 []


Overfull \hbox (24.25563pt too wide) in paragraph at lines 105--105
[]\TU/lmr/m/n/10 6.9425| 
 []


Overfull \hbox (24.25563pt too wide) in paragraph at lines 105--105
[]\TU/lmr/m/n/10 0.6728| 
 []


Overfull \hbox (24.25563pt too wide) in paragraph at lines 105--105
[]\TU/lmr/m/n/10 0.2577| 
 []


Overfull \hbox (24.25563pt too wide) in paragraph at lines 105--105
[]\TU/lmr/m/n/10 0.7157| 
 []


Overfull \hbox (24.25563pt too wide) in paragraph at lines 105--106
[]\TU/lmr/m/n/10 0.0000| 
 []


Overfull \hbox (16.47563pt too wide) in paragraph at lines 107--107
[]\TU/lmr/m/n/10 8034| 
 []


Overfull \hbox (39.25563pt too wide) in paragraph at lines 107--107
[]\TU/lmr/m/n/10 97.226425| 
 []


Overfull \hbox (39.25563pt too wide) in paragraph at lines 107--107
[]\TU/lmr/m/n/10 50.541381| 
 []


Overfull \hbox (39.25563pt too wide) in paragraph at lines 107--107
[]\TU/lmr/m/n/10 79.775980| 
 []


Overfull \hbox (39.25563pt too wide) in paragraph at lines 107--107
[]\TU/lmr/m/n/10 97.510890| 
 []


Overfull \hbox (39.25563pt too wide) in paragraph at lines 107--107
[]\TU/lmr/m/n/10 67.586207| 
 []


Overfull \hbox (39.25563pt too wide) in paragraph at lines 107--107
[]\TU/lmr/m/n/10 90.897724| 
 []


Overfull \hbox (29.25563pt too wide) in paragraph at lines 107--107
[]\TU/lmr/m/n/10 98.0750| 
 []


Overfull \hbox (39.25563pt too wide) in paragraph at lines 107--107
[]\TU/lmr/m/n/10 61.833396| 
 []


Overfull \hbox (39.25563pt too wide) in paragraph at lines 107--107
[]\TU/lmr/m/n/10 97.391304| 
 []


Overfull \hbox (39.25563pt too wide) in paragraph at lines 107--107
[]\TU/lmr/m/n/10 82.232176| 
 []


Overfull \hbox (4.81563pt too wide) in paragraph at lines 107--107
[]\TU/lmr/m/n/10 ...| 
 []


Overfull \hbox (39.25563pt too wide) in paragraph at lines 107--107
[]\TU/lmr/m/n/10 88.316583| 
 []


Overfull \hbox (39.25563pt too wide) in paragraph at lines 107--107
[]\TU/lmr/m/n/10 83.224883| 
 []


Overfull \hbox (39.25563pt too wide) in paragraph at lines 107--107
[]\TU/lmr/m/n/10 70.532319| 
 []


Overfull \hbox (39.25563pt too wide) in paragraph at lines 107--107
[]\TU/lmr/m/n/10 76.727181| 
 []


Overfull \hbox (29.25563pt too wide) in paragraph at lines 107--107
[]\TU/lmr/m/n/10 91.0941| 
 []


Overfull \hbox (24.25563pt too wide) in paragraph at lines 107--107
[]\TU/lmr/m/n/10 1.3147| 
 []


Overfull \hbox (24.25563pt too wide) in paragraph at lines 107--107
[]\TU/lmr/m/n/10 1.9084| 
 []


Overfull \hbox (24.25563pt too wide) in paragraph at lines 107--107
[]\TU/lmr/m/n/10 0.0000| 
 []


Overfull \hbox (24.25563pt too wide) in paragraph at lines 107--107
[]\TU/lmr/m/n/10 0.0000| 
 []


Overfull \hbox (24.25563pt too wide) in paragraph at lines 107--108
[]\TU/lmr/m/n/10 5.6828| 
 []


Overfull \hbox (11.64996pt too wide) in paragraph at lines 138--139
[]\TU/lmr/m/n/10 Store the \TU/lmr/bx/n/10 inertia \TU/lmr/m/n/10 (within-clust
er sum of squared distances) in \TU/lmtt/m/n/10 inertias\TU/lmr/m/n/10 . 
 []


Overfull \hbox (12.0pt too wide) in paragraph at lines 164--164
[]\TU/lmtt/m/n/10 # Run KMeans for k = 2,...,10 and compute inertia + silhouett
e score[] 
 []

[2] [3]
Overfull \hbox (243.0pt too wide) in paragraph at lines 204--204
[]\TU/lmtt/m/n/10 plt.savefig("../visualizations/kmeans_visualizations/elbowvss
ilohuette_chart.png", dpi=300, bbox_inches="tight")[] 
 []

File: files/6081317cf6029984a4e1bb90a86cbdaf.png Graphic file (type bmp)
<files/6081317cf6029984a4e1bb90a86cbdaf.png>

Overfull \hbox (59.25pt too wide) in paragraph at lines 241--241
[]\TU/lmtt/m/n/10 feature_cols = ['CIscoreP', 'OzoneP',  'PM2_5_P', 'DieselPM_P
', 'PesticideP',[] 
 []


Overfull \hbox (54.0pt too wide) in paragraph at lines 241--241
[]                 \TU/lmtt/m/n/10 'Tox_Rel_P', 'TrafficP', 'DrinkWatP', 'Lead_
P', 'CleanupP',[] 
 []


Overfull \hbox (80.25pt too wide) in paragraph at lines 241--241
[]                 \TU/lmtt/m/n/10 'GWThreatP', 'HazWasteP', 'ImpWatBodP', 'Sol
WasteP', 'PolBurdP',[] 
 []


Overfull \hbox (64.5pt too wide) in paragraph at lines 241--241
[]                 \TU/lmtt/m/n/10 'AsthmaP', 'LowBirWP', 'CardiovasP', 'Educat
P', 'Ling_IsolP',[] 
 []


Overfull \hbox (85.5pt too wide) in paragraph at lines 241--241
[]                \TU/lmtt/m/n/10 'Hispanic', 'White', 'AfricanAm', 'NativeAm',
 'OtherMult', 'AAPI'][] 
 []

[4]
Overfull \hbox (35.85564pt too wide) in paragraph at lines 250--250
[]\TU/lmr/m/n/10 CIscoreP| 
 []


Overfull \hbox (30.50563pt too wide) in paragraph at lines 250--250
[]\TU/lmr/m/n/10 OzoneP| 
 []


Overfull \hbox (44.26564pt too wide) in paragraph at lines 250--250
[]\TU/lmr/m/n/10 PM2_5_P| 
 []


Overfull \hbox (52.78563pt too wide) in paragraph at lines 250--250
[]\TU/lmr/m/n/10 DieselPM_P| 
 []


Overfull \hbox (42.08563pt too wide) in paragraph at lines 250--250
[]\TU/lmr/m/n/10 PesticideP| 
 []


Overfull \hbox (49.25563pt too wide) in paragraph at lines 250--250
[]\TU/lmr/m/n/10 Tox_Rel_P| 
 []


Overfull \hbox (31.36563pt too wide) in paragraph at lines 250--250
[]\TU/lmr/m/n/10 TrafficP| 
 []


Overfull \hbox (45.97563pt too wide) in paragraph at lines 250--250
[]\TU/lmr/m/n/10 DrinkWatP| 
 []


Overfull \hbox (32.03563pt too wide) in paragraph at lines 250--250
[]\TU/lmr/m/n/10 Lead_P| 
 []


Overfull \hbox (39.12564pt too wide) in paragraph at lines 250--250
[]\TU/lmr/m/n/10 CleanupP| 
 []


Overfull \hbox (4.81563pt too wide) in paragraph at lines 250--250
[]\TU/lmr/m/n/10 ...| 
 []


Overfull \hbox (36.78563pt too wide) in paragraph at lines 250--250
[]\TU/lmr/m/n/10 PovertyP| 
 []


Overfull \hbox (37.45563pt too wide) in paragraph at lines 250--250
[]\TU/lmr/m/n/10 UnemplP| 
 []


Overfull \hbox (47.40564pt too wide) in paragraph at lines 250--250
[]\TU/lmr/m/n/10 HousBurdP| 
 []


Overfull \hbox (42.07564pt too wide) in paragraph at lines 250--250
[]\TU/lmr/m/n/10 PopCharP| 
 []


Overfull \hbox (34.03563pt too wide) in paragraph at lines 250--250
[]\TU/lmr/m/n/10 Hispanic| 
 []


Overfull \hbox (23.42563pt too wide) in paragraph at lines 250--250
[]\TU/lmr/m/n/10 White| 
 []


Overfull \hbox (44.56563pt too wide) in paragraph at lines 250--250
[]\TU/lmr/m/n/10 AfricanAm| 
 []


Overfull \hbox (40.91563pt too wide) in paragraph at lines 250--250
[]\TU/lmr/m/n/10 NativeAm| 
 []


Overfull \hbox (43.46564pt too wide) in paragraph at lines 250--250
[]\TU/lmr/m/n/10 OtherMult| 
 []


Overfull \hbox (21.89563pt too wide) in paragraph at lines 250--251
[]\TU/lmr/m/n/10 AAPI| 
 []


Overfull \hbox (1.47563pt too wide) in paragraph at lines 252--252
[]\TU/lmr/m/n/10 0| 
 []


Overfull \hbox (34.25563pt too wide) in paragraph at lines 252--252
[]\TU/lmr/m/n/10 0.886505| 
 []


Overfull \hbox (34.25563pt too wide) in paragraph at lines 252--252
[]\TU/lmr/m/n/10 0.231807| 
 []


Overfull \hbox (34.25563pt too wide) in paragraph at lines 252--252
[]\TU/lmr/m/n/10 0.502308| 
 []


Overfull \hbox (34.25563pt too wide) in paragraph at lines 252--252
[]\TU/lmr/m/n/10 0.355547| 
 []


Underfull \hbox (badness 10000) in paragraph at lines 252--252
[]\TU/lmr/m/n/10 -
 []


Overfull \hbox (34.25563pt too wide) in paragraph at lines 252--252
\TU/lmr/m/n/10 0.033506| 
 []


Overfull \hbox (34.25563pt too wide) in paragraph at lines 252--252
[]\TU/lmr/m/n/10 0.389607| 
 []


Overfull \hbox (34.25563pt too wide) in paragraph at lines 252--252
[]\TU/lmr/m/n/10 0.123718| 
 []


Overfull \hbox (34.25563pt too wide) in paragraph at lines 252--252
[]\TU/lmr/m/n/10 0.351488| 
 []


Overfull \hbox (34.25563pt too wide) in paragraph at lines 252--252
[]\TU/lmr/m/n/10 0.656137| 
 []


Overfull \hbox (34.25563pt too wide) in paragraph at lines 252--252
[]\TU/lmr/m/n/10 0.258066| 
 []


Overfull \hbox (4.81563pt too wide) in paragraph at lines 252--252
[]\TU/lmr/m/n/10 ...| 
 []


Overfull \hbox (34.25563pt too wide) in paragraph at lines 252--252
[]\TU/lmr/m/n/10 0.763402| 
 []


Overfull \hbox (34.25563pt too wide) in paragraph at lines 252--252
[]\TU/lmr/m/n/10 0.454328| 
 []


Overfull \hbox (34.25563pt too wide) in paragraph at lines 252--252
[]\TU/lmr/m/n/10 0.603947| 
 []


Overfull \hbox (34.25563pt too wide) in paragraph at lines 252--252
[]\TU/lmr/m/n/10 0.852096| 
 []


Overfull \hbox (34.25563pt too wide) in paragraph at lines 252--252
[]\TU/lmr/m/n/10 0.786568| 
 []


Underfull \hbox (badness 10000) in paragraph at lines 252--252
[]\TU/lmr/m/n/10 -
 []


Overfull \hbox (34.25563pt too wide) in paragraph at lines 252--252
\TU/lmr/m/n/10 0.760642| 
 []


Overfull \hbox (34.25563pt too wide) in paragraph at lines 252--252
[]\TU/lmr/m/n/10 0.272985| 
 []


Underfull \hbox (badness 10000) in paragraph at lines 252--252
[]\TU/lmr/m/n/10 -
 []


Overfull \hbox (34.25563pt too wide) in paragraph at lines 252--252
\TU/lmr/m/n/10 0.064769| 
 []


Underfull \hbox (badness 10000) in paragraph at lines 252--252
[]\TU/lmr/m/n/10 -
 []


Overfull \hbox (34.25563pt too wide) in paragraph at lines 252--252
\TU/lmr/m/n/10 0.438613| 
 []


Underfull \hbox (badness 10000) in paragraph at lines 252--253
[]\TU/lmr/m/n/10 -
 []


Overfull \hbox (34.25563pt too wide) in paragraph at lines 252--253
\TU/lmr/m/n/10 0.164873| 
 []


Overfull \hbox (1.47563pt too wide) in paragraph at lines 254--254
[]\TU/lmr/m/n/10 1| 
 []


Underfull \hbox (badness 10000) in paragraph at lines 254--254
[]\TU/lmr/m/n/10 -
 []


Overfull \hbox (34.25563pt too wide) in paragraph at lines 254--254
\TU/lmr/m/n/10 0.789853| 
 []


Underfull \hbox (badness 10000) in paragraph at lines 254--254
[]\TU/lmr/m/n/10 -
 []


Overfull \hbox (34.25563pt too wide) in paragraph at lines 254--254
\TU/lmr/m/n/10 0.206534| 
 []


Underfull \hbox (badness 10000) in paragraph at lines 254--254
[]\TU/lmr/m/n/10 -
 []


Overfull \hbox (34.25563pt too wide) in paragraph at lines 254--254
\TU/lmr/m/n/10 0.447543| 
 []


Underfull \hbox (badness 10000) in paragraph at lines 254--254
[]\TU/lmr/m/n/10 -
 []


Overfull \hbox (34.25563pt too wide) in paragraph at lines 254--254
\TU/lmr/m/n/10 0.316783| 
 []


Overfull \hbox (34.25563pt too wide) in paragraph at lines 254--254
[]\TU/lmr/m/n/10 0.029853| 
 []


Underfull \hbox (badness 10000) in paragraph at lines 254--254
[]\TU/lmr/m/n/10 -
 []


Overfull \hbox (34.25563pt too wide) in paragraph at lines 254--254
\TU/lmr/m/n/10 0.347129| 
 []


Underfull \hbox (badness 10000) in paragraph at lines 254--254
[]\TU/lmr/m/n/10 -
 []


Overfull \hbox (34.25563pt too wide) in paragraph at lines 254--254
\TU/lmr/m/n/10 0.110230| 
 []


Underfull \hbox (badness 10000) in paragraph at lines 254--254
[]\TU/lmr/m/n/10 -
 []


Overfull \hbox (34.25563pt too wide) in paragraph at lines 254--254
\TU/lmr/m/n/10 0.313167| 
 []


Underfull \hbox (badness 10000) in paragraph at lines 254--254
[]\TU/lmr/m/n/10 -
 []


Overfull \hbox (34.25563pt too wide) in paragraph at lines 254--254
\TU/lmr/m/n/10 0.584601| 
 []


Underfull \hbox (badness 10000) in paragraph at lines 254--254
[]\TU/lmr/m/n/10 -
 []


Overfull \hbox (34.25563pt too wide) in paragraph at lines 254--254
\TU/lmr/m/n/10 0.229930| 
 []


Overfull \hbox (4.81563pt too wide) in paragraph at lines 254--254
[]\TU/lmr/m/n/10 ...| 
 []


Underfull \hbox (badness 10000) in paragraph at lines 254--254
[]\TU/lmr/m/n/10 -
 []


Overfull \hbox (34.25563pt too wide) in paragraph at lines 254--254
\TU/lmr/m/n/10 0.680171| 
 []


Underfull \hbox (badness 10000) in paragraph at lines 254--254
[]\TU/lmr/m/n/10 -
 []


Overfull \hbox (34.25563pt too wide) in paragraph at lines 254--254
\TU/lmr/m/n/10 0.404795| 
 []


Underfull \hbox (badness 10000) in paragraph at lines 254--254
[]\TU/lmr/m/n/10 -
 []


Overfull \hbox (34.25563pt too wide) in paragraph at lines 254--254
\TU/lmr/m/n/10 0.538101| 
 []


Underfull \hbox (badness 10000) in paragraph at lines 254--254
[]\TU/lmr/m/n/10 -
 []


Overfull \hbox (34.25563pt too wide) in paragraph at lines 254--254
\TU/lmr/m/n/10 0.759195| 
 []


Underfull \hbox (badness 10000) in paragraph at lines 254--254
[]\TU/lmr/m/n/10 -
 []


Overfull \hbox (34.25563pt too wide) in paragraph at lines 254--254
\TU/lmr/m/n/10 0.700812| 
 []


Overfull \hbox (34.25563pt too wide) in paragraph at lines 254--254
[]\TU/lmr/m/n/10 0.677713| 
 []


Underfull \hbox (badness 10000) in paragraph at lines 254--254
[]\TU/lmr/m/n/10 -
 []


Overfull \hbox (34.25563pt too wide) in paragraph at lines 254--254
\TU/lmr/m/n/10 0.243223| 
 []


Overfull \hbox (34.25563pt too wide) in paragraph at lines 254--254
[]\TU/lmr/m/n/10 0.057707| 
 []


Overfull \hbox (34.25563pt too wide) in paragraph at lines 254--254
[]\TU/lmr/m/n/10 0.390793| 
 []


Overfull \hbox (34.25563pt too wide) in paragraph at lines 254--255
[]\TU/lmr/m/n/10 0.146898| 
 []


Overfull \hbox (7.89998pt too wide) in paragraph at lines 275--276
[]\TU/lmr/m/n/10 The final cluster assignments for each tract are stored in \TU
/lmtt/m/n/10 final_labels\TU/lmr/m/n/10 . 
 []


Overfull \hbox (14.2pt too wide) in paragraph at lines 276--277
[]\TU/lmr/m/n/10 The standardized cluster means (centers) are stored in \TU/lmt
t/m/n/10 cluster_centers
 []

[5]
Overfull \hbox (64.5pt too wide) in paragraph at lines 326--326
[]\TU/lmtt/m/n/10 feature_order = cluster_centers.var(axis=0).sort_values(ascen
ding=False).index[] 
 []


Overfull \hbox (90.75pt too wide) in paragraph at lines 326--326
[]\TU/lmtt/m/n/10 fig, ax = plt.subplots(figsize=(min(0.5 * len(feature_order) 
+ 3, 18), 3 + best_k))[] 
 []


Overfull \hbox (211.5pt too wide) in paragraph at lines 326--326
[]\TU/lmtt/m/n/10 plt.savefig("../visualizations/kmeans_visualizations/cluster_
heatmap_2.png", dpi=300, bbox_inches="tight")[] 
 []

File: files/b3589875fa67aeaf7b13a2977b5d114e.png Graphic file (type bmp)
<files/b3589875fa67aeaf7b13a2977b5d114e.png>
[6]
./kmeans_analysis.tex:349: Missing $ inserted.
<inserted text> 
                $
l.349 \rightarrow
                  This cluster represents \textbf{high-burden, high-vulnerab...
I've inserted a begin-math/end-math symbol since I think
you left one out. Proceed, with fingers crossed.


./kmeans_analysis.tex:350: LaTeX Error: Command \item invalid in math mode.

See the LaTeX manual or LaTeX Companion for explanation.
Type  H <return>  for immediate help.
 ...                                              
                                                  
l.350 \item
            \textbf{Cluster 1} shows the opposite pattern: most environmenta...

Try typing  <return>  to proceed.
If that doesn't work, type  X <return>  to quit.


./kmeans_analysis.tex:350: LaTeX Error: Something's wrong--perhaps a missing \i
tem.

See the LaTeX manual or LaTeX Companion for explanation.
Type  H <return>  for immediate help.
 ...                                              
                                                  
l.350 \item \textbf
                   {Cluster 1} shows the opposite pattern: most environmenta...

Try typing  <return>  to proceed.
If that doesn't work, type  X <return>  to quit.


./kmeans_analysis.tex:350: LaTeX Error: Something's wrong--perhaps a missing \i
tem.

See the LaTeX manual or LaTeX Companion for explanation.
Type  H <return>  for immediate help.
 ...                                              
                                                  
l.350 \item \textbf
                   {Cluster 1} shows the opposite pattern: most environmenta...

Try typing  <return>  to proceed.
If that doesn't work, type  X <return>  to quit.


./kmeans_analysis.tex:352: LaTeX Error: Command \end{itemize} invalid in math m
ode.

See the LaTeX manual or LaTeX Companion for explanation.
Type  H <return>  for immediate help.
 ...                                              
                                                  
l.352 \end{itemize}
                   
Try typing  <return>  to proceed.
If that doesn't work, type  X <return>  to quit.


./kmeans_analysis.tex:352: LaTeX Error: Something's wrong--perhaps a missing \i
tem.

See the LaTeX manual or LaTeX Companion for explanation.
Type  H <return>  for immediate help.
 ...                                              
                                                  
l.352 \end{itemize}
                   
Try typing  <return>  to proceed.
If that doesn't work, type  X <return>  to quit.


./kmeans_analysis.tex:352: LaTeX Error: Something's wrong--perhaps a missing \i
tem.

See the LaTeX manual or LaTeX Companion for explanation.
Type  H <return>  for immediate help.
 ...                                              
                                                  
l.352 \end{itemize}
                   
Try typing  <return>  to proceed.
If that doesn't work, type  X <return>  to quit.

./kmeans_analysis.tex:352: Missing $ inserted.
<inserted text> 
                $
l.352 \end{itemize}
                   
I've inserted something that you may have forgotten.
(See the <inserted text> above.)
With luck, this will get me unwedged. But if you
really didn't forget anything, try typing `2' now; then
my insertion and my current dilemma will both disappear.


Overfull \hbox (253.18744pt too wide) in paragraph at lines 348--353
\OMS/cmsy/m/n/10 ! \OML/cmm/m/it/10 Thisclusterrepresents[]:[]showstheoppositep
attern \OT1/cmr/m/n/10 :
 []


Overfull \hbox (99.1029pt too wide) in paragraph at lines 348--353
\OML/cmm/m/it/10 mostenvironmentalandsocioeconomicburdenindicatorsarebelowavera
ge; while[]isaboveaverage:[] 
 []


Overfull \hbox (71.21658pt too wide) in paragraph at lines 348--353
\OMS/cmsy/m/n/10 ! \OML/cmm/m/it/10 Thisclusterrepresents[]:$ 
 []


Overfull \hbox (35.85564pt too wide) in paragraph at lines 375--375
[]\TU/lmr/m/n/10 CIscoreP| 
 []


Overfull \hbox (30.50563pt too wide) in paragraph at lines 375--375
[]\TU/lmr/m/n/10 OzoneP| 
 []


Overfull \hbox (44.26564pt too wide) in paragraph at lines 375--375
[]\TU/lmr/m/n/10 PM2_5_P| 
 []


Overfull \hbox (52.78563pt too wide) in paragraph at lines 375--375
[]\TU/lmr/m/n/10 DieselPM_P| 
 []


Overfull \hbox (42.08563pt too wide) in paragraph at lines 375--375
[]\TU/lmr/m/n/10 PesticideP| 
 []


Overfull \hbox (49.25563pt too wide) in paragraph at lines 375--375
[]\TU/lmr/m/n/10 Tox_Rel_P| 
 []


Overfull \hbox (31.36563pt too wide) in paragraph at lines 375--375
[]\TU/lmr/m/n/10 TrafficP| 
 []


Overfull \hbox (45.97563pt too wide) in paragraph at lines 375--375
[]\TU/lmr/m/n/10 DrinkWatP| 
 []


Overfull \hbox (32.03563pt too wide) in paragraph at lines 375--375
[]\TU/lmr/m/n/10 Lead_P| 
 []


Overfull \hbox (39.12564pt too wide) in paragraph at lines 375--375
[]\TU/lmr/m/n/10 CleanupP| 
 []


Overfull \hbox (4.81563pt too wide) in paragraph at lines 375--375
[]\TU/lmr/m/n/10 ...| 
 []


Overfull \hbox (36.78563pt too wide) in paragraph at lines 375--375
[]\TU/lmr/m/n/10 PovertyP| 
 []


Overfull \hbox (37.45563pt too wide) in paragraph at lines 375--375
[]\TU/lmr/m/n/10 UnemplP| 
 []


Overfull \hbox (47.40564pt too wide) in paragraph at lines 375--375
[]\TU/lmr/m/n/10 HousBurdP| 
 []


Overfull \hbox (42.07564pt too wide) in paragraph at lines 375--375
[]\TU/lmr/m/n/10 PopCharP| 
 []


Overfull \hbox (34.03563pt too wide) in paragraph at lines 375--375
[]\TU/lmr/m/n/10 Hispanic| 
 []


Overfull \hbox (23.42563pt too wide) in paragraph at lines 375--375
[]\TU/lmr/m/n/10 White| 
 []


Overfull \hbox (44.56563pt too wide) in paragraph at lines 375--375
[]\TU/lmr/m/n/10 AfricanAm| 
 []


Overfull \hbox (40.91563pt too wide) in paragraph at lines 375--375
[]\TU/lmr/m/n/10 NativeAm| 
 []


Overfull \hbox (43.46564pt too wide) in paragraph at lines 375--375
[]\TU/lmr/m/n/10 OtherMult| 
 []


Overfull \hbox (21.89563pt too wide) in paragraph at lines 375--376
[]\TU/lmr/m/n/10 AAPI| 
 []


Overfull \hbox (1.47563pt too wide) in paragraph at lines 377--377
[]\TU/lmr/m/n/10 0| 
 []


Overfull \hbox (34.25563pt too wide) in paragraph at lines 377--377
[]\TU/lmr/m/n/10 0.163023| 
 []


Overfull \hbox (34.25563pt too wide) in paragraph at lines 377--377
[]\TU/lmr/m/n/10 0.315260| 
 []


Underfull \hbox (badness 10000) in paragraph at lines 377--377
[]\TU/lmr/m/n/10 -
 []


Overfull \hbox (34.25563pt too wide) in paragraph at lines 377--377
\TU/lmr/m/n/10 0.357524| 
 []


Underfull \hbox (badness 10000) in paragraph at lines 377--377
[]\TU/lmr/m/n/10 -
 []


Overfull \hbox (34.25563pt too wide) in paragraph at lines 377--377
\TU/lmr/m/n/10 0.491246| 
 []


Overfull \hbox (34.25563pt too wide) in paragraph at lines 377--377
[]\TU/lmr/m/n/10 0.451294| 
 []


Underfull \hbox (badness 10000) in paragraph at lines 377--377
[]\TU/lmr/m/n/10 -
 []


Overfull \hbox (34.25563pt too wide) in paragraph at lines 377--377
\TU/lmr/m/n/10 0.599798| 
 []


Underfull \hbox (badness 10000) in paragraph at lines 377--377
[]\TU/lmr/m/n/10 -
 []


Overfull \hbox (34.25563pt too wide) in paragraph at lines 377--377
\TU/lmr/m/n/10 0.559154| 
 []


Underfull \hbox (badness 10000) in paragraph at lines 377--377
[]\TU/lmr/m/n/10 -
 []


Overfull \hbox (34.25563pt too wide) in paragraph at lines 377--377
\TU/lmr/m/n/10 0.033611| 
 []


Underfull \hbox (badness 10000) in paragraph at lines 377--377
[]\TU/lmr/m/n/10 -
 []


Overfull \hbox (34.25563pt too wide) in paragraph at lines 377--377
\TU/lmr/m/n/10 0.084915| 
 []


Underfull \hbox (badness 10000) in paragraph at lines 377--377
[]\TU/lmr/m/n/10 -
 []


Overfull \hbox (34.25563pt too wide) in paragraph at lines 377--377
\TU/lmr/m/n/10 0.327967| 
 []


Overfull \hbox (4.81563pt too wide) in paragraph at lines 377--377
[]\TU/lmr/m/n/10 ...| 
 []


Overfull \hbox (34.25563pt too wide) in paragraph at lines 377--377
[]\TU/lmr/m/n/10 0.485245| 
 []


Overfull \hbox (34.25563pt too wide) in paragraph at lines 377--377
[]\TU/lmr/m/n/10 0.513885| 
 []


Overfull \hbox (34.25563pt too wide) in paragraph at lines 377--377
[]\TU/lmr/m/n/10 0.043427| 
 []


Overfull \hbox (34.25563pt too wide) in paragraph at lines 377--377
[]\TU/lmr/m/n/10 0.563190| 
 []


Overfull \hbox (34.25563pt too wide) in paragraph at lines 377--377
[]\TU/lmr/m/n/10 0.243830| 
 []


Underfull \hbox (badness 10000) in paragraph at lines 377--377
[]\TU/lmr/m/n/10 -
 []


Overfull \hbox (34.25563pt too wide) in paragraph at lines 377--377
\TU/lmr/m/n/10 0.087735| 
 []


Overfull \hbox (34.25563pt too wide) in paragraph at lines 377--377
[]\TU/lmr/m/n/10 0.168028| 
 []


Overfull \hbox (34.25563pt too wide) in paragraph at lines 377--377
[]\TU/lmr/m/n/10 0.242361| 
 []


Overfull \hbox (34.25563pt too wide) in paragraph at lines 377--377
[]\TU/lmr/m/n/10 0.036419| 
 []


Underfull \hbox (badness 10000) in paragraph at lines 377--378
[]\TU/lmr/m/n/10 -
 []


Overfull \hbox (34.25563pt too wide) in paragraph at lines 377--378
\TU/lmr/m/n/10 0.377593| 
 []


Overfull \hbox (1.47563pt too wide) in paragraph at lines 379--379
[]\TU/lmr/m/n/10 1| 
 []


Underfull \hbox (badness 10000) in paragraph at lines 379--379
[]\TU/lmr/m/n/10 -
 []


Overfull \hbox (34.25563pt too wide) in paragraph at lines 379--379
\TU/lmr/m/n/10 1.195938| 
 []


Underfull \hbox (badness 10000) in paragraph at lines 379--379
[]\TU/lmr/m/n/10 -
 []


Overfull \hbox (34.25563pt too wide) in paragraph at lines 379--379
\TU/lmr/m/n/10 0.229747| 
 []


Underfull \hbox (badness 10000) in paragraph at lines 379--379
[]\TU/lmr/m/n/10 -
 []


Overfull \hbox (34.25563pt too wide) in paragraph at lines 379--379
\TU/lmr/m/n/10 0.604225| 
 []


Underfull \hbox (badness 10000) in paragraph at lines 379--379
[]\TU/lmr/m/n/10 -
 []


Overfull \hbox (34.25563pt too wide) in paragraph at lines 379--379
\TU/lmr/m/n/10 0.678470| 
 []


Overfull \hbox (34.25563pt too wide) in paragraph at lines 379--379
[]\TU/lmr/m/n/10 0.089290| 
 []


Underfull \hbox (badness 10000) in paragraph at lines 379--379
[]\TU/lmr/m/n/10 -
 []


Overfull \hbox (34.25563pt too wide) in paragraph at lines 379--379
\TU/lmr/m/n/10 0.529550| 
 []


Underfull \hbox (badness 10000) in paragraph at lines 379--379
[]\TU/lmr/m/n/10 -
 []


Overfull \hbox (34.25563pt too wide) in paragraph at lines 379--379
\TU/lmr/m/n/10 0.350217| 
 []


Underfull \hbox (badness 10000) in paragraph at lines 379--379
[]\TU/lmr/m/n/10 -
 []


Overfull \hbox (34.25563pt too wide) in paragraph at lines 379--379
\TU/lmr/m/n/10 0.439827| 
 []


Underfull \hbox (badness 10000) in paragraph at lines 379--379
[]\TU/lmr/m/n/10 -
 []


Overfull \hbox (34.25563pt too wide) in paragraph at lines 379--379
\TU/lmr/m/n/10 0.794830| 
 []


Underfull \hbox (badness 10000) in paragraph at lines 379--379
[]\TU/lmr/m/n/10 -
 []


Overfull \hbox (34.25563pt too wide) in paragraph at lines 379--379
\TU/lmr/m/n/10 0.447555| 
 []


Overfull \hbox (4.81563pt too wide) in paragraph at lines 379--379
[]\TU/lmr/m/n/10 ...| 
 []


Underfull \hbox (badness 10000) in paragraph at lines 379--379
[]\TU/lmr/m/n/10 -
 []


Overfull \hbox (34.25563pt too wide) in paragraph at lines 379--379
\TU/lmr/m/n/10 0.949510| 
 []


Underfull \hbox (badness 10000) in paragraph at lines 379--379
[]\TU/lmr/m/n/10 -
 []


Overfull \hbox (34.25563pt too wide) in paragraph at lines 379--379
\TU/lmr/m/n/10 0.570933| 
 []


Underfull \hbox (badness 10000) in paragraph at lines 379--379
[]\TU/lmr/m/n/10 -
 []


Overfull \hbox (34.25563pt too wide) in paragraph at lines 379--379
\TU/lmr/m/n/10 0.793418| 
 []


Underfull \hbox (badness 10000) in paragraph at lines 379--379
[]\TU/lmr/m/n/10 -
 []


Overfull \hbox (34.25563pt too wide) in paragraph at lines 379--379
\TU/lmr/m/n/10 1.108066| 
 []


Underfull \hbox (badness 10000) in paragraph at lines 379--379
[]\TU/lmr/m/n/10 -
 []


Overfull \hbox (34.25563pt too wide) in paragraph at lines 379--379
\TU/lmr/m/n/10 0.849991| 
 []


Overfull \hbox (34.25563pt too wide) in paragraph at lines 379--379
[]\TU/lmr/m/n/10 1.039094| 
 []


Underfull \hbox (badness 10000) in paragraph at lines 379--379
[]\TU/lmr/m/n/10 -
 []


Overfull \hbox (34.25563pt too wide) in paragraph at lines 379--379
\TU/lmr/m/n/10 0.384304| 
 []


Overfull \hbox (34.25563pt too wide) in paragraph at lines 379--379
[]\TU/lmr/m/n/10 0.033895| 
 []


Overfull \hbox (34.25563pt too wide) in paragraph at lines 379--379
[]\TU/lmr/m/n/10 0.377490| 
 []


Underfull \hbox (badness 10000) in paragraph at lines 379--380
[]\TU/lmr/m/n/10 -
 []


Overfull \hbox (34.25563pt too wide) in paragraph at lines 379--380
\TU/lmr/m/n/10 0.108950| 
 []


Overfull \hbox (1.47563pt too wide) in paragraph at lines 381--381
[]\TU/lmr/m/n/10 2| 
 []


Overfull \hbox (34.25563pt too wide) in paragraph at lines 381--381
[]\TU/lmr/m/n/10 1.180867| 
 []


Overfull \hbox (34.25563pt too wide) in paragraph at lines 381--381
[]\TU/lmr/m/n/10 0.304916| 
 []


Overfull \hbox (34.25563pt too wide) in paragraph at lines 381--381
[]\TU/lmr/m/n/10 0.853813| 
 []


Overfull \hbox (34.25563pt too wide) in paragraph at lines 381--381
[]\TU/lmr/m/n/10 0.572936| 
 []


Underfull \hbox (badness 10000) in paragraph at lines 381--381
[]\TU/lmr/m/n/10 -
 []


Overfull \hbox (34.25563pt too wide) in paragraph at lines 381--381
\TU/lmr/m/n/10 0.195983| 
 []


Overfull \hbox (34.25563pt too wide) in paragraph at lines 381--381
[]\TU/lmr/m/n/10 0.725536| 
 []


Overfull \hbox (34.25563pt too wide) in paragraph at lines 381--381
[]\TU/lmr/m/n/10 0.277460| 
 []


Overfull \hbox (34.25563pt too wide) in paragraph at lines 381--381
[]\TU/lmr/m/n/10 0.593590| 
 []


Overfull \hbox (34.25563pt too wide) in paragraph at lines 381--381
[]\TU/lmr/m/n/10 0.966809| 
 []


Overfull \hbox (34.25563pt too wide) in paragraph at lines 381--381
[]\TU/lmr/m/n/10 0.450978| 
 []


Overfull \hbox (4.81563pt too wide) in paragraph at lines 381--381
[]\TU/lmr/m/n/10 ...| 
 []


Overfull \hbox (34.25563pt too wide) in paragraph at lines 381--381
[]\TU/lmr/m/n/10 0.957071| 
 []


Overfull \hbox (34.25563pt too wide) in paragraph at lines 381--381
[]\TU/lmr/m/n/10 0.507591| 
 []


Overfull \hbox (34.25563pt too wide) in paragraph at lines 381--381
[]\TU/lmr/m/n/10 0.836477| 
 []


Overfull \hbox (34.25563pt too wide) in paragraph at lines 381--381
[]\TU/lmr/m/n/10 1.041357| 
 []


Overfull \hbox (34.25563pt too wide) in paragraph at lines 381--381
[]\TU/lmr/m/n/10 1.113518| 
 []


Underfull \hbox (badness 10000) in paragraph at lines 381--381
[]\TU/lmr/m/n/10 -
 []


Overfull \hbox (34.25563pt too wide) in paragraph at lines 381--381
\TU/lmr/m/n/10 0.992137| 
 []


Overfull \hbox (34.25563pt too wide) in paragraph at lines 381--381
[]\TU/lmr/m/n/10 0.287438| 
 []


Underfull \hbox (badness 10000) in paragraph at lines 381--381
[]\TU/lmr/m/n/10 -
 []


Overfull \hbox (34.25563pt too wide) in paragraph at lines 381--381
\TU/lmr/m/n/10 0.121336| 
 []


Underfull \hbox (badness 10000) in paragraph at lines 381--381
[]\TU/lmr/m/n/10 -
 []


Overfull \hbox (34.25563pt too wide) in paragraph at lines 381--381
\TU/lmr/m/n/10 0.703313| 
 []


Underfull \hbox (badness 10000) in paragraph at lines 381--382
[]\TU/lmr/m/n/10 -
 []


Overfull \hbox (34.25563pt too wide) in paragraph at lines 381--382
\TU/lmr/m/n/10 0.303633| 
 []


Overfull \hbox (1.47563pt too wide) in paragraph at lines 383--383
[]\TU/lmr/m/n/10 3| 
 []


Underfull \hbox (badness 10000) in paragraph at lines 383--383
[]\TU/lmr/m/n/10 -
 []


Overfull \hbox (34.25563pt too wide) in paragraph at lines 383--383
\TU/lmr/m/n/10 0.126892| 
 []


Underfull \hbox (badness 10000) in paragraph at lines 383--383
[]\TU/lmr/m/n/10 -
 []


Overfull \hbox (34.25563pt too wide) in paragraph at lines 383--383
\TU/lmr/m/n/10 0.369961| 
 []


Overfull \hbox (34.25563pt too wide) in paragraph at lines 383--383
[]\TU/lmr/m/n/10 0.028404| 
 []


Overfull \hbox (34.25563pt too wide) in paragraph at lines 383--383
[]\TU/lmr/m/n/10 0.564096| 
 []


Underfull \hbox (badness 10000) in paragraph at lines 383--383
[]\TU/lmr/m/n/10 -
 []


Overfull \hbox (34.25563pt too wide) in paragraph at lines 383--383
\TU/lmr/m/n/10 0.279100| 
 []


Overfull \hbox (34.25563pt too wide) in paragraph at lines 383--383
[]\TU/lmr/m/n/10 0.307955| 
 []


Overfull \hbox (34.25563pt too wide) in paragraph at lines 383--383
[]\TU/lmr/m/n/10 0.586114| 
 []


Underfull \hbox (badness 10000) in paragraph at lines 383--383
[]\TU/lmr/m/n/10 -
 []


Overfull \hbox (34.25563pt too wide) in paragraph at lines 383--383
\TU/lmr/m/n/10 0.149492| 
 []


Underfull \hbox (badness 10000) in paragraph at lines 383--383
[]\TU/lmr/m/n/10 -
 []


Overfull \hbox (34.25563pt too wide) in paragraph at lines 383--383
\TU/lmr/m/n/10 0.124495| 
 []


Overfull \hbox (34.25563pt too wide) in paragraph at lines 383--383
[]\TU/lmr/m/n/10 0.290071| 
 []


Overfull \hbox (4.81563pt too wide) in paragraph at lines 383--383
[]\TU/lmr/m/n/10 ...| 
 []


Underfull \hbox (badness 10000) in paragraph at lines 383--383
[]\TU/lmr/m/n/10 -
 []


Overfull \hbox (34.25563pt too wide) in paragraph at lines 383--383
\TU/lmr/m/n/10 0.442104| 
 []


Underfull \hbox (badness 10000) in paragraph at lines 383--383
[]\TU/lmr/m/n/10 -
 []


Overfull \hbox (34.25563pt too wide) in paragraph at lines 383--383
\TU/lmr/m/n/10 0.385137| 
 []


Underfull \hbox (badness 10000) in paragraph at lines 383--383
[]\TU/lmr/m/n/10 -
 []


Overfull \hbox (34.25563pt too wide) in paragraph at lines 383--383
\TU/lmr/m/n/10 0.088387| 
 []


Underfull \hbox (badness 10000) in paragraph at lines 383--383
[]\TU/lmr/m/n/10 -
 []


Overfull \hbox (34.25563pt too wide) in paragraph at lines 383--383
\TU/lmr/m/n/10 0.424706| 
 []


Underfull \hbox (badness 10000) in paragraph at lines 383--383
[]\TU/lmr/m/n/10 -
 []


Overfull \hbox (34.25563pt too wide) in paragraph at lines 383--383
\TU/lmr/m/n/10 0.525911| 
 []


Overfull \hbox (34.25563pt too wide) in paragraph at lines 383--383
[]\TU/lmr/m/n/10 0.022339| 
 []


Underfull \hbox (badness 10000) in paragraph at lines 383--383
[]\TU/lmr/m/n/10 -
 []


Overfull \hbox (34.25563pt too wide) in paragraph at lines 383--383
\TU/lmr/m/n/10 0.036511| 
 []


Underfull \hbox (badness 10000) in paragraph at lines 383--383
[]\TU/lmr/m/n/10 -
 []


Overfull \hbox (34.25563pt too wide) in paragraph at lines 383--383
\TU/lmr/m/n/10 0.114567| 
 []


Overfull \hbox (34.25563pt too wide) in paragraph at lines 383--383
[]\TU/lmr/m/n/10 0.348564| 
 []


Overfull \hbox (34.25563pt too wide) in paragraph at lines 383--384
[]\TU/lmr/m/n/10 0.821319| 
 []

[7]
Overfull \hbox (64.5pt too wide) in paragraph at lines 430--430
[]\TU/lmtt/m/n/10 feature_order = cluster_centers.var(axis=0).sort_values(ascen
ding=False).index[] 
 []


Overfull \hbox (64.5pt too wide) in paragraph at lines 430--430
[]\TU/lmtt/m/n/10 fig, ax = plt.subplots(figsize=(min(0.5 * len(feature_order) 
+ 3, 18), 3 + 4))[] 
 []


Overfull \hbox (211.5pt too wide) in paragraph at lines 430--430
[]\TU/lmtt/m/n/10 plt.savefig("../visualizations/kmeans_visualizations/cluster_
heatmap_4.png", dpi=300, bbox_inches="tight")[] 
 []

[8]
File: files/37bfe3910e4a114d211fcf00261da0b9.png Graphic file (type bmp)
<files/37bfe3910e4a114d211fcf00261da0b9.png>

Overfull \hbox (6.75pt too wide) in paragraph at lines 456--456
[]\TU/lmtt/m/n/10 shp_path = "../data/calenviroscreen40_shp/CES4 Final Shapefil
e.shp"[] 
 []


Overfull \hbox (59.25pt too wide) in paragraph at lines 468--468
[]\TU/lmtt/m/n/10 cluster_labels_2 = pd.Series(final_labels_2, index=X.index, n
ame="cluster_2")[] 
 []


Overfull \hbox (59.25pt too wide) in paragraph at lines 468--468
[]\TU/lmtt/m/n/10 cluster_labels_4 = pd.Series(final_labels_4, index=X.index, n
ame="cluster_4")[] 
 []

[9]
Overfull \hbox (190.5pt too wide) in paragraph at lines 485--485
[]\TU/lmtt/m/n/10 plt.savefig("../visualizations/kmeans_visualizations/cluster_
map_2.png", dpi=300, bbox_inches="tight")[] 
 []

File: files/1a4385a07d3ec64b034ce02d3597e6f8.png Graphic file (type bmp)
<files/1a4385a07d3ec64b034ce02d3597e6f8.png>
[10]
Overfull \hbox (190.5pt too wide) in paragraph at lines 504--504
[]\TU/lmtt/m/n/10 plt.savefig("../visualizations/kmeans_visualizations/cluster_
map_4.png", dpi=300, bbox_inches="tight")[] 
 []

File: files/eb0a8a2519718bdef75f4ae7fbaa0765.png Graphic file (type bmp)
<files/eb0a8a2519718bdef75f4ae7fbaa0765.png>
[11] (./kmeans_analysis.aux)
Package rerunfilecheck Info: File `kmeans_analysis.out' has not changed.
(rerunfilecheck)             Checksum: 2E0CB433D1C5619950327F52B8F08B1D;1062.
 ) 
Here is how much of TeX's memory you used:
 9818 strings out of 478151
 157299 string characters out of 5852999
 503939 words of memory out of 5000000
 30291 multiletter control sequences out of 15000+600000
 472435 words of font info for 48 fonts, out of 8000000 for 9000
 14 hyphenation exceptions out of 8191
 70i,8n,76p,1018b,464s stack positions out of 5000i,500n,10000p,200000b,80000s

Output written on kmeans_analysis.xdv (11 pages, 158596 bytes).
