This is XeTeX, Version 3.141592653-2.6-0.999993 (TeX Live 2022/dev/Debian) (preloaded format=xelatex 2025.12.10)  18 DEC 2025 05:41
entering extended mode
 \write18 enabled.
 file:line:error style messages enabled.
 %&-line parsing enabled.
**chart_descriptive_analysis.tex
(./chart_descriptive_analysis.tex
LaTeX2e <2021-11-15> patch level 1
L3 programming layer <2022-01-21> (/usr/share/texlive/texmf-dist/tex/latex/base
/article.cls
Document Class: article 2021/10/04 v1.4n Standard LaTeX document class
(/usr/share/texlive/texmf-dist/tex/latex/base/size10.clo
File: size10.clo 2021/10/04 v1.4n Standard LaTeX file (size option)
)
\c@part=\count181
\c@section=\count182
\c@subsection=\count183
\c@subsubsection=\count184
\c@paragraph=\count185
\c@subparagraph=\count186
\c@figure=\count187
\c@table=\count188
\abovecaptionskip=\skip47
\belowcaptionskip=\skip48
\bibindent=\dimen138
) (/usr/share/texlive/texmf-dist/tex/latex/hyperref/hyperref.sty
Package: hyperref 2021-06-07 v7.00m Hypertext links for LaTeX
(/usr/share/texlive/texmf-dist/tex/generic/ltxcmds/ltxcmds.sty
Package: ltxcmds 2020-05-10 v1.25 LaTeX kernel commands for general use (HO)
) (/usr/share/texlive/texmf-dist/tex/generic/iftex/iftex.sty
Package: iftex 2020/03/06 v1.0d TeX engine tests
) (/usr/share/texlive/texmf-dist/tex/generic/pdftexcmds/pdftexcmds.sty
Package: pdftexcmds 2020-06-27 v0.33 Utility functions of pdfTeX for LuaTeX (HO
)
(/usr/share/texlive/texmf-dist/tex/generic/infwarerr/infwarerr.sty
Package: infwarerr 2019/12/03 v1.5 Providing info/warning/error messages (HO)
)
Package pdftexcmds Info: \pdf@primitive is available.
Package pdftexcmds Info: \pdf@ifprimitive is available.
Package pdftexcmds Info: \pdfdraftmode not found.
) (/usr/share/texlive/texmf-dist/tex/latex/graphics/keyval.sty
Package: keyval 2014/10/28 v1.15 key=value parser (DPC)
\KV@toks@=\toks16
) (/usr/share/texlive/texmf-dist/tex/generic/kvsetkeys/kvsetkeys.sty
Package: kvsetkeys 2019/12/15 v1.18 Key value parser (HO)
) (/usr/share/texlive/texmf-dist/tex/generic/kvdefinekeys/kvdefinekeys.sty
Package: kvdefinekeys 2019-12-19 v1.6 Define keys (HO)
) (/usr/share/texlive/texmf-dist/tex/generic/pdfescape/pdfescape.sty
Package: pdfescape 2019/12/09 v1.15 Implements pdfTeX's escape features (HO)
) (/usr/share/texlive/texmf-dist/tex/latex/hycolor/hycolor.sty
Package: hycolor 2020-01-27 v1.10 Color options for hyperref/bookmark (HO)
) (/usr/share/texlive/texmf-dist/tex/latex/letltxmacro/letltxmacro.sty
Package: letltxmacro 2019/12/03 v1.6 Let assignment for LaTeX macros (HO)
) (/usr/share/texlive/texmf-dist/tex/latex/auxhook/auxhook.sty
Package: auxhook 2019-12-17 v1.6 Hooks for auxiliary files (HO)
) (/usr/share/texlive/texmf-dist/tex/latex/kvoptions/kvoptions.sty
Package: kvoptions 2020-10-07 v3.14 Key value format for package options (HO)
)
\@linkdim=\dimen139
\Hy@linkcounter=\count189
\Hy@pagecounter=\count190
(/usr/share/texlive/texmf-dist/tex/latex/hyperref/pd1enc.def
File: pd1enc.def 2021-06-07 v7.00m Hyperref: PDFDocEncoding definition (HO)
) (/usr/share/texlive/texmf-dist/tex/latex/hyperref/hyperref-langpatches.def
File: hyperref-langpatches.def 2021-06-07 v7.00m Hyperref: patches for babel la
nguages
) (/usr/share/texlive/texmf-dist/tex/generic/intcalc/intcalc.sty
Package: intcalc 2019/12/15 v1.3 Expandable calculations with integers (HO)
) (/usr/share/texlive/texmf-dist/tex/generic/etexcmds/etexcmds.sty
Package: etexcmds 2019/12/15 v1.7 Avoid name clashes with e-TeX commands (HO)
)
\Hy@SavedSpaceFactor=\count191
(/usr/share/texlive/texmf-dist/tex/latex/hyperref/puenc.def
File: puenc.def 2021-06-07 v7.00m Hyperref: PDF Unicode definition (HO)
)
Package hyperref Info: Hyper figures OFF on input line 4192.
Package hyperref Info: Link nesting OFF on input line 4197.
Package hyperref Info: Hyper index ON on input line 4200.
Package hyperref Info: Plain pages OFF on input line 4207.
Package hyperref Info: Backreferencing OFF on input line 4212.
Package hyperref Info: Implicit mode ON; LaTeX internals redefined.
Package hyperref Info: Bookmarks ON on input line 4445.
\c@Hy@tempcnt=\count192
(/usr/share/texlive/texmf-dist/tex/latex/url/url.sty
\Urlmuskip=\muskip16
Package: url 2013/09/16  ver 3.4  Verb mode for urls, etc.
)
LaTeX Info: Redefining \url on input line 4804.
\XeTeXLinkMargin=\dimen140
(/usr/share/texlive/texmf-dist/tex/generic/bitset/bitset.sty
Package: bitset 2019/12/09 v1.3 Handle bit-vector datatype (HO)
(/usr/share/texlive/texmf-dist/tex/generic/bigintcalc/bigintcalc.sty
Package: bigintcalc 2019/12/15 v1.5 Expandable calculations on big integers (HO
)
))
\Fld@menulength=\count193
\Field@Width=\dimen141
\Fld@charsize=\dimen142
Package hyperref Info: Hyper figures OFF on input line 6076.
Package hyperref Info: Link nesting OFF on input line 6081.
Package hyperref Info: Hyper index ON on input line 6084.
Package hyperref Info: backreferencing OFF on input line 6091.
Package hyperref Info: Link coloring OFF on input line 6096.
Package hyperref Info: Link coloring with OCG OFF on input line 6101.
Package hyperref Info: PDF/A mode OFF on input line 6106.
LaTeX Info: Redefining \ref on input line 6146.
LaTeX Info: Redefining \pageref on input line 6150.
(/usr/share/texlive/texmf-dist/tex/latex/base/atbegshi-ltx.sty
Package: atbegshi-ltx 2021/01/10 v1.0c Emulation of the original atbegshi
package with kernel methods
)
\Hy@abspage=\count194
\c@Item=\count195
\c@Hfootnote=\count196
)
Package hyperref Info: Driver (autodetected): hxetex.
(/usr/share/texlive/texmf-dist/tex/latex/hyperref/hxetex.def
File: hxetex.def 2021-06-07 v7.00m Hyperref driver for XeTeX
(/usr/share/texlive/texmf-dist/tex/generic/stringenc/stringenc.sty
Package: stringenc 2019/11/29 v1.12 Convert strings between diff. encodings (HO
)
)
\pdfm@box=\box50
\c@Hy@AnnotLevel=\count197
\HyField@AnnotCount=\count198
\Fld@listcount=\count199
\c@bookmark@seq@number=\count266
(/usr/share/texlive/texmf-dist/tex/latex/rerunfilecheck/rerunfilecheck.sty
Package: rerunfilecheck 2019/12/05 v1.9 Rerun checks for auxiliary files (HO)
(/usr/share/texlive/texmf-dist/tex/latex/base/atveryend-ltx.sty
Package: atveryend-ltx 2020/08/19 v1.0a Emulation of the original atveryend pac
kage
with kernel methods
) (/usr/share/texlive/texmf-dist/tex/generic/uniquecounter/uniquecounter.sty
Package: uniquecounter 2019/12/15 v1.4 Provide unlimited unique counter (HO)
)
Package uniquecounter Info: New unique counter `rerunfilecheck' on input line 2
86.
)
\Hy@SectionHShift=\skip49
) (/usr/share/texlive/texmf-dist/tex/latex/datetime/datetime.sty
Package: datetime 2015/03/20 v2.60 Date Time Package
(/usr/share/texlive/texmf-dist/tex/latex/etoolbox/etoolbox.sty
Package: etoolbox 2020/10/05 v2.5k e-TeX tools for LaTeX (JAW)
\etb@tempcnta=\count267
) (/usr/share/texlive/texmf-dist/tex/latex/fmtcount/fmtcount.sty
Invalid UTF-8 byte or sequence at line 10 replaced by U+FFFD.
Invalid UTF-8 byte or sequence at line 22 replaced by U+FFFD.
Package: fmtcount 2020/01/30 v3.07
(/usr/share/texlive/texmf-dist/tex/latex/base/ifthen.sty
Package: ifthen 2020/11/24 v1.1c Standard LaTeX ifthen package (DPC)
) (/usr/share/texlive/texmf-dist/tex/latex/xkeyval/xkeyval.sty
Package: xkeyval 2020/11/20 v2.8 package option processing (HA)
(/usr/share/texlive/texmf-dist/tex/generic/xkeyval/xkeyval.tex (/usr/share/texl
ive/texmf-dist/tex/generic/xkeyval/xkvutils.tex
\XKV@toks=\toks17
\XKV@tempa@toks=\toks18
)
\XKV@depth=\count268
File: xkeyval.tex 2014/12/03 v2.7a key=value parser (HA)
)) (/usr/share/texlive/texmf-dist/tex/latex/fmtcount/fcprefix.sty
Invalid UTF-8 byte or sequence at line 10 replaced by U+FFFD.
Invalid UTF-8 byte or sequence at line 22 replaced by U+FFFD.
Package: fcprefix 2012/09/28
(/usr/share/texlive/texmf-dist/tex/latex/fmtcount/fcnumparser.sty
Invalid UTF-8 byte or sequence at line 10 replaced by U+FFFD.
Invalid UTF-8 byte or sequence at line 22 replaced by U+FFFD.
Package: fcnumparser 2017/06/15
\fc@digit@counter=\count269
)) (/usr/share/texlive/texmf-dist/tex/latex/amsmath/amsgen.sty
File: amsgen.sty 1999/11/30 v2.0 generic functions
\@emptytoks=\toks19
\ex@=\dimen143
)
\c@padzeroesN=\count270
\fc@tmpcatcode=\count271
\@DT@modctr=\count272
\@ordinalctr=\count273
\@orgargctr=\count274
\@strctr=\count275
\@tmpstrctr=\count276
\@DT@loopN=\count277
\@DT@X=\count278
) (/usr/share/texlive/texmf-dist/tex/latex/datetime/datetime-defaults.sty
Package: datetime-defaults 2013/09/10
)
\@day=\count279
\@month=\count280
\@year=\count281
\c@HOUR=\count282
\c@HOURXII=\count283
\c@MINUTE=\count284
\c@TOHOUR=\count285
\c@TOMINUTE=\count286
\c@SECOND=\count287
\currenthour=\count288
\currentminute=\count289
\currentsecond=\count290
Package datetime Info: No datetime.cfg file found, using default settings on in
put line 308.
\@dtctr=\count291
\dayofyear=\count292
\dayofweek=\count293
LaTeX Info: Redefining \today on input line 736.
\dt@a=\toks20
\dt@b=\toks21
) (/usr/share/texlive/texmf-dist/tex/latex/graphics/graphicx.sty
Package: graphicx 2021/09/16 v1.2d Enhanced LaTeX Graphics (DPC,SPQR)
(/usr/share/texlive/texmf-dist/tex/latex/graphics/graphics.sty
Package: graphics 2021/03/04 v1.4d Standard LaTeX Graphics (DPC,SPQR)
(/usr/share/texlive/texmf-dist/tex/latex/graphics/trig.sty
Package: trig 2021/08/11 v1.11 sin cos tan (DPC)
) (/usr/share/texlive/texmf-dist/tex/latex/graphics-cfg/graphics.cfg
File: graphics.cfg 2016/06/04 v1.11 sample graphics configuration
)
Package graphics Info: Driver file: xetex.def on input line 107.
(/usr/share/texlive/texmf-dist/tex/latex/graphics-def/xetex.def
File: xetex.def 2021/03/18 v5.0k Graphics/color driver for xetex
))
\Gin@req@height=\dimen144
\Gin@req@width=\dimen145
) (/usr/share/texlive/texmf-dist/tex/latex/natbib/natbib.sty
Package: natbib 2010/09/13 8.31b (PWD, AO)
\bibhang=\skip50
\bibsep=\skip51
LaTeX Info: Redefining \cite on input line 694.
\c@NAT@ctr=\count294
) (/usr/share/texlive/texmf-dist/tex/latex/booktabs/booktabs.sty
Package: booktabs 2020/01/12 v1.61803398 Publication quality tables
\heavyrulewidth=\dimen146
\lightrulewidth=\dimen147
\cmidrulewidth=\dimen148
\belowrulesep=\dimen149
\belowbottomsep=\dimen150
\aboverulesep=\dimen151
\abovetopsep=\dimen152
\cmidrulesep=\dimen153
\cmidrulekern=\dimen154
\defaultaddspace=\dimen155
\@cmidla=\count295
\@cmidlb=\count296
\@aboverulesep=\dimen156
\@belowrulesep=\dimen157
\@thisruleclass=\count297
\@lastruleclass=\count298
\@thisrulewidth=\dimen158
)
Package hyperref Info: Option `colorlinks' set `true' on input line 16.
(/usr/share/texlive/texmf-dist/tex/latex/l3backend/l3backend-xetex.def
File: l3backend-xetex.def 2022-01-12 L3 backend support: XeTeX
(|extractbb --version)
\c__kernel_sys_dvipdfmx_version_int=\count299
\l__color_backend_stack_int=\count300
\g__color_backend_stack_int=\count301
\g__graphics_track_int=\count302
\l__pdf_internal_box=\box51
\g__pdf_backend_object_int=\count303
\g__pdf_backend_annotation_int=\count304
\g__pdf_backend_link_int=\count305
) (./chart_descriptive_analysis.aux)
\openout1 = `chart_descriptive_analysis.aux'.

LaTeX Font Info:    Checking defaults for OML/cmm/m/it on input line 29.
LaTeX Font Info:    ... okay on input line 29.
LaTeX Font Info:    Checking defaults for OMS/cmsy/m/n on input line 29.
LaTeX Font Info:    ... okay on input line 29.
LaTeX Font Info:    Checking defaults for OT1/cmr/m/n on input line 29.
LaTeX Font Info:    ... okay on input line 29.
LaTeX Font Info:    Checking defaults for T1/cmr/m/n on input line 29.
LaTeX Font Info:    ... okay on input line 29.
LaTeX Font Info:    Checking defaults for TS1/cmr/m/n on input line 29.
LaTeX Font Info:    Trying to load font information for TS1+cmr on input line 2
9.
(/usr/share/texlive/texmf-dist/tex/latex/base/ts1cmr.fd
File: ts1cmr.fd 2019/12/16 v2.5j Standard LaTeX font definitions
)
LaTeX Font Info:    ... okay on input line 29.
LaTeX Font Info:    Checking defaults for TU/lmr/m/n on input line 29.
LaTeX Font Info:    ... okay on input line 29.
LaTeX Font Info:    Checking defaults for OMX/cmex/m/n on input line 29.
LaTeX Font Info:    ... okay on input line 29.
LaTeX Font Info:    Checking defaults for U/cmr/m/n on input line 29.
LaTeX Font Info:    ... okay on input line 29.
LaTeX Font Info:    Checking defaults for PD1/pdf/m/n on input line 29.
LaTeX Font Info:    ... okay on input line 29.
LaTeX Font Info:    Checking defaults for PU/pdf/m/n on input line 29.
LaTeX Font Info:    ... okay on input line 29.
(/usr/share/texlive/texmf-dist/tex/latex/graphics/color.sty
Package: color 2021/12/07 v1.3c Standard LaTeX Color (DPC)
(/usr/share/texlive/texmf-dist/tex/latex/graphics-cfg/color.cfg
File: color.cfg 2016/01/02 v1.6 sample color configuration
)
Package color Info: Driver file: xetex.def on input line 149.
)
Package hyperref Info: Link coloring ON on input line 29.
(/usr/share/texlive/texmf-dist/tex/latex/hyperref/nameref.sty
Package: nameref 2021-04-02 v2.47 Cross-referencing by name of section
(/usr/share/texlive/texmf-dist/tex/latex/refcount/refcount.sty
Package: refcount 2019/12/15 v3.6 Data extraction from label references (HO)
) (/usr/share/texlive/texmf-dist/tex/generic/gettitlestring/gettitlestring.sty
Package: gettitlestring 2019/12/15 v1.6 Cleanup title references (HO)
)
\c@section@level=\count306
)
LaTeX Info: Redefining \ref on input line 29.
LaTeX Info: Redefining \pageref on input line 29.
LaTeX Info: Redefining \nameref on input line 29.
(./chart_descriptive_analysis.out) (./chart_descriptive_analysis.out)
\@outlinefile=\write3
\openout3 = `chart_descriptive_analysis.out'.

(/usr/share/texlive/texmf-dist/tex/latex/fmtcount/fc-english.def
Invalid UTF-8 byte or sequence at line 10 replaced by U+FFFD.
Invalid UTF-8 byte or sequence at line 22 replaced by U+FFFD.
File: fc-english.def 2016/01/12
)
LaTeX Font Info:    External font `cmex10' loaded for size
(Font)              <12> on input line 31.
LaTeX Font Info:    External font `cmex10' loaded for size
(Font)              <8> on input line 31.
LaTeX Font Info:    External font `cmex10' loaded for size
(Font)              <6> on input line 31.
File: curvenote.png Graphic file (type bmp)
<curvenote.png>

Overfull \hbox (69.75pt too wide) in paragraph at lines 52--52
[]\TU/lmtt/m/n/10 shape = gpd.read_file('../data/calenviroscreen40_shp/CES4 Fin
al Shapefile.shp')[] 
 []


Overfull \hbox (12.0pt too wide) in paragraph at lines 68--68
[]\TU/lmtt/m/n/10 Index(['Tract', 'ZIP', 'County', 'ApproxLoc', 'TotPop19', 'CI
score',[] 
 []


Overfull \hbox (17.25pt too wide) in paragraph at lines 68--68
[]       \TU/lmtt/m/n/10 'CIscoreP', 'Ozone', 'OzoneP', 'PM2_5', 'PM2_5_P', 'Di
eselPM',[] 
 []


Overfull \hbox (27.75pt too wide) in paragraph at lines 68--68
[]       \TU/lmtt/m/n/10 'DieselPM_P', 'Pesticide', 'PesticideP', 'Tox_Rel', 'T
ox_Rel_P',[] 
 []


Overfull \hbox (33.0pt too wide) in paragraph at lines 68--68
[]       \TU/lmtt/m/n/10 'Traffic', 'TrafficP', 'DrinkWat', 'DrinkWatP', 'Lead'
, 'Lead_P',[] 
 []


Overfull \hbox (69.75pt too wide) in paragraph at lines 68--68
[]       \TU/lmtt/m/n/10 'Cleanup', 'CleanupP', 'GWThreat', 'GWThreatP', 'HazWa
ste', 'HazWasteP',[] 
 []


Overfull \hbox (22.5pt too wide) in paragraph at lines 68--68
[]       \TU/lmtt/m/n/10 'ImpWatBod', 'ImpWatBodP', 'SolWaste', 'SolWasteP', 'P
ollBurd',[] 
 []


Overfull \hbox (59.25pt too wide) in paragraph at lines 68--68
[]       \TU/lmtt/m/n/10 'PolBurdSc', 'PolBurdP', 'Asthma', 'AsthmaP', 'LowBirt
Wt', 'LowBirWP',[] 
 []


Overfull \hbox (12.0pt too wide) in paragraph at lines 68--68
[]       \TU/lmtt/m/n/10 'Cardiovas', 'CardiovasP', 'Educatn', 'EducatP', 'Ling
_Isol',[] 
 []


Overfull \hbox (54.0pt too wide) in paragraph at lines 68--68
[]       \TU/lmtt/m/n/10 'Ling_IsolP', 'Poverty', 'PovertyP', 'Unempl', 'Unempl
P', 'HousBurd',[] 
 []


Overfull \hbox (6.75pt too wide) in paragraph at lines 68--68
[]       \TU/lmtt/m/n/10 'HousBurdP', 'PopChar', 'PopCharSc', 'PopCharP', 'Chil
d_10',[] 
 []


Overfull \hbox (64.5pt too wide) in paragraph at lines 68--68
[]       \TU/lmtt/m/n/10 'Pop_10_64', 'Elderly65', 'Hispanic', 'White', 'Africa
nAm', 'NativeAm',[] 
 []


Overfull \hbox (12.0pt too wide) in paragraph at lines 68--68
[]       \TU/lmtt/m/n/10 'OtherMult', 'Shape_Leng', 'Shape_Area', 'AAPI', 'geom
etry'],[] 
 []

LaTeX Font Info:    External font `cmex10' loaded for size
(Font)              <7> on input line 75.
LaTeX Font Info:    External font `cmex10' loaded for size
(Font)              <5> on input line 75.

Overfull \hbox (20.11563pt too wide) in paragraph at lines 77--77
[]\TU/lmr/m/n/10 Tract| 
 []


Overfull \hbox (13.00563pt too wide) in paragraph at lines 77--77
[]\TU/lmr/m/n/10 ZIP| 
 []


Overfull \hbox (28.42563pt too wide) in paragraph at lines 77--77
[]\TU/lmr/m/n/10 County| 
 []


Overfull \hbox (44.98563pt too wide) in paragraph at lines 77--77
[]\TU/lmr/m/n/10 ApproxLoc| 
 []


Overfull \hbox (38.84563pt too wide) in paragraph at lines 77--77
[]\TU/lmr/m/n/10 TotPop19| 
 []


Overfull \hbox (29.04564pt too wide) in paragraph at lines 77--77
[]\TU/lmr/m/n/10 CIscore| 
 []


Overfull \hbox (35.85564pt too wide) in paragraph at lines 77--77
[]\TU/lmr/m/n/10 CIscoreP| 
 []


Overfull \hbox (23.69563pt too wide) in paragraph at lines 77--77
[]\TU/lmr/m/n/10 Ozone| 
 []


Overfull \hbox (30.50563pt too wide) in paragraph at lines 77--77
[]\TU/lmr/m/n/10 OzoneP| 
 []


Overfull \hbox (29.95563pt too wide) in paragraph at lines 77--77
[]\TU/lmr/m/n/10 PM2_5| 
 []


Overfull \hbox (4.81563pt too wide) in paragraph at lines 77--77
[]\TU/lmr/m/n/10 ...| 
 []


Overfull \hbox (38.04564pt too wide) in paragraph at lines 77--77
[]\TU/lmr/m/n/10 Elderly65| 
 []


Overfull \hbox (34.03563pt too wide) in paragraph at lines 77--77
[]\TU/lmr/m/n/10 Hispanic| 
 []


Overfull \hbox (23.42563pt too wide) in paragraph at lines 77--77
[]\TU/lmr/m/n/10 White| 
 []


Overfull \hbox (44.56563pt too wide) in paragraph at lines 77--77
[]\TU/lmr/m/n/10 AfricanAm| 
 []


Overfull \hbox (40.91563pt too wide) in paragraph at lines 77--77
[]\TU/lmr/m/n/10 NativeAm| 
 []


Overfull \hbox (43.46564pt too wide) in paragraph at lines 77--77
[]\TU/lmr/m/n/10 OtherMult| 
 []


Overfull \hbox (51.62564pt too wide) in paragraph at lines 77--77
[]\TU/lmr/m/n/10 Shape_Leng| 
 []


Overfull \hbox (51.23563pt too wide) in paragraph at lines 77--77
[]\TU/lmr/m/n/10 Shape_Area| 
 []


Overfull \hbox (21.89563pt too wide) in paragraph at lines 77--77
[]\TU/lmr/m/n/10 AAPI| 
 []


Overfull \hbox (36.77563pt too wide) in paragraph at lines 77--78
[]\TU/lmr/m/n/10 geometry| 
 []


Overfull \hbox (1.47563pt too wide) in paragraph at lines 79--79
[]\TU/lmr/m/n/10 0| 
 []


Overfull \hbox (56.47563pt too wide) in paragraph at lines 79--79
[]\TU/lmr/m/n/10 6.083002e+09| 
 []


Overfull \hbox (21.47563pt too wide) in paragraph at lines 79--79
[]\TU/lmr/m/n/10 93454| 
 []


Overfull \hbox (21.20563pt too wide) in paragraph at lines 79--79
[]\TU/lmr/m/n/10 Santa
 []


Overfull \hbox (15.80563pt too wide) in paragraph at lines 79--79
\TU/lmr/m/n/10 Bar-
 []


Overfull \hbox (15.95563pt too wide) in paragraph at lines 79--79
\TU/lmr/m/n/10 bara| 
 []


Overfull \hbox (21.20563pt too wide) in paragraph at lines 79--79
[]\TU/lmr/m/n/10 Santa
 []


Overfull \hbox (22.34563pt too wide) in paragraph at lines 79--79
\TU/lmr/m/n/10 Maria| 
 []


Overfull \hbox (16.47563pt too wide) in paragraph at lines 79--79
[]\TU/lmr/m/n/10 4495| 
 []


Overfull \hbox (39.25563pt too wide) in paragraph at lines 79--79
[]\TU/lmr/m/n/10 36.019653| 
 []


Overfull \hbox (39.25563pt too wide) in paragraph at lines 79--79
[]\TU/lmr/m/n/10 69.162885| 
 []


Overfull \hbox (34.25563pt too wide) in paragraph at lines 79--79
[]\TU/lmr/m/n/10 0.034190| 
 []


Overfull \hbox (39.25563pt too wide) in paragraph at lines 79--79
[]\TU/lmr/m/n/10 10.566273| 
 []


Overfull \hbox (34.25563pt too wide) in paragraph at lines 79--79
[]\TU/lmr/m/n/10 7.567724| 
 []


Overfull \hbox (4.81563pt too wide) in paragraph at lines 79--79
[]\TU/lmr/m/n/10 ...| 
 []


Overfull \hbox (29.25563pt too wide) in paragraph at lines 79--79
[]\TU/lmr/m/n/10 12.5028| 
 []


Overfull \hbox (29.25563pt too wide) in paragraph at lines 79--79
[]\TU/lmr/m/n/10 68.9210| 
 []


Overfull \hbox (29.25563pt too wide) in paragraph at lines 79--79
[]\TU/lmr/m/n/10 20.8899| 
 []


Overfull \hbox (24.25563pt too wide) in paragraph at lines 79--79
[]\TU/lmr/m/n/10 0.4004| 
 []


Overfull \hbox (24.25563pt too wide) in paragraph at lines 79--79
[]\TU/lmr/m/n/10 0.2670| 
 []


Overfull \hbox (24.25563pt too wide) in paragraph at lines 79--79
[]\TU/lmr/m/n/10 1.3126| 
 []


Overfull \hbox (49.25563pt too wide) in paragraph at lines 79--79
[]\TU/lmr/m/n/10 6999.357689| 
 []


Overfull \hbox (56.47563pt too wide) in paragraph at lines 79--79
[]\TU/lmr/m/n/10 2.847611e+06| 
 []


Overfull \hbox (24.25563pt too wide) in paragraph at lines 79--79
[]\TU/lmr/m/n/10 8.2091| 
 []


Overfull \hbox (47.11563pt too wide) in paragraph at lines 79--80
[]\TU/lmr/m/n/10 POLYGON
 []


Overfull \hbox (7.58563pt too wide) in paragraph at lines 79--80
\TU/lmr/m/n/10 ((-
 []


Overfull \hbox (34.25563pt too wide) in paragraph at lines 79--80
\TU/lmr/m/n/10 39795.07
 []


Underfull \hbox (badness 10000) in paragraph at lines 79--80
\TU/lmr/m/n/10 -
 []


Overfull \hbox (47.03563pt too wide) in paragraph at lines 79--80
\TU/lmr/m/n/10 341919.191,
 []


Underfull \hbox (badness 10000) in paragraph at lines 79--80
\TU/lmr/m/n/10 -
 []


Overfull \hbox (39.25563pt too wide) in paragraph at lines 79--80
\TU/lmr/m/n/10 38126.384
 []


Underfull \hbox (badness 10000) in paragraph at lines 79--80
\TU/lmr/m/n/10 -
 []


Overfull \hbox (9.81563pt too wide) in paragraph at lines 79--80
\TU/lmr/m/n/10 3...| 
 []


Overfull \hbox (1.47563pt too wide) in paragraph at lines 81--81
[]\TU/lmr/m/n/10 1| 
 []


Overfull \hbox (56.47563pt too wide) in paragraph at lines 81--81
[]\TU/lmr/m/n/10 6.083002e+09| 
 []


Overfull \hbox (21.47563pt too wide) in paragraph at lines 81--81
[]\TU/lmr/m/n/10 93455| 
 []


Overfull \hbox (21.20563pt too wide) in paragraph at lines 81--81
[]\TU/lmr/m/n/10 Santa
 []


Overfull \hbox (15.80563pt too wide) in paragraph at lines 81--81
\TU/lmr/m/n/10 Bar-
 []


Overfull \hbox (15.95563pt too wide) in paragraph at lines 81--81
\TU/lmr/m/n/10 bara| 
 []


Overfull \hbox (21.20563pt too wide) in paragraph at lines 81--81
[]\TU/lmr/m/n/10 Santa
 []


Overfull \hbox (22.34563pt too wide) in paragraph at lines 81--81
\TU/lmr/m/n/10 Maria| 
 []


Overfull \hbox (21.47563pt too wide) in paragraph at lines 81--81
[]\TU/lmr/m/n/10 13173| 
 []


Overfull \hbox (39.25563pt too wide) in paragraph at lines 81--81
[]\TU/lmr/m/n/10 37.030667| 
 []


Overfull \hbox (39.25563pt too wide) in paragraph at lines 81--81
[]\TU/lmr/m/n/10 70.637922| 
 []


Overfull \hbox (34.25563pt too wide) in paragraph at lines 81--81
[]\TU/lmr/m/n/10 0.035217| 
 []


Overfull \hbox (39.25563pt too wide) in paragraph at lines 81--81
[]\TU/lmr/m/n/10 11.561917| 
 []


Overfull \hbox (34.25563pt too wide) in paragraph at lines 81--81
[]\TU/lmr/m/n/10 7.624775| 
 []


Overfull \hbox (4.81563pt too wide) in paragraph at lines 81--81
[]\TU/lmr/m/n/10 ...| 
 []


Overfull \hbox (24.25563pt too wide) in paragraph at lines 81--81
[]\TU/lmr/m/n/10 5.3519| 
 []


Overfull \hbox (29.25563pt too wide) in paragraph at lines 81--81
[]\TU/lmr/m/n/10 78.6229| 
 []


Overfull \hbox (29.25563pt too wide) in paragraph at lines 81--81
[]\TU/lmr/m/n/10 13.2240| 
 []


Overfull \hbox (24.25563pt too wide) in paragraph at lines 81--81
[]\TU/lmr/m/n/10 2.5051| 
 []


Overfull \hbox (24.25563pt too wide) in paragraph at lines 81--81
[]\TU/lmr/m/n/10 0.0000| 
 []


Overfull \hbox (24.25563pt too wide) in paragraph at lines 81--81
[]\TU/lmr/m/n/10 0.9489| 
 []


Overfull \hbox (54.25563pt too wide) in paragraph at lines 81--81
[]\TU/lmr/m/n/10 19100.578232| 
 []


Overfull \hbox (56.47563pt too wide) in paragraph at lines 81--81
[]\TU/lmr/m/n/10 1.635292e+07| 
 []


Overfull \hbox (24.25563pt too wide) in paragraph at lines 81--81
[]\TU/lmr/m/n/10 4.6990| 
 []


Overfull \hbox (47.11563pt too wide) in paragraph at lines 81--82
[]\TU/lmr/m/n/10 POLYGON
 []


Overfull \hbox (7.58563pt too wide) in paragraph at lines 81--82
\TU/lmr/m/n/10 ((-
 []


Overfull \hbox (34.25563pt too wide) in paragraph at lines 81--82
\TU/lmr/m/n/10 39795.07
 []


Underfull \hbox (badness 10000) in paragraph at lines 81--82
\TU/lmr/m/n/10 -
 []


Overfull \hbox (47.03563pt too wide) in paragraph at lines 81--82
\TU/lmr/m/n/10 341919.191,
 []


Underfull \hbox (badness 10000) in paragraph at lines 81--82
\TU/lmr/m/n/10 -
 []


Overfull \hbox (39.25563pt too wide) in paragraph at lines 81--82
\TU/lmr/m/n/10 39803.632
 []


Underfull \hbox (badness 10000) in paragraph at lines 81--82
\TU/lmr/m/n/10 -
 []


Overfull \hbox (9.81563pt too wide) in paragraph at lines 81--82
\TU/lmr/m/n/10 3...| 
 []


Overfull \hbox (1.47563pt too wide) in paragraph at lines 83--83
[]\TU/lmr/m/n/10 2| 
 []


Overfull \hbox (56.47563pt too wide) in paragraph at lines 83--83
[]\TU/lmr/m/n/10 6.083002e+09| 
 []


Overfull \hbox (21.47563pt too wide) in paragraph at lines 83--83
[]\TU/lmr/m/n/10 93454| 
 []


Overfull \hbox (21.20563pt too wide) in paragraph at lines 83--83
[]\TU/lmr/m/n/10 Santa
 []


Overfull \hbox (15.80563pt too wide) in paragraph at lines 83--83
\TU/lmr/m/n/10 Bar-
 []


Overfull \hbox (15.95563pt too wide) in paragraph at lines 83--83
\TU/lmr/m/n/10 bara| 
 []


Overfull \hbox (21.20563pt too wide) in paragraph at lines 83--83
[]\TU/lmr/m/n/10 Santa
 []


Overfull \hbox (22.34563pt too wide) in paragraph at lines 83--83
\TU/lmr/m/n/10 Maria| 
 []


Overfull \hbox (16.47563pt too wide) in paragraph at lines 83--83
[]\TU/lmr/m/n/10 2398| 
 []


Overfull \hbox (39.25563pt too wide) in paragraph at lines 83--83
[]\TU/lmr/m/n/10 31.213140| 
 []


Overfull \hbox (39.25563pt too wide) in paragraph at lines 83--83
[]\TU/lmr/m/n/10 61.069087| 
 []


Overfull \hbox (34.25563pt too wide) in paragraph at lines 83--83
[]\TU/lmr/m/n/10 0.034190| 
 []


Overfull \hbox (39.25563pt too wide) in paragraph at lines 83--83
[]\TU/lmr/m/n/10 10.566273| 
 []


Overfull \hbox (34.25563pt too wide) in paragraph at lines 83--83
[]\TU/lmr/m/n/10 7.548835| 
 []


Overfull \hbox (4.81563pt too wide) in paragraph at lines 83--83
[]\TU/lmr/m/n/10 ...| 
 []


Overfull \hbox (29.25563pt too wide) in paragraph at lines 83--83
[]\TU/lmr/m/n/10 12.8857| 
 []


Overfull \hbox (29.25563pt too wide) in paragraph at lines 83--83
[]\TU/lmr/m/n/10 65.7214| 
 []


Overfull \hbox (29.25563pt too wide) in paragraph at lines 83--83
[]\TU/lmr/m/n/10 30.6088| 
 []


Overfull \hbox (24.25563pt too wide) in paragraph at lines 83--83
[]\TU/lmr/m/n/10 0.9591| 
 []


Overfull \hbox (24.25563pt too wide) in paragraph at lines 83--83
[]\TU/lmr/m/n/10 0.0000| 
 []


Overfull \hbox (24.25563pt too wide) in paragraph at lines 83--83
[]\TU/lmr/m/n/10 2.1685| 
 []


Overfull \hbox (49.25563pt too wide) in paragraph at lines 83--83
[]\TU/lmr/m/n/10 4970.985897| 
 []


Overfull \hbox (56.47563pt too wide) in paragraph at lines 83--83
[]\TU/lmr/m/n/10 1.352329e+06| 
 []


Overfull \hbox (24.25563pt too wide) in paragraph at lines 83--83
[]\TU/lmr/m/n/10 0.5421| 
 []


Overfull \hbox (47.11563pt too wide) in paragraph at lines 83--84
[]\TU/lmr/m/n/10 POLYGON
 []


Overfull \hbox (7.58563pt too wide) in paragraph at lines 83--84
\TU/lmr/m/n/10 ((-
 []


Overfull \hbox (39.25563pt too wide) in paragraph at lines 83--84
\TU/lmr/m/n/10 38115.747
 []


Underfull \hbox (badness 10000) in paragraph at lines 83--84
\TU/lmr/m/n/10 -
 []


Overfull \hbox (47.03563pt too wide) in paragraph at lines 83--84
\TU/lmr/m/n/10 341130.248,
 []


Underfull \hbox (badness 10000) in paragraph at lines 83--84
\TU/lmr/m/n/10 -
 []


Overfull \hbox (39.25563pt too wide) in paragraph at lines 83--84
\TU/lmr/m/n/10 38126.384
 []


Underfull \hbox (badness 10000) in paragraph at lines 83--84
\TU/lmr/m/n/10 -
 []


Overfull \hbox (4.81563pt too wide) in paragraph at lines 83--84
\TU/lmr/m/n/10 ...| 
 []


Overfull \hbox (1.47563pt too wide) in paragraph at lines 85--85
[]\TU/lmr/m/n/10 3| 
 []


Overfull \hbox (56.47563pt too wide) in paragraph at lines 85--85
[]\TU/lmr/m/n/10 6.083002e+09| 
 []


Overfull \hbox (21.47563pt too wide) in paragraph at lines 85--85
[]\TU/lmr/m/n/10 93455| 
 []


Overfull \hbox (21.20563pt too wide) in paragraph at lines 85--85
[]\TU/lmr/m/n/10 Santa
 []


Overfull \hbox (15.80563pt too wide) in paragraph at lines 85--85
\TU/lmr/m/n/10 Bar-
 []


Overfull \hbox (15.95563pt too wide) in paragraph at lines 85--85
\TU/lmr/m/n/10 bara| 
 []


Overfull \hbox (25.95563pt too wide) in paragraph at lines 85--85
[]\TU/lmr/m/n/10 Orcutt| 
 []


Overfull \hbox (16.47563pt too wide) in paragraph at lines 85--85
[]\TU/lmr/m/n/10 4496| 
 []


Overfull \hbox (34.25563pt too wide) in paragraph at lines 85--85
[]\TU/lmr/m/n/10 6.639331| 
 []


Overfull \hbox (34.25563pt too wide) in paragraph at lines 85--85
[]\TU/lmr/m/n/10 5.988401| 
 []


Overfull \hbox (34.25563pt too wide) in paragraph at lines 85--85
[]\TU/lmr/m/n/10 0.036244| 
 []


Overfull \hbox (39.25563pt too wide) in paragraph at lines 85--85
[]\TU/lmr/m/n/10 13.615432| 
 []


Overfull \hbox (34.25563pt too wide) in paragraph at lines 85--85
[]\TU/lmr/m/n/10 7.660570| 
 []


Overfull \hbox (4.81563pt too wide) in paragraph at lines 85--85
[]\TU/lmr/m/n/10 ...| 
 []


Overfull \hbox (29.25563pt too wide) in paragraph at lines 85--85
[]\TU/lmr/m/n/10 14.4128| 
 []


Overfull \hbox (29.25563pt too wide) in paragraph at lines 85--85
[]\TU/lmr/m/n/10 22.9537| 
 []


Overfull \hbox (29.25563pt too wide) in paragraph at lines 85--85
[]\TU/lmr/m/n/10 69.1948| 
 []


Overfull \hbox (24.25563pt too wide) in paragraph at lines 85--85
[]\TU/lmr/m/n/10 0.9342| 
 []


Overfull \hbox (24.25563pt too wide) in paragraph at lines 85--85
[]\TU/lmr/m/n/10 0.7117| 
 []


Overfull \hbox (24.25563pt too wide) in paragraph at lines 85--85
[]\TU/lmr/m/n/10 2.5356| 
 []


Overfull \hbox (49.25563pt too wide) in paragraph at lines 85--85
[]\TU/lmr/m/n/10 6558.956012| 
 []


Overfull \hbox (56.47563pt too wide) in paragraph at lines 85--85
[]\TU/lmr/m/n/10 2.417717e+06| 
 []


Overfull \hbox (24.25563pt too wide) in paragraph at lines 85--85
[]\TU/lmr/m/n/10 3.6699| 
 []


Overfull \hbox (47.11563pt too wide) in paragraph at lines 85--86
[]\TU/lmr/m/n/10 POLYGON
 []


Overfull \hbox (7.58563pt too wide) in paragraph at lines 85--86
\TU/lmr/m/n/10 ((-
 []


Overfull \hbox (39.25563pt too wide) in paragraph at lines 85--86
\TU/lmr/m/n/10 37341.662
 []


Underfull \hbox (badness 10000) in paragraph at lines 85--86
\TU/lmr/m/n/10 -
 []


Overfull \hbox (47.03563pt too wide) in paragraph at lines 85--86
\TU/lmr/m/n/10 348530.437,
 []


Underfull \hbox (badness 10000) in paragraph at lines 85--86
\TU/lmr/m/n/10 -
 []


Overfull \hbox (39.25563pt too wide) in paragraph at lines 85--86
\TU/lmr/m/n/10 37252.307
 []


Underfull \hbox (badness 10000) in paragraph at lines 85--86
\TU/lmr/m/n/10 -
 []


Overfull \hbox (4.81563pt too wide) in paragraph at lines 85--86
\TU/lmr/m/n/10 ...| 
 []


Overfull \hbox (1.47563pt too wide) in paragraph at lines 87--87
[]\TU/lmr/m/n/10 4| 
 []


Overfull \hbox (56.47563pt too wide) in paragraph at lines 87--87
[]\TU/lmr/m/n/10 6.083002e+09| 
 []


Overfull \hbox (21.47563pt too wide) in paragraph at lines 87--87
[]\TU/lmr/m/n/10 93455| 
 []


Overfull \hbox (21.20563pt too wide) in paragraph at lines 87--87
[]\TU/lmr/m/n/10 Santa
 []


Overfull \hbox (15.80563pt too wide) in paragraph at lines 87--87
\TU/lmr/m/n/10 Bar-
 []


Overfull \hbox (15.95563pt too wide) in paragraph at lines 87--87
\TU/lmr/m/n/10 bara| 
 []


Overfull \hbox (25.95563pt too wide) in paragraph at lines 87--87
[]\TU/lmr/m/n/10 Orcutt| 
 []


Overfull \hbox (16.47563pt too wide) in paragraph at lines 87--87
[]\TU/lmr/m/n/10 4008| 
 []


Overfull \hbox (39.25563pt too wide) in paragraph at lines 87--87
[]\TU/lmr/m/n/10 14.022852| 
 []


Overfull \hbox (39.25563pt too wide) in paragraph at lines 87--87
[]\TU/lmr/m/n/10 23.121533| 
 []


Overfull \hbox (34.25563pt too wide) in paragraph at lines 87--87
[]\TU/lmr/m/n/10 0.036244| 
 []


Overfull \hbox (39.25563pt too wide) in paragraph at lines 87--87
[]\TU/lmr/m/n/10 13.615432| 
 []


Overfull \hbox (34.25563pt too wide) in paragraph at lines 87--87
[]\TU/lmr/m/n/10 7.663210| 
 []


Overfull \hbox (4.81563pt too wide) in paragraph at lines 87--87
[]\TU/lmr/m/n/10 ...| 
 []


Overfull \hbox (29.25563pt too wide) in paragraph at lines 87--87
[]\TU/lmr/m/n/10 18.8872| 
 []


Overfull \hbox (29.25563pt too wide) in paragraph at lines 87--87
[]\TU/lmr/m/n/10 33.4082| 
 []


Overfull \hbox (29.25563pt too wide) in paragraph at lines 87--87
[]\TU/lmr/m/n/10 59.7804| 
 []


Overfull \hbox (24.25563pt too wide) in paragraph at lines 87--87
[]\TU/lmr/m/n/10 0.6986| 
 []


Overfull \hbox (24.25563pt too wide) in paragraph at lines 87--87
[]\TU/lmr/m/n/10 1.4721| 
 []


Overfull \hbox (24.25563pt too wide) in paragraph at lines 87--87
[]\TU/lmr/m/n/10 1.3723| 
 []


Overfull \hbox (49.25563pt too wide) in paragraph at lines 87--87
[]\TU/lmr/m/n/10 6570.368730| 
 []


Overfull \hbox (56.47563pt too wide) in paragraph at lines 87--87
[]\TU/lmr/m/n/10 2.608422e+06| 
 []


Overfull \hbox (24.25563pt too wide) in paragraph at lines 87--87
[]\TU/lmr/m/n/10 3.2685| 
 []


Overfull \hbox (47.11563pt too wide) in paragraph at lines 87--88
[]\TU/lmr/m/n/10 POLYGON
 []


Overfull \hbox (7.58563pt too wide) in paragraph at lines 87--88
\TU/lmr/m/n/10 ((-
 []


Overfull \hbox (39.25563pt too wide) in paragraph at lines 87--88
\TU/lmr/m/n/10 39465.107
 []


Underfull \hbox (badness 10000) in paragraph at lines 87--88
\TU/lmr/m/n/10 -
 []


Overfull \hbox (47.03563pt too wide) in paragraph at lines 87--88
\TU/lmr/m/n/10 348499.262,
 []


Underfull \hbox (badness 10000) in paragraph at lines 87--88
\TU/lmr/m/n/10 -
 []


Overfull \hbox (39.25563pt too wide) in paragraph at lines 87--88
\TU/lmr/m/n/10 38244.305
 []


Underfull \hbox (badness 10000) in paragraph at lines 87--88
\TU/lmr/m/n/10 -
 []


Overfull \hbox (4.81563pt too wide) in paragraph at lines 87--88
\TU/lmr/m/n/10 ...| 
 []

[1

]
Overfull \vbox (5.52544pt too high) has occurred while \output is active []

[2]
Overfull \hbox (69.75pt too wide) in paragraph at lines 100--100
[]\TU/lmtt/m/n/10 race_cols = ['Hispanic', 'White', 'AfricanAm', 'NativeAm', 'O
therMult', 'AAPI'][] 
 []


Overfull \hbox (421.5pt too wide) in paragraph at lines 105--105
[]\TU/lmtt/m/n/10 df['sum'] = df.loc[:, 'Hispanic'] + df.loc[:, 'White'] + df.l
oc[:, 'AfricanAm'] + df.loc[:, 'NativeAm'] + df.loc[:, 'OtherMult']+df.loc[:, '
AAPI'][] 
 []


Overfull \hbox (6.435pt too wide) in paragraph at lines 110--110
[]\TU/lmr/m/n/10 Hispanic| 
 []


Overfull \hbox (16.965pt too wide) in paragraph at lines 110--110
[]\TU/lmr/m/n/10 AfricanAm| 
 []


Overfull \hbox (13.315pt too wide) in paragraph at lines 110--110
[]\TU/lmr/m/n/10 NativeAm| 
 []


Overfull \hbox (15.865pt too wide) in paragraph at lines 110--110
[]\TU/lmr/m/n/10 OtherMult| 
 []


Overfull \hbox (21.655pt too wide) in paragraph at lines 112--112
[]\TU/lmr/m/n/10 8011.000000| 
 []


Overfull \hbox (21.655pt too wide) in paragraph at lines 112--112
[]\TU/lmr/m/n/10 8011.000000| 
 []


Overfull \hbox (21.655pt too wide) in paragraph at lines 112--112
[]\TU/lmr/m/n/10 8011.000000| 
 []


Overfull \hbox (21.655pt too wide) in paragraph at lines 112--112
[]\TU/lmr/m/n/10 8011.000000| 
 []


Overfull \hbox (21.655pt too wide) in paragraph at lines 112--112
[]\TU/lmr/m/n/10 8011.000000| 
 []


Overfull \hbox (21.655pt too wide) in paragraph at lines 112--112
[]\TU/lmr/m/n/10 8011.000000| 
 []


Overfull \hbox (21.655pt too wide) in paragraph at lines 112--113
[]\TU/lmr/m/n/10 8011.000000| 
 []


Overfull \hbox (11.655pt too wide) in paragraph at lines 114--114
[]\TU/lmr/m/n/10 38.090437| 
 []


Overfull \hbox (11.655pt too wide) in paragraph at lines 114--114
[]\TU/lmr/m/n/10 38.671210| 
 []


Overfull \hbox (6.655pt too wide) in paragraph at lines 114--114
[]\TU/lmr/m/n/10 5.566892| 
 []


Overfull \hbox (6.655pt too wide) in paragraph at lines 114--114
[]\TU/lmr/m/n/10 0.418729| 
 []


Overfull \hbox (6.655pt too wide) in paragraph at lines 114--114
[]\TU/lmr/m/n/10 3.267521| 
 []


Overfull \hbox (11.655pt too wide) in paragraph at lines 114--114
[]\TU/lmr/m/n/10 13.985211| 
 []


Overfull \hbox (16.655pt too wide) in paragraph at lines 114--115
[]\TU/lmr/m/n/10 100.000000| 
 []


Overfull \hbox (11.655pt too wide) in paragraph at lines 116--116
[]\TU/lmr/m/n/10 26.434934| 
 []


Overfull \hbox (11.655pt too wide) in paragraph at lines 116--116
[]\TU/lmr/m/n/10 25.957581| 
 []


Overfull \hbox (6.655pt too wide) in paragraph at lines 116--116
[]\TU/lmr/m/n/10 8.575135| 
 []


Overfull \hbox (6.655pt too wide) in paragraph at lines 116--116
[]\TU/lmr/m/n/10 2.225242| 
 []


Overfull \hbox (6.655pt too wide) in paragraph at lines 116--116
[]\TU/lmr/m/n/10 2.445139| 
 []


Overfull \hbox (11.655pt too wide) in paragraph at lines 116--116
[]\TU/lmr/m/n/10 15.655214| 
 []


Overfull \hbox (6.655pt too wide) in paragraph at lines 116--117
[]\TU/lmr/m/n/10 0.000069| 
 []


Overfull \hbox (6.655pt too wide) in paragraph at lines 118--118
[]\TU/lmr/m/n/10 0.000000| 
 []


Overfull \hbox (6.655pt too wide) in paragraph at lines 118--118
[]\TU/lmr/m/n/10 0.000000| 
 []


Overfull \hbox (6.655pt too wide) in paragraph at lines 118--118
[]\TU/lmr/m/n/10 0.000000| 
 []


Overfull \hbox (6.655pt too wide) in paragraph at lines 118--118
[]\TU/lmr/m/n/10 0.000000| 
 []


Overfull \hbox (6.655pt too wide) in paragraph at lines 118--118
[]\TU/lmr/m/n/10 0.000000| 
 []


Overfull \hbox (6.655pt too wide) in paragraph at lines 118--118
[]\TU/lmr/m/n/10 0.000000| 
 []


Overfull \hbox (11.655pt too wide) in paragraph at lines 118--119
[]\TU/lmr/m/n/10 99.999800| 
 []


Overfull \hbox (11.655pt too wide) in paragraph at lines 120--120
[]\TU/lmr/m/n/10 15.671250| 
 []


Overfull \hbox (11.655pt too wide) in paragraph at lines 120--120
[]\TU/lmr/m/n/10 14.726950| 
 []


Overfull \hbox (6.655pt too wide) in paragraph at lines 120--120
[]\TU/lmr/m/n/10 0.835100| 
 []


Overfull \hbox (6.655pt too wide) in paragraph at lines 120--120
[]\TU/lmr/m/n/10 0.000000| 
 []


Overfull \hbox (6.655pt too wide) in paragraph at lines 120--120
[]\TU/lmr/m/n/10 1.393800| 
 []


Overfull \hbox (6.655pt too wide) in paragraph at lines 120--120
[]\TU/lmr/m/n/10 3.234700| 
 []


Overfull \hbox (16.655pt too wide) in paragraph at lines 120--121
[]\TU/lmr/m/n/10 100.000000| 
 []


Overfull \hbox (11.655pt too wide) in paragraph at lines 122--122
[]\TU/lmr/m/n/10 30.939400| 
 []


Overfull \hbox (11.655pt too wide) in paragraph at lines 122--122
[]\TU/lmr/m/n/10 37.246200| 
 []


Overfull \hbox (6.655pt too wide) in paragraph at lines 122--122
[]\TU/lmr/m/n/10 2.565900| 
 []


Overfull \hbox (6.655pt too wide) in paragraph at lines 122--122
[]\TU/lmr/m/n/10 0.000000| 
 []


Overfull \hbox (6.655pt too wide) in paragraph at lines 122--122
[]\TU/lmr/m/n/10 2.846400| 
 []


Overfull \hbox (6.655pt too wide) in paragraph at lines 122--122
[]\TU/lmr/m/n/10 8.429500| 
 []


Overfull \hbox (16.655pt too wide) in paragraph at lines 122--123
[]\TU/lmr/m/n/10 100.000000| 
 []


Overfull \hbox (11.655pt too wide) in paragraph at lines 124--124
[]\TU/lmr/m/n/10 58.169800| 
 []


Overfull \hbox (11.655pt too wide) in paragraph at lines 124--124
[]\TU/lmr/m/n/10 60.991000| 
 []


Overfull \hbox (6.655pt too wide) in paragraph at lines 124--124
[]\TU/lmr/m/n/10 6.648450| 
 []


Overfull \hbox (6.655pt too wide) in paragraph at lines 124--124
[]\TU/lmr/m/n/10 0.360400| 
 []


Overfull \hbox (6.655pt too wide) in paragraph at lines 124--124
[]\TU/lmr/m/n/10 4.703750| 
 []


Overfull \hbox (11.655pt too wide) in paragraph at lines 124--124
[]\TU/lmr/m/n/10 18.505750| 
 []


Overfull \hbox (16.655pt too wide) in paragraph at lines 124--125
[]\TU/lmr/m/n/10 100.000000| 
 []


Overfull \hbox (16.655pt too wide) in paragraph at lines 126--126
[]\TU/lmr/m/n/10 100.000000| 
 []


Overfull \hbox (16.655pt too wide) in paragraph at lines 126--126
[]\TU/lmr/m/n/10 100.000000| 
 []


Overfull \hbox (11.655pt too wide) in paragraph at lines 126--126
[]\TU/lmr/m/n/10 84.708200| 
 []


Overfull \hbox (16.655pt too wide) in paragraph at lines 126--126
[]\TU/lmr/m/n/10 100.000000| 
 []


Overfull \hbox (11.655pt too wide) in paragraph at lines 126--126
[]\TU/lmr/m/n/10 17.065300| 
 []


Overfull \hbox (11.655pt too wide) in paragraph at lines 126--126
[]\TU/lmr/m/n/10 94.549900| 
 []


Overfull \hbox (16.655pt too wide) in paragraph at lines 126--127
[]\TU/lmr/m/n/10 100.000200| 
 []

File: files/reported_fig1-790cd40c874b0e30fbb25b4aa290536b.png Graphic file (ty
pe bmp)
<files/reported_fig1-790cd40c874b0e30fbb25b4aa290536b.png>
[3]
Overfull \hbox (12.0pt too wide) in paragraph at lines 154--154
[]\TU/lmtt/m/n/10 median = df.groupby('major_race')['CIscoreP'].median().sort_v
alues()[] 
 []


Overfull \hbox (295.5pt too wide) in paragraph at lines 154--154
[]\TU/lmtt/m/n/10 sns.boxplot(data= df, x='major_race', y='CIscoreP', order= me
dian_order, palette="Set1", hue = 'major_race', legend=False)[] 
 []


Overfull \hbox (59.25pt too wide) in paragraph at lines 154--154
[]\TU/lmtt/m/n/10 plt.title('CalEnviroScreen 4.0 Percentile Scores by Majority 
Race/Ethnicity')[] 
 []


Overfull \hbox (111.75pt too wide) in paragraph at lines 154--154
[]    \TU/lmtt/m/n/10 plt.text(tick, median_value+2, f'{median_value:.1f}', hor
izontalalignment='center')[] 
 []


Overfull \hbox (216.75pt too wide) in paragraph at lines 154--154
[]\TU/lmtt/m/n/10 plt.savefig("../visualizations/descriptive_charts/fig1_majori
tyrace_BaW.png", dpi=300, bbox_inches="tight")[] 
 []


Overfull \hbox (909.75pt too wide) in paragraph at lines 159--159
[]\TU/lmtt/m/n/10 /var/folders/0k/jn4h9ptx7_500msv80bg_rcm0000gn/T/ipykernel_98
04/928823105.py:1: FutureWarning: The behavior of DataFrame.idxmax with all -NA
 values, or any -NA and skipna=False, is deprecated. In a future version this w
ill raise ValueError[] 
 []

File: files/15e720d8e979dd898ccb73cdff7f51ec.png Graphic file (type bmp)
<files/15e720d8e979dd898ccb73cdff7f51ec.png>

Underfull \hbox (badness 10000) in paragraph at lines 177--180

 []

[4]
File: files/reported_fig2-2742ba030148bf2a554ed00c076dd4c3.png Graphic file (ty
pe bmp)
<files/reported_fig2-2742ba030148bf2a554ed00c076dd4c3.png>

Overfull \hbox (33.0pt too wide) in paragraph at lines 206--206
[]\TU/lmtt/m/n/10 ax[0].pie(bottom_sizes, labels=labels, autopct='%1.1f%%', sta
rtangle=90)[] 
 []


Overfull \hbox (17.25pt too wide) in paragraph at lines 206--206
[]\TU/lmtt/m/n/10 ax[1].pie(top_sizes, labels=labels, autopct='%1.1f%%', starta
ngle=90)[] 
 []


Overfull \hbox (227.25pt too wide) in paragraph at lines 206--206
[]\TU/lmtt/m/n/10 plt.savefig("../visualizations/descriptive_charts/fig2_topbot
tom_piechart.png", dpi=300, bbox_inches="tight")[] 
 []

File: files/6c82811389e4a56de6dae3b6a62ea03f.png Graphic file (type bmp)
<files/6c82811389e4a56de6dae3b6a62ea03f.png>
[5]
File: files/reported_fig3-b6283b14e3d92863a4bfc5e6b1e2e9c8.png Graphic file (ty
pe bmp)
<files/reported_fig3-b6283b14e3d92863a4bfc5e6b1e2e9c8.png>

Overfull \hbox (75.0pt too wide) in paragraph at lines 233--233
[]\TU/lmtt/m/n/10 plot_order = ['White', 'Hispanic', 'AAPI', 'AfricanAm', 'Othe
rMult', 'NativeAm'][] 
 []


Overfull \hbox (38.25pt too wide) in paragraph at lines 233--233
[]\TU/lmtt/m/n/10 ax.set_ylabel('CalEnviroScreen 4.0 Decile \n< - Increasing Di
sadvantage')[] 
 []


Overfull \hbox (22.5pt too wide) in paragraph at lines 233--233
[]\TU/lmtt/m/n/10 ax.legend(loc='lower center', bbox_to_anchor = (0.5, -0.15), 
ncol = 6)[] 
 []


Overfull \hbox (22.5pt too wide) in paragraph at lines 233--233
[]\TU/lmtt/m/n/10 plt.title('Racial Makeup of Each Decile of CalEnviroScreen 4.
0 Score')[] 
 []

[6]
Overfull \hbox (285.0pt too wide) in paragraph at lines 233--233
[]\TU/lmtt/m/n/10 plt.savefig("../visualizations/descriptive_charts/fig3_racial
makeupbydecile_barchart.png", dpi=300, bbox_inches="tight")[] 
 []

File: files/6ca1af780efa2d488f342f1ad3b4778a.png Graphic file (type bmp)
<files/6ca1af780efa2d488f342f1ad3b4778a.png>
File: files/reported_fig4-5ab746d5223a9ba32f6d9d3289b575d4.png Graphic file (ty
pe bmp)
<files/reported_fig4-5ab746d5223a9ba32f6d9d3289b575d4.png>
[7]
Overfull \hbox (38.25pt too wide) in paragraph at lines 275--275
[]\TU/lmtt/m/n/10 top_ratio = (top_counts / total_counts).sort_values(ascending
=True) * 100[] 
 []


Overfull \hbox (117.0pt too wide) in paragraph at lines 275--275
[]\TU/lmtt/m/n/10 plt.barh(top_ratio.index, top_ratio.values, height=0.5, color
=sns.color_palette("Set1"))[] 
 []


Overfull \hbox (369.0pt too wide) in paragraph at lines 275--275
[]\TU/lmtt/m/n/10 plt.title("Percent of Each Racial/Ethnic Group's Most \n Prev
alent Census Tracts That are in the Highest \n 10% of Scoring Communities")[] 
 []


Overfull \hbox (258.75pt too wide) in paragraph at lines 275--275
[]\TU/lmtt/m/n/10 plt.savefig("../visualizations/descriptive_charts/fig4_top10p
erctracts_barchart.png", dpi=300, bbox_inches="tight")[] 
 []

File: files/59fd9abfdd533dca797065b5e5c0b4b2.png Graphic file (type bmp)
<files/59fd9abfdd533dca797065b5e5c0b4b2.png>
[8]
Overfull \hbox (101.25pt too wide) in paragraph at lines 294--294
[]        \TU/lmtt/m/n/10 selected = race_corr[abs(race_corr) > threshold].sort
_values(ascending=False)[] 
 []


Overfull \hbox (10.75314pt too wide) in paragraph at lines 299--299
[]\TU/lmr/m/n/10 AfricanAm| 
 []


Overfull \hbox (7.10315pt too wide) in paragraph at lines 299--299
[]\TU/lmr/m/n/10 NativeAm| 
 []


Overfull \hbox (9.65315pt too wide) in paragraph at lines 299--299
[]\TU/lmr/m/n/10 OtherMult| 
 []


Overfull \hbox (0.73315pt too wide) in paragraph at lines 301--301
[]\TU/lmr/m/n/10 EducatP| 
 []


Underfull \hbox (badness 10000) in paragraph at lines 301--301
[]\TU/lmr/m/n/10 -
 []


Overfull \hbox (2.04315pt too wide) in paragraph at lines 303--303
[]\TU/lmr/m/n/10 CIscoreP| 
 []


Underfull \hbox (badness 10000) in paragraph at lines 303--303
[]\TU/lmr/m/n/10 -
 []


Underfull \hbox (badness 10000) in paragraph at lines 305--305
[]\TU/lmr/m/n/10 -
 []


Overfull \hbox (8.26315pt too wide) in paragraph at lines 307--307
[]\TU/lmr/m/n/10 PopCharP| 
 []


Underfull \hbox (badness 10000) in paragraph at lines 307--307
[]\TU/lmr/m/n/10 -
 []


Overfull \hbox (2.97314pt too wide) in paragraph at lines 309--309
[]\TU/lmr/m/n/10 PovertyP| 
 []


Overfull \hbox (11.89314pt too wide) in paragraph at lines 311--311
[]\TU/lmr/m/n/10 Ling_IsolP| 
 []


Underfull \hbox (badness 10000) in paragraph at lines 311--311
[]\TU/lmr/m/n/10 -
 []


Overfull \hbox (0.35797pt too wide) in paragraph at lines 296--315
[] 
 []

[9]
Overfull \hbox (33.0pt too wide) in paragraph at lines 343--343
[]\TU/lmtt/m/n/10 ax[0].pie(bottom_sizes, labels=labels, autopct='%1.1f%%', sta
rtangle=90)[] 
 []


Overfull \hbox (17.25pt too wide) in paragraph at lines 343--343
[]\TU/lmtt/m/n/10 ax[1].pie(top_sizes, labels=labels, autopct='%1.1f%%', starta
ngle=90)[] 
 []


Overfull \hbox (269.25pt too wide) in paragraph at lines 343--343
[]\TU/lmtt/m/n/10 plt.savefig("../visualizations/descriptive_charts/fig5_topbot
tom_educatP_piechart.png", dpi=300, bbox_inches="tight")[] 
 []

File: files/f4408f29a54f14f60eebbbb10878e0e6.png Graphic file (type bmp)
<files/f4408f29a54f14f60eebbbb10878e0e6.png>
[10] (./chart_descriptive_analysis.aux)
Package rerunfilecheck Info: File `chart_descriptive_analysis.out' has not chan
ged.
(rerunfilecheck)             Checksum: D41D8CD98F00B204E9800998ECF8427E;0.
 ) 
Here is how much of TeX's memory you used:
 9836 strings out of 478151
 159099 string characters out of 5852999
 484854 words of memory out of 5000000
 30311 multiletter control sequences out of 15000+600000
 472403 words of font info for 44 fonts, out of 8000000 for 9000
 14 hyphenation exceptions out of 8191
 70i,8n,76p,1029b,464s stack positions out of 5000i,500n,10000p,200000b,80000s

Output written on chart_descriptive_analysis.xdv (10 pages, 132944 bytes).
